D/STATUSBAR-StatusBarManagerService(  829): sendNotification(2) - 17041272
D/SViewCoverView( 1799): BroadcastReceiver onReceive() : action : com.android.server.NotificationManagerService.NotificationArrived
D/UserManagerService(  829): User -1does not exists!!
E/PersonaManagerService(  829): returning null in  getPersonasForUser
D/STATUSBAR-NetworkController( 1214): onDataActivity: direction=2
D/STATUSBAR-NetworkController( 1214): refreshSignalCluster - setNWBoosterIndicators(false)
D/STATUSBAR-NetworkController( 1214): refreshSignalCluster: data=2 bt=false
D/SSRMv2:SIOP(  829): SIOP:: AP = 450 (0), Delta = 10
W/ContextImpl( 1604): Calling a method in the system process without a qualified user: android.app.ContextImpl.sendBroadcast:1513 android.content.ContextWrapper.sendBroadcast:377 com.diotek.ime.framework.common.InputManagerImpl.sendInputLanguage:9766 com.diotek.ime.framework.common.InputManagerImpl.initDefaultLanguage:5147 com.diotek.ime.framework.common.InputManagerImpl.initSelectedLanguage:5388 
W/ContextImpl( 1604): Calling a method in the system process without a qualified user: android.app.ContextImpl.sendBroadcast:1513 android.content.ContextWrapper.sendBroadcast:377 com.diotek.ime.framework.common.InputManagerImpl.sendInputLanguage:9766 com.diotek.ime.framework.common.InputManagerImpl.setLanguage:5716 com.diotek.ime.framework.common.InputManagerImpl.startInputViewContinue:3562 
W/ContextImpl( 1604): Calling a method in the system process without a qualified user: android.app.ContextImpl.sendBroadcast:1513 android.content.ContextWrapper.sendBroadcast:377 com.diotek.ime.framework.common.InputManagerImpl.sendBroadcaseSIPShown:9576 com.diotek.ime.framework.common.InputManagerImpl.startInputView:3368 com.sec.android.inputmethod.SamsungKeypad.onStartInputView:335 
W/ContextImpl( 1604): Calling a method in the system process without a qualified user: android.app.ContextImpl.sendBroadcast:1513 android.content.ContextWrapper.sendBroadcast:377 android.inputmethodservice.InputMethodService.sendInputViewShownState:408 android.inputmethodservice.InputMethodService.showWindow:1845 android.inputmethodservice.InputMethodService$InputMethodImpl.showSoftInput:559 
D/SSRMv2:TSP:AirViewOnOff(  829): SettingsAirViewInfo:: 000000000
W/ContextImpl(  829): Calling a method in the system process without a qualified user: android.app.ContextImpl.sendBroadcast:1527 com.android.server.StatusBarManagerService.sendNotification:987 com.android.server.StatusBarManagerService.updateNotification:696 com.android.server.NotificationManagerService$7.run:2178 android.os.Handler.handleCallback:733 
D/STATUSBAR-StatusBarManagerService(  829): sendNotification(2) - 17041272
D/SViewCoverView( 1799): BroadcastReceiver onReceive() : action : com.android.server.NotificationManagerService.NotificationArrived
D/UserManagerService(  829): User -1does not exists!!
E/PersonaManagerService(  829): returning null in  getPersonasForUser
W/ContextImpl(  829): Calling a method in the system process without a qualified user: android.app.ContextImpl.sendBroadcast:1527 com.android.server.StatusBarManagerService.sendNotification:987 com.android.server.StatusBarManagerService.removeNotification:712 com.android.server.NotificationManagerService.cancelNotificationLocked:2499 com.android.server.NotificationManagerService.access$5200:161 
D/STATUSBAR-StatusBarManagerService(  829): sendNotification(3) - 17041272
D/NotificationService(  829):  Sending broadcast for cancel notification = StatusBarNotification(pkg=android user=UserHandle{-1} id=17041272 tag=null score=0: Notification(pri=0 icon=10804ec contentView=android/0x1090083 vibrate=null sound=null defaults=0x0 flags=0x1002 when=0 ledARGB=0x0 contentIntent=Y deleteIntent=N contentTitle=19 contentText=16 originalPackageName=N originalUserId=0 tickerText=N kind=[android.system.imeswitcher]))
W/ContextImpl( 1604): Calling a method in the system process without a qualified user: android.app.ContextImpl.sendBroadcast:1513 android.content.ContextWrapper.sendBroadcast:377 android.inputmethodservice.InputMethodService.sendInputViewShownState:408 android.inputmethodservice.InputMethodService.hideWindow:1985 android.inputmethodservice.InputMethodService.doHideWindow:1963 
W/ContextImpl(  829): Calling a method in the system process without a qualified user: android.app.ContextImpl.sendBroadcast:1513 com.android.server.NotificationManagerService.cancelNotificationLocked:2577 com.android.server.NotificationManagerService.access$5200:161 com.android.server.NotificationManagerService$8.run:2630 android.os.Handler.handleCallback:733 
D/LightsService(  829): [api] [SvcLED] turnOff:: id = 4 (uid: 1000 pid: 829) 
D/LightsService(  829): [SvcLED] setSvcLedStateLocked:: SvcLEDState : 0x0 -> 0x0 | SvcLED(id=4) set Off
D/LightsService(  829): [SvcLED] Lux failed to be updated in 700ms. -> handleForcedSvcLEDTasK
D/LightsService(  829): [SvcLED]  setSvcLedLightLocked :: Current SvcLED(id=3) maintains its priority right
D/SSRMv2:TSP:AirViewOnOff(  829): SettingsAirViewInfo:: 000000000
D/STATUSBAR-IconMerger( 1214): checkOverflow(648), More:false, Req:false Child:1
D/UserManagerService(  829): User -1does not exists!!
D/STATUSBAR-NetworkController( 1214): onSignalStrengthsChanged signalStrength=SignalStrength: 99 -1 -1 -1 -1 -1 -1 18 -115 2147483647 -2 -1 2147483647 gsm|lte 0x2 level=2
D/DisplayPowerController(  829): applyLightSensorMeasurementSEC : mIsLockZone = false
D/STATUSBAR-NetworkController( 1214): onDataActivity: direction=3
D/STATUSBAR-NetworkController( 1214): refreshSignalCluster - setNWBoosterIndicators(false)
D/STATUSBAR-NetworkController( 1214): refreshSignalCluster: data=2 bt=false
D/STATUSBAR-NetworkController( 1214): onSignalStrengthsChanged signalStrength=SignalStrength: 99 -1 -1 -1 -1 -1 -1 18 -115 2147483647 -46 -1 2147483647 gsm|lte 0x2 level=2
D/TimaService(  829): TIMA: TimaService scheduler is intialized. 
D/TimaService(  829): TIMA: checkEvent, operation: 50000 subject: 10000
D/TimaService(  829): TimaServiceHandler.handleMessage what =1
D/STATUSBAR-NetworkController( 1214): onSignalStrengthsChanged signalStrength=SignalStrength: 99 -1 -1 -1 -1 -1 -1 19 -114 2147483647 -34 -1 2147483647 gsm|lte 0x3 level=3
D/STATUSBAR-NetworkController( 1214): refreshSignalCluster - setNWBoosterIndicators(false)
D/STATUSBAR-NetworkController( 1214): refreshSignalCluster: data=2 bt=false
D/STATUSBAR-IconMerger( 1214): checkOverflow(648), More:false, Req:false Child:1
D/STATUSBAR-NetworkController( 1214): onSignalStrengthsChanged signalStrength=SignalStrength: 99 -1 -1 -1 -1 -1 -1 19 -114 2147483647 -34 -1 2147483647 gsm|lte 0x3 level=3
D/TimaService(  829): TIMA MEASUREMENT Result: TIMA_STATUS=0;MSG=Kernel Verification Success;
D/TimaService(  829): TIMA MEASUREMENT success status: TIMA_STATUS=0;MSG=Kernel Verification Success;
D/DisplayPowerController(  829): applyLightSensorMeasurementSEC : mIsLockZone = true
D/DisplayPowerController(  829): applyLightSensorMeasurementSEC : mIsLockZone = false
D/STATUSBAR-NetworkController( 1214): onDataActivity: direction=0
D/STATUSBAR-NetworkController( 1214): refreshSignalCluster - setNWBoosterIndicators(false)
D/STATUSBAR-NetworkController( 1214): refreshSignalCluster: data=2 bt=false
D/STATUSBAR-NetworkController( 1214): onSignalStrengthsChanged signalStrength=SignalStrength: 99 -1 -1 -1 -1 -1 -1 19 -113 2147483647 0 -1 2147483647 gsm|lte 0x3 level=3
V/AlarmManager(  829): waitForAlarm result :4
V/AlarmManager(  829): trigger ELAPSED_REALTIME_WAKEUP or RTC_WAKEUP
V/AlarmManager(  829): waitForAlarm result :4
V/AlarmManager(  829): trigger ELAPSED_REALTIME_WAKEUP or RTC_WAKEUP
D/STATUSBAR-NetworkController( 1214): onDataActivity: direction=3
D/STATUSBAR-NetworkController( 1214): refreshSignalCluster - setNWBoosterIndicators(false)
D/STATUSBAR-NetworkController( 1214): refreshSignalCluster: data=2 bt=false
D/DisplayPowerController(  829): applyLightSensorMeasurementSEC : mIsLockZone = true
D/DisplayPowerController(  829): applyLightSensorMeasurementSEC : mIsLockZone = false
D/STATUSBAR-NetworkController( 1214): onDataActivity: direction=0
D/STATUSBAR-NetworkController( 1214): refreshSignalCluster - setNWBoosterIndicators(false)
D/STATUSBAR-NetworkController( 1214): refreshSignalCluster: data=2 bt=false
D/DisplayPowerController(  829): applyLightSensorMeasurementSEC : mIsLockZone = true
D/DisplayPowerController(  829): applyLightSensorMeasurementSEC : mIsLockZone = false
D/BatteryService(  829): level:86, scale:100, status:3, health:2, present:true, voltage: 4056, temperature: 338, technology: Li-ion, AC powered:false, USB powered:false, Wireless powered:false, icon:17303613, invalid charger:0, online:1, current avg:460, charge type:0, power sharing:false, high voltage charger:false
D/BatteryService(  829): Sending ACTION_BATTERY_CHANGED.
D/STATUSBAR-PhoneStatusBar( 1214):  mBrightnessEnablebySettings = true mBrightnessEnablebyBattery = true mBrightnessEnablebyDisableFlag = true mPmsBrightnessEnablebySettings = true
D/BatteryMeterView( 1214): ACTION_BATTERY_CHANGED : level:86 status:3 health:2
D/SViewCoverView( 1799): BroadcastReceiver onReceive() : action : android.intent.action.BATTERY_CHANGED
D/SViewCoverView( 1799): level :86 plugged : 0
D/UiModeManager(  829): mCoverManager.getCoverState() : true
D/BatteryMeterView( 1214): onDraw batteryColor : -1
D/DisplayPowerController(  829): applyLightSensorMeasurementSEC : mIsLockZone = true
D/DisplayPowerController(  829): applyLightSensorMeasurementSEC : mIsLockZone = false
D/DisplayPowerController(  829): applyLightSensorMeasurementSEC : mIsLockZone = true
D/DisplayPowerController(  829): applyLightSensorMeasurementSEC : mIsLockZone = false
D/STATUSBAR-NetworkController( 1214): onSignalStrengthsChanged signalStrength=SignalStrength: 99 -1 -1 -1 -1 -1 -1 19 -112 2147483647 -2 -1 2147483647 gsm|lte 0x3 level=3
D/SSRMv2:SIOP(  829): SIOP:: AP = 440 (0), Delta = -10
D/STATUSBAR-NetworkController( 1214): onSignalStrengthsChanged signalStrength=SignalStrength: 99 -1 -1 -1 -1 -1 -1 19 -111 2147483647 0 -1 2147483647 gsm|lte 0x3 level=3
D/DisplayPowerController(  829): applyLightSensorMeasurementSEC : mIsLockZone = true
D/CustomFrequencyManagerService(  829): acquireDVFSLockLocked : type : DVFS_MIN_LIMIT  frequency : 1350000  uid : 1000  pid : 829  pkgName : ACTIVITY_RESUME_BOOSTER@6
W/ActivityManager(  829): mDVFSHelper.acquire()
V/SmartFaceService - 3rd party pause(  829): onReceive [android.intent.action.ACTIVITY_STATE/com.google.android.googlequicksearchbox/pause]
D/DisplayPowerController(  829): applyLightSensorMeasurementSEC : mIsLockZone = false
D/PowerManagerService(  829): setKeyboardVisibility: false
D/SSRMv2:TSP:AirViewOnOff(  829): SettingsAirViewInfo:: 000000000
V/SmartFaceService - 3rd party pause(  829): onReceive [android.intent.action.ACTIVITY_STATE/com.android.chrome/create]
W/BroadcastQueue(  829): Permission Denial: receiving Intent { act=diagandroid.app.ApplicationState flg=0x10 (has extras) } to com.tmobile.pr.mytmobile/.issueassist.oem.receiver.OemIntentReceiver requires diagandroid.app.receiveDetailedApplicationState due to sender android (uid 1000)
W/BroadcastQueue(  829): Permission Denial: receiving Intent { act=diagandroid.app.ApplicationState flg=0x10 (has extras) } to com.tmobile.pr.mytmobile/.issueassist.oem.receiver.OemIntentReceiver requires diagandroid.app.receiveDetailedApplicationState due to sender android (uid 1000)
D/CustomFrequencyManagerService(  829): releaseDVFSLockLocked : Getting Lock type frm List : DVFS_MIN_LIMIT  frequency : 1350000  uid : 1000  pid : 829  tag : ACTIVITY_RESUME_BOOSTER@6
D/CustomFrequencyManagerService(  829): acquireDVFSLockLocked : type : DVFS_MIN_LIMIT  frequency : 1350000  uid : 1000  pid : 829  pkgName : ACTIVITY_RESUME_BOOSTER@6
W/ActivityManager(  829): mDVFSHelper.acquire()
D/STATUSBAR-StatusBarManagerService(  829): manageDisableList what=0x0 pkg=WindowManager.LayoutParams
V/SmartFaceService - 3rd party pause(  829): onReceive [android.intent.action.ACTIVITY_STATE/com.android.chrome/pause]
W/ContextImpl(  829): Calling a method in the system process without a qualified user: android.app.ContextImpl.sendBroadcast:1513 com.android.server.InputMethodManagerService$4.run:2773 java.lang.Thread.run:841 <bottom of call stack> <bottom of call stack> 
D/PowerManagerService(  829): setKeyboardVisibility: false
V/SmartFaceService - 3rd party pause(  829): onReceive [android.intent.action.ACTIVITY_STATE/com.android.chrome/resume]
W/ContextImpl(  829): Calling a method in the system process without a qualified user: android.app.ContextImpl.sendBroadcast:1513 com.android.server.InputMethodManagerService$4.run:2773 java.lang.Thread.run:841 <bottom of call stack> <bottom of call stack> 
W/ContextImpl(  829): Calling a method in the system process without a qualified user: android.app.ContextImpl.sendBroadcast:1513 com.android.server.InputMethodManagerService$4.run:2773 java.lang.Thread.run:841 <bottom of call stack> <bottom of call stack> 
D/StatusBarManagerService(  829): semi p:20055,o:f
D/DisplayPowerController(  829): applyLightSensorMeasurementSEC : mIsLockZone = true
D/STATUSBAR-NetworkController( 1214): onDataActivity: direction=3
D/STATUSBAR-NetworkController( 1214): refreshSignalCluster - setNWBoosterIndicators(false)
D/STATUSBAR-NetworkController( 1214): refreshSignalCluster: data=2 bt=false
D/CustomFrequencyManagerService(  829): releaseDVFSLockLocked : Getting Lock type frm List : DVFS_MIN_LIMIT  frequency : 1350000  uid : 1000  pid : 829  tag : ACTIVITY_RESUME_BOOSTER@6
W/ActivityManager(  829): mDVFSHelper.release()
D/CustomFrequencyManagerService(  829): acquireDVFSLockLocked : type : DVFS_MIN_LIMIT  frequency : 1350000  uid : 1000  pid : 829  pkgName : ACTIVITY_RESUME_BOOSTER@10
D/DisplayPowerController(  829): applyLightSensorMeasurementSEC : mIsLockZone = false
D/CustomFrequencyManagerService(  829): releaseDVFSLockLocked : Getting Lock type frm List : DVFS_MIN_LIMIT  frequency : 1350000  uid : 1000  pid : 829  tag : ACTIVITY_RESUME_BOOSTER@10
D/STATUSBAR-NetworkController( 1214): onSignalStrengthsChanged signalStrength=SignalStrength: 99 -1 -1 -1 -1 -1 -1 19 -111 2147483647 -16 -1 2147483647 gsm|lte 0x3 level=3
D/STATUSBAR-NetworkController( 1214): onDataActivity: direction=1
D/STATUSBAR-NetworkController( 1214): refreshSignalCluster - setNWBoosterIndicators(false)
D/STATUSBAR-NetworkController( 1214): refreshSignalCluster: data=2 bt=false
D/STATUSBAR-NetworkController( 1214): onDataActivity: direction=3
D/STATUSBAR-NetworkController( 1214): refreshSignalCluster - setNWBoosterIndicators(false)
D/STATUSBAR-NetworkController( 1214): refreshSignalCluster: data=2 bt=false
E/Watchdog(  829): !@Sync 110
V/AlarmManager(  829): waitForAlarm result :4
V/AlarmManager(  829): trigger ELAPSED_REALTIME_WAKEUP or RTC_WAKEUP
D/STATUSBAR-NetworkController( 1214): onSignalStrengthsChanged signalStrength=SignalStrength: 99 -1 -1 -1 -1 -1 -1 19 -110 2147483647 -32 -1 2147483647 gsm|lte 0x3 level=3
D/STATUSBAR-NetworkController( 1214): onSignalStrengthsChanged signalStrength=SignalStrength: 99 -1 -1 -1 -1 -1 -1 19 -110 2147483647 -42 -1 2147483647 gsm|lte 0x3 level=3
D/STATUSBAR-NetworkController( 1214): onSignalStrengthsChanged signalStrength=SignalStrength: 99 -1 -1 -1 -1 -1 -1 19 -110 2147483647 -8 -1 2147483647 gsm|lte 0x3 level=3
D/SSRMv2:SIOP(  829): SIOP:: AP = 450 (0), Delta = 10
D/DisplayPowerController(  829): applyLightSensorMeasurementSEC : mIsLockZone = true
D/DisplayPowerController(  829): applyLightSensorMeasurementSEC : mIsLockZone = false
D/STATUSBAR-NetworkController( 1214): onDataActivity: direction=0
D/STATUSBAR-NetworkController( 1214): refreshSignalCluster - setNWBoosterIndicators(false)
D/STATUSBAR-NetworkController( 1214): refreshSignalCluster: data=2 bt=false
V/AlarmManager(  829): waitForAlarm result :8
D/STATUSBAR-NetworkController( 1214): onSignalStrengthsChanged signalStrength=SignalStrength: 99 -1 -1 -1 -1 -1 -1 18 -110 2147483647 -4 -1 2147483647 gsm|lte 0x3 level=3
D/STATUSBAR-NetworkController( 1214): onDataActivity: direction=3
D/STATUSBAR-NetworkController( 1214): refreshSignalCluster - setNWBoosterIndicators(false)
D/STATUSBAR-NetworkController( 1214): refreshSignalCluster: data=2 bt=false
D/STATUSBAR-NetworkController( 1214): onSignalStrengthsChanged signalStrength=SignalStrength: 99 -1 -1 -1 -1 -1 -1 19 -110 -15 -36 -1 2147483647 gsm|lte 0x3 level=3
D/STATUSBAR-NetworkController( 1214): onDataActivity: direction=0
D/STATUSBAR-NetworkController( 1214): refreshSignalCluster - setNWBoosterIndicators(false)
D/STATUSBAR-NetworkController( 1214): refreshSignalCluster: data=2 bt=false
V/AlarmManager(  829): waitForAlarm result :4
V/AlarmManager(  829): trigger ELAPSED_REALTIME_WAKEUP or RTC_WAKEUP
D/DisplayPowerController(  829): applyLightSensorMeasurementSEC : mIsLockZone = true
V/AlarmManager(  829): waitForAlarm result :8
D/KeyguardClockWidgetService( 1758): onReceive action=android.intent.action.TIME_TICK
V/AlarmManager(  829): ClockReceiver onReceive() ACTION_TIME_TICK
D/STATUSBAR-IconMerger( 1214): checkOverflow(648), More:false, Req:false Child:1
D/SViewCoverWidget( 1799): initClock() : TimeZone =libcore.util.ZoneInfo[id="America/Chicago",mRawOffset=-21600000,mEarliestRawOffset=-21600000,mUseDst=true,mDstSavings=3600000,transitions=235]
D/STATUSBAR-NetworkController( 1214): onDataActivity: direction=3
D/STATUSBAR-NetworkController( 1214): refreshSignalCluster - setNWBoosterIndicators(false)
D/STATUSBAR-NetworkController( 1214): refreshSignalCluster: data=2 bt=false
D/STATUSBAR-NetworkController( 1214): onDataActivity: direction=0
D/STATUSBAR-NetworkController( 1214): refreshSignalCluster - setNWBoosterIndicators(false)
D/STATUSBAR-NetworkController( 1214): refreshSignalCluster: data=2 bt=false
D/PowerManagerService(  829): [api] userActivityFromNative : 20 (event: 2 flags: 0) eventTime = 3338637
D/STATUSBAR-NetworkController( 1214): onSignalStrengthsChanged signalStrength=SignalStrength: 99 -1 -1 -1 -1 -1 -1 19 -110 -15 0 -1 2147483647 gsm|lte 0x3 level=3
D/DisplayPowerController(  829): applyLightSensorMeasurementSEC : mIsLockZone = false
D/STATUSBAR-NetworkController( 1214): onDataActivity: direction=3
D/STATUSBAR-NetworkController( 1214): refreshSignalCluster - setNWBoosterIndicators(false)
D/STATUSBAR-NetworkController( 1214): refreshSignalCluster: data=2 bt=false
D/DisplayPowerController(  829): applyLightSensorMeasurementSEC : mIsLockZone = true
D/DisplayPowerController(  829): applyLightSensorMeasurementSEC : mIsLockZone = false
D/STATUSBAR-NetworkController( 1214): onSignalStrengthsChanged signalStrength=SignalStrength: 99 -1 -1 -1 -1 -1 -1 19 -110 -15 -30 -1 2147483647 gsm|lte 0x3 level=3
D/DisplayPowerController(  829): applyLightSensorMeasurementSEC : mIsLockZone = true
D/DisplayPowerController(  829): applyLightSensorMeasurementSEC : mIsLockZone = false
D/SSRMv2:SIOP(  829): SIOP:: AP = 440 (0), Delta = -10
D/DisplayPowerController(  829): applyLightSensorMeasurementSEC : mIsLockZone = true
D/DisplayPowerController(  829): applyLightSensorMeasurementSEC : mIsLockZone = false
D/STATUSBAR-NetworkController( 1214): onSignalStrengthsChanged signalStrength=SignalStrength: 99 -1 -1 -1 -1 -1 -1 19 -110 -15 0 -1 2147483647 gsm|lte 0x3 level=3
D/DisplayPowerController(  829): applyLightSensorMeasurementSEC : mIsLockZone = true
D/DisplayPowerController(  829): applyLightSensorMeasurementSEC : mIsLockZone = false
D/STATUSBAR-NetworkController( 1214): onSignalStrengthsChanged signalStrength=SignalStrength: 99 -1 -1 -1 -1 -1 -1 19 -110 2147483647 -32 -1 2147483647 gsm|lte 0x3 level=3
D/STATUSBAR-NetworkController( 1214): onSignalStrengthsChanged signalStrength=SignalStrength: 99 -1 -1 -1 -1 -1 -1 19 -110 2147483647 0 -1 2147483647 gsm|lte 0x3 level=3
D/STATUSBAR-NetworkController( 1214): onDataActivity: direction=0
D/STATUSBAR-NetworkController( 1214): refreshSignalCluster - setNWBoosterIndicators(false)
D/STATUSBAR-NetworkController( 1214): refreshSignalCluster: data=2 bt=false
D/STATUSBAR-NetworkController( 1214): onDataActivity: direction=3
D/STATUSBAR-NetworkController( 1214): refreshSignalCluster - setNWBoosterIndicators(false)
D/STATUSBAR-NetworkController( 1214): refreshSignalCluster: data=2 bt=false
D/STATUSBAR-NetworkController( 1214): onDataActivity: direction=0
D/STATUSBAR-NetworkController( 1214): refreshSignalCluster - setNWBoosterIndicators(false)
D/STATUSBAR-NetworkController( 1214): refreshSignalCluster: data=2 bt=false
D/STATUSBAR-NetworkController( 1214): onDataActivity: direction=3
D/STATUSBAR-NetworkController( 1214): refreshSignalCluster - setNWBoosterIndicators(false)
D/STATUSBAR-NetworkController( 1214): refreshSignalCluster: data=2 bt=false
D/STATUSBAR-NetworkController( 1214): onDataActivity: direction=0
D/STATUSBAR-NetworkController( 1214): refreshSignalCluster - setNWBoosterIndicators(false)
D/STATUSBAR-NetworkController( 1214): refreshSignalCluster: data=2 bt=false
D/STATUSBAR-NetworkController( 1214): onSignalStrengthsChanged signalStrength=SignalStrength: 99 -1 -1 -1 -1 -1 -1 19 -110 -15 -2 -1 2147483647 gsm|lte 0x3 level=3
V/AlarmManager(  829): waitForAlarm result :4
D/BatteryService(  829): level:86, scale:100, status:3, health:2, present:true, voltage: 4006, temperature: 337, technology: Li-ion, AC powered:false, USB powered:false, Wireless powered:false, icon:17303613, invalid charger:0, online:1, current avg:460, charge type:0, power sharing:false, high voltage charger:false
D/BatteryService(  829): Sending ACTION_BATTERY_CHANGED.
D/UiModeManager(  829): mCoverManager.getCoverState() : true
D/STATUSBAR-PhoneStatusBar( 1214):  mBrightnessEnablebySettings = true mBrightnessEnablebyBattery = true mBrightnessEnablebyDisableFlag = true mPmsBrightnessEnablebySettings = true
D/SViewCoverView( 1799): BroadcastReceiver onReceive() : action : android.intent.action.BATTERY_CHANGED
D/SViewCoverView( 1799): level :86 plugged : 0
V/AlarmManager(  829): trigger ELAPSED_REALTIME_WAKEUP or RTC_WAKEUP
D/BatteryMeterView( 1214): ACTION_BATTERY_CHANGED : level:86 status:3 health:2
V/AlarmManager(  829): trigger ELAPSED_REALTIME_WAKEUP or RTC_WAKEUP
D/STATUSBAR-NetworkController( 1214): onDataActivity: direction=3
D/STATUSBAR-NetworkController( 1214): refreshSignalCluster - setNWBoosterIndicators(false)
D/STATUSBAR-NetworkController( 1214): refreshSignalCluster: data=2 bt=false
D/SSRMv2:SIOP(  829): SIOP:: AP = 440 (0), Delta = 0
D/STATUSBAR-NetworkController( 1214): onDataActivity: direction=0
D/STATUSBAR-NetworkController( 1214): refreshSignalCluster - setNWBoosterIndicators(false)
D/STATUSBAR-NetworkController( 1214): refreshSignalCluster: data=2 bt=false
D/DisplayPowerController(  829): applyLightSensorMeasurementSEC : mIsLockZone = true
E/Watchdog(  829): !@Sync 111
D/DisplayPowerController(  829): applyLightSensorMeasurementSEC : mIsLockZone = false
D/DisplayPowerController(  829): applyLightSensorMeasurementSEC : mIsLockZone = true
D/DisplayPowerController(  829): applyLightSensorMeasurementSEC : mIsLockZone = false
D/DisplayPowerController(  829): applyLightSensorMeasurementSEC : mIsLockZone = true
D/DisplayPowerController(  829): applyLightSensorMeasurementSEC : mIsLockZone = false
D/STATUSBAR-NetworkController( 1214): onSignalStrengthsChanged signalStrength=SignalStrength: 99 -1 -1 -1 -1 -1 -1 19 -110 -15 0 -1 2147483647 gsm|lte 0x3 level=3
D/DisplayPowerController(  829): applyLightSensorMeasurementSEC : mIsLockZone = true
D/DisplayPowerController(  829): applyLightSensorMeasurementSEC : mIsLockZone = false
D/DisplayPowerController(  829): applyLightSensorMeasurementSEC : mIsLockZone = true
D/DisplayPowerController(  829): applyLightSensorMeasurementSEC : mIsLockZone = false
D/STATUSBAR-NetworkController( 1214): onSignalStrengthsChanged signalStrength=SignalStrength: 99 -1 -1 -1 -1 -1 -1 19 -110 -15 -34 -1 2147483647 gsm|lte 0x3 level=3
D/SSRMv2:SIOP(  829): SIOP:: AP = 420 (0), Delta = -20
D/STATUSBAR-NetworkController( 1214): onSignalStrengthsChanged signalStrength=SignalStrength: 99 -1 -1 -1 -1 -1 -1 19 -109 -15 -28 -1 2147483647 gsm|lte 0x4 level=4
D/STATUSBAR-NetworkController( 1214): refreshSignalCluster - setNWBoosterIndicators(false)
D/STATUSBAR-NetworkController( 1214): refreshSignalCluster: data=2 bt=false
D/STATUSBAR-IconMerger( 1214): checkOverflow(648), More:false, Req:false Child:1
D/STATUSBAR-NetworkController( 1214): onSignalStrengthsChanged signalStrength=SignalStrength: 99 -1 -1 -1 -1 -1 -1 19 -110 2147483647 -32 -1 2147483647 gsm|lte 0x3 level=3
D/STATUSBAR-NetworkController( 1214): refreshSignalCluster - setNWBoosterIndicators(false)
D/STATUSBAR-NetworkController( 1214): refreshSignalCluster: data=2 bt=false
D/STATUSBAR-IconMerger( 1214): checkOverflow(648), More:false, Req:false Child:1
D/DisplayPowerController(  829): applyLightSensorMeasurementSEC : mIsLockZone = true
D/DisplayPowerController(  829): applyLightSensorMeasurementSEC : mIsLockZone = false
D/STATUSBAR-NetworkController( 1214): onDataActivity: direction=3
D/STATUSBAR-NetworkController( 1214): refreshSignalCluster - setNWBoosterIndicators(false)
D/STATUSBAR-NetworkController( 1214): refreshSignalCluster: data=2 bt=false
D/DisplayPowerController(  829): applyLightSensorMeasurementSEC : mIsLockZone = true
D/DisplayPowerController(  829): applyLightSensorMeasurementSEC : mIsLockZone = false
D/STATUSBAR-NetworkController( 1214): onSignalStrengthsChanged signalStrength=SignalStrength: 99 -1 -1 -1 -1 -1 -1 18 -110 2147483647 0 -1 2147483647 gsm|lte 0x3 level=3
D/DisplayPowerController(  829): applyLightSensorMeasurementSEC : mIsLockZone = true
D/DisplayPowerController(  829): applyLightSensorMeasurementSEC : mIsLockZone = false
D/STATUSBAR-NetworkController( 1214): onDataActivity: direction=0
D/STATUSBAR-NetworkController( 1214): refreshSignalCluster - setNWBoosterIndicators(false)
D/STATUSBAR-NetworkController( 1214): refreshSignalCluster: data=2 bt=false
D/DisplayPowerController(  829): applyLightSensorMeasurementSEC : mIsLockZone = true
D/DisplayPowerController(  829): applyLightSensorMeasurementSEC : mIsLockZone = false
D/DisplayPowerController(  829): applyLightSensorMeasurementSEC : mIsLockZone = true
D/STATUSBAR-NetworkController( 1214): onSignalStrengthsChanged signalStrength=SignalStrength: 99 -1 -1 -1 -1 -1 -1 19 -110 2147483647 0 -1 2147483647 gsm|lte 0x3 level=3
D/DisplayPowerController(  829): applyLightSensorMeasurementSEC : mIsLockZone = false
D/DisplayPowerController(  829): applyLightSensorMeasurementSEC : mIsLockZone = true
D/STATUSBAR-NetworkController( 1214): onSignalStrengthsChanged signalStrength=SignalStrength: 99 -1 -1 -1 -1 -1 -1 19 -110 2147483647 0 -1 2147483647 gsm|lte 0x3 level=3
D/STATUSBAR-NetworkController( 1214): onSignalStrengthsChanged signalStrength=SignalStrength: 99 -1 -1 -1 -1 -1 -1 19 -110 2147483647 0 -1 2147483647 gsm|lte 0x3 level=3
D/DisplayPowerController(  829): applyLightSensorMeasurementSEC : mIsLockZone = false
D/DisplayPowerController(  829): applyLightSensorMeasurementSEC : mIsLockZone = true
D/SSRMv2:SIOP(  829): SIOP:: AP = 420 (0), Delta = 0
D/DisplayPowerController(  829): applyLightSensorMeasurementSEC : mIsLockZone = false
D/STATUSBAR-NetworkController( 1214): onSignalStrengthsChanged signalStrength=SignalStrength: 99 -1 -1 -1 -1 -1 -1 19 -110 2147483647 -58 -1 2147483647 gsm|lte 0x3 level=3
D/DisplayPowerController(  829): applyLightSensorMeasurementSEC : mIsLockZone = true
D/DisplayPowerController(  829): applyLightSensorMeasurementSEC : mIsLockZone = false
D/STATUSBAR-NetworkController( 1214): onDataActivity: direction=3
D/STATUSBAR-NetworkController( 1214): refreshSignalCluster - setNWBoosterIndicators(false)
D/STATUSBAR-NetworkController( 1214): refreshSignalCluster: data=2 bt=false
D/STATUSBAR-NetworkController( 1214): onDataActivity: direction=0
D/STATUSBAR-NetworkController( 1214): refreshSignalCluster - setNWBoosterIndicators(false)
D/STATUSBAR-NetworkController( 1214): refreshSignalCluster: data=2 bt=false
D/DisplayPowerController(  829): applyLightSensorMeasurementSEC : mIsLockZone = true
D/DisplayPowerController(  829): applyLightSensorMeasurementSEC : mIsLockZone = false
D/DisplayPowerController(  829): applyLightSensorMeasurementSEC : mIsLockZone = true
D/STATUSBAR-NetworkController( 1214): onSignalStrengthsChanged signalStrength=SignalStrength: 99 -1 -1 -1 -1 -1 -1 19 -111 2147483647 0 -1 2147483647 gsm|lte 0x3 level=3
D/DisplayPowerController(  829): applyLightSensorMeasurementSEC : mIsLockZone = false
D/DisplayPowerController(  829): applyLightSensorMeasurementSEC : mIsLockZone = true
D/STATUSBAR-NetworkController( 1214): onSignalStrengthsChanged signalStrength=SignalStrength: 99 -1 -1 -1 -1 -1 -1 19 -111 2147483647 -2 -1 2147483647 gsm|lte 0x3 level=3
D/PowerManagerService(  829): [s] UserActivityState : 1 -> 2
D/DisplayPowerController(  829): animation target = 10 (PSM:false, AB limit:(-1 ~ -1) MB Limit:(-1 ~ -1) MAdj:(0, (0, 255)))
D/PowerManagerService(  829): [s] mDisplayPowerControllerCallbacks : onStateChanged()
D/RampAnimator(  829): Light Animator Finished currentValue=10
D/DisplayPowerController(  829): applyLightSensorMeasurementSEC : mIsLockZone = false
V/AlarmManager(  829): waitForAlarm result :8
D/STATUSBAR-NetworkController( 1214): onSignalStrengthsChanged signalStrength=SignalStrength: 99 -1 -1 -1 -1 -1 -1 15 -112 2147483647 -2 -1 2147483647 gsm|lte 0x3 level=3
D/DisplayPowerController(  829): applyLightSensorMeasurementSEC : mIsLockZone = true
D/DisplayPowerController(  829): applyLightSensorMeasurementSEC : mIsLockZone = false
D/PowerManagerService(  829): [api] userActivityFromNative : 30 (event: 2 flags: 0) eventTime = 3381837
D/PowerManagerService(  829): [s] UserActivityState : 2 -> 1
D/DisplayPowerController(  829): animation target = 20 (PSM:false, AB limit:(-1 ~ -1) MB Limit:(-1 ~ -1) MAdj:(0, (0, 255)))
D/PowerManagerService(  829): [s] mDisplayPowerControllerCallbacks : onStateChanged()
D/RampAnimator(  829): Light Animator Finished currentValue=20
D/STATUSBAR-NetworkController( 1214): onSignalStrengthsChanged signalStrength=SignalStrength: 99 -1 -1 -1 -1 -1 -1 15 -112 2147483647 -54 -1 2147483647 gsm|lte 0x3 level=3
D/BatteryService(  829): level:86, scale:100, status:3, health:2, present:true, voltage: 4011, temperature: 338, technology: Li-ion, AC powered:false, USB powered:false, Wireless powered:false, icon:17303613, invalid charger:0, online:1, current avg:460, charge type:0, power sharing:false, high voltage charger:false
D/BatteryService(  829): Sending ACTION_BATTERY_CHANGED.
D/STATUSBAR-PhoneStatusBar( 1214):  mBrightnessEnablebySettings = true mBrightnessEnablebyBattery = true mBrightnessEnablebyDisableFlag = true mPmsBrightnessEnablebySettings = true
D/BatteryMeterView( 1214): ACTION_BATTERY_CHANGED : level:86 status:3 health:2
D/SViewCoverView( 1799): BroadcastReceiver onReceive() : action : android.intent.action.BATTERY_CHANGED
D/SViewCoverView( 1799): level :86 plugged : 0
D/UiModeManager(  829): mCoverManager.getCoverState() : true
D/SSRMv2:SIOP(  829): SIOP:: AP = 410 (0), Delta = -10
D/STATUSBAR-NetworkController( 1214): onDataActivity: direction=2
D/STATUSBAR-NetworkController( 1214): refreshSignalCluster - setNWBoosterIndicators(false)
D/STATUSBAR-NetworkController( 1214): refreshSignalCluster: data=2 bt=false
D/STATUSBAR-NetworkController( 1214): onDataActivity: direction=3
D/STATUSBAR-NetworkController( 1214): refreshSignalCluster - setNWBoosterIndicators(false)
D/STATUSBAR-NetworkController( 1214): refreshSignalCluster: data=2 bt=false
D/STATUSBAR-NetworkController( 1214): onDataActivity: direction=0
D/STATUSBAR-NetworkController( 1214): refreshSignalCluster - setNWBoosterIndicators(false)
D/STATUSBAR-NetworkController( 1214): refreshSignalCluster: data=2 bt=false
D/STATUSBAR-NetworkController( 1214): onSignalStrengthsChanged signalStrength=SignalStrength: 99 -1 -1 -1 -1 -1 -1 16 -115 2147483647 -2 -1 2147483647 gsm|lte 0x2 level=2
D/STATUSBAR-NetworkController( 1214): refreshSignalCluster - setNWBoosterIndicators(false)
D/STATUSBAR-NetworkController( 1214): refreshSignalCluster: data=2 bt=false
D/STATUSBAR-IconMerger( 1214): checkOverflow(648), More:false, Req:false Child:1
E/Watchdog(  829): !@Sync 112
D/DisplayPowerController(  829): applyLightSensorMeasurementSEC : mIsLockZone = true
D/DisplayPowerController(  829): applyLightSensorMeasurementSEC : mIsLockZone = false
D/STATUSBAR-NetworkController( 1214): onSignalStrengthsChanged signalStrength=SignalStrength: 99 -1 -1 -1 -1 -1 -1 19 -116 2147483647 0 -1 2147483647 gsm|lte 0x2 level=2
D/STATUSBAR-NetworkController( 1214): onSignalStrengthsChanged signalStrength=SignalStrength: 99 -1 -1 -1 -1 -1 -1 18 -116 2147483647 -26 -1 2147483647 gsm|lte 0x2 level=2
D/STATUSBAR-NetworkController( 1214): onDataActivity: direction=3
D/STATUSBAR-NetworkController( 1214): refreshSignalCluster - setNWBoosterIndicators(false)
D/STATUSBAR-NetworkController( 1214): refreshSignalCluster: data=2 bt=false
D/STATUSBAR-NetworkController( 1214): onDataActivity: direction=0
D/STATUSBAR-NetworkController( 1214): refreshSignalCluster - setNWBoosterIndicators(false)
D/STATUSBAR-NetworkController( 1214): refreshSignalCluster: data=2 bt=false
D/SSRMv2:SIOP(  829): SIOP:: AP = 420 (0), Delta = 10
D/STATUSBAR-NetworkController( 1214): onSignalStrengthsChanged signalStrength=SignalStrength: 99 -1 -1 -1 -1 -1 -1 16 -116 2147483647 -8 -1 2147483647 gsm|lte 0x2 level=2
D/STATUSBAR-NetworkController( 1214): onSignalStrengthsChanged signalStrength=SignalStrength: 99 -1 -1 -1 -1 -1 -1 17 -116 2147483647 -2 -1 2147483647 gsm|lte 0x2 level=2
D/STATUSBAR-NetworkController( 1214): onDataActivity: direction=2
D/STATUSBAR-NetworkController( 1214): refreshSignalCluster - setNWBoosterIndicators(false)
D/STATUSBAR-NetworkController( 1214): refreshSignalCluster: data=2 bt=false
D/STATUSBAR-NetworkController( 1214): onDataActivity: direction=3
D/STATUSBAR-NetworkController( 1214): refreshSignalCluster - setNWBoosterIndicators(false)
D/STATUSBAR-NetworkController( 1214): refreshSignalCluster: data=2 bt=false
D/STATUSBAR-NetworkController( 1214): onSignalStrengthsChanged signalStrength=SignalStrength: 99 -1 -1 -1 -1 -1 -1 17 -116 2147483647 -62 -1 2147483647 gsm|lte 0x2 level=2
D/STATUSBAR-NetworkController( 1214): onDataActivity: direction=0
D/STATUSBAR-NetworkController( 1214): refreshSignalCluster - setNWBoosterIndicators(false)
D/STATUSBAR-NetworkController( 1214): refreshSignalCluster: data=2 bt=false
V/AlarmManager(  829): waitForAlarm result :8
D/KeyguardClockWidgetService( 1758): onReceive action=android.intent.action.TIME_TICK
V/AlarmManager(  829): ClockReceiver onReceive() ACTION_TIME_TICK
D/STATUSBAR-IconMerger( 1214): checkOverflow(648), More:false, Req:false Child:1
D/SViewCoverWidget( 1799): initClock() : TimeZone =libcore.util.ZoneInfo[id="America/Chicago",mRawOffset=-21600000,mEarliestRawOffset=-21600000,mUseDst=true,mDstSavings=3600000,transitions=235]
D/STATUSBAR-NetworkController( 1214): onSignalStrengthsChanged signalStrength=SignalStrength: 99 -1 -1 -1 -1 -1 -1 16 -116 2147483647 -2 -1 2147483647 gsm|lte 0x2 level=2
D/PowerManagerService(  829): [api] userActivityFromNative : 40 (event: 2 flags: 0) eventTime = 3398694
D/DisplayPowerController(  829): applyLightSensorMeasurementSEC : mIsLockZone = true
D/DisplayPowerController(  829): applyLightSensorMeasurementSEC : mIsLockZone = false
D/SSRMv2:SIOP(  829): SIOP:: AP = 420 (0), Delta = 0
D/DisplayPowerController(  829): applyLightSensorMeasurementSEC : mIsLockZone = true
D/DisplayPowerController(  829): applyLightSensorMeasurementSEC : mIsLockZone = false
D/STATUSBAR-NetworkController( 1214): onDataActivity: direction=2
D/STATUSBAR-NetworkController( 1214): refreshSignalCluster - setNWBoosterIndicators(false)
D/STATUSBAR-NetworkController( 1214): refreshSignalCluster: data=2 bt=false
D/STATUSBAR-NetworkController( 1214): onDataActivity: direction=3
D/STATUSBAR-NetworkController( 1214): refreshSignalCluster - setNWBoosterIndicators(false)
D/STATUSBAR-NetworkController( 1214): refreshSignalCluster: data=2 bt=false
D/DisplayPowerController(  829): applyLightSensorMeasurementSEC : mIsLockZone = true
D/DisplayPowerController(  829): applyLightSensorMeasurementSEC : mIsLockZone = false
V/VibratorService(  829): hasVibrator - useVibetonz: true
V/VibratorService(  829): vibrateImmVibeMagnitudeType - magnitudeType: TouchMagnitude
D/VibratorService(  829): ImmVibe vibratorOff()
V/VibratorService(  829): vibrateImmVibe - package: android, type: 14, magnitude: 6000
I/ActivityManager(  829): moveTaskToBack: 6
V/SmartFaceService - 3rd party pause(  829): onReceive [android.intent.action.ACTIVITY_STATE/com.android.chrome/pause]
D/CustomFrequencyManagerService(  829): acquireDVFSLockLocked : type : DVFS_MIN_LIMIT  frequency : 1350000  uid : 1000  pid : 829  pkgName : ACTIVITY_RESUME_BOOSTER@6
W/ActivityManager(  829): mDVFSHelper.acquire()
D/PowerManagerService(  829): setKeyboardVisibility: false
D/STATUSBAR-NetworkController( 1214): onSignalStrengthsChanged signalStrength=SignalStrength: 99 -1 -1 -1 -1 -1 -1 16 -117 2147483647 0 -1 2147483647 gsm|lte 0x2 level=2
D/SSRMv2:TSP:AirViewOnOff(  829): SettingsAirViewInfo:: 000000000
V/SmartFaceService - 3rd party pause(  829): onReceive [android.intent.action.ACTIVITY_STATE/com.google.android.googlequicksearchbox/resume]
W/BroadcastQueue(  829): Permission Denial: receiving Intent { act=diagandroid.app.ApplicationState flg=0x10 (has extras) } to com.tmobile.pr.mytmobile/.issueassist.oem.receiver.OemIntentReceiver requires diagandroid.app.receiveDetailedApplicationState due to sender android (uid 1000)
W/BroadcastQueue(  829): Permission Denial: receiving Intent { act=diagandroid.app.ApplicationState flg=0x10 (has extras) } to com.tmobile.pr.mytmobile/.issueassist.oem.receiver.OemIntentReceiver requires diagandroid.app.receiveDetailedApplicationState due to sender android (uid 1000)
D/StatusBarManagerService(  829): semi p:5418,o:f
D/STATUSBAR-StatusBarManagerService(  829): manageDisableList what=0x0 pkg=WindowManager.LayoutParams
D/STATUSBAR-NetworkController( 1214): onDataActivity: direction=0
D/STATUSBAR-NetworkController( 1214): refreshSignalCluster - setNWBoosterIndicators(false)
D/STATUSBAR-NetworkController( 1214): refreshSignalCluster: data=2 bt=false
W/ContextImpl(  829): Calling a method in the system process without a qualified user: android.app.ContextImpl.sendBroadcast:1513 com.android.server.InputMethodManagerService$4.run:2773 java.lang.Thread.run:841 <bottom of call stack> <bottom of call stack> 
I/ActivityManager(  829): Process com.android.chrome:sandboxed_process2 (pid 27642) (adj 2) has died.
D/CustomFrequencyManagerService(  829): releaseDVFSLockLocked : Getting Lock type frm List : DVFS_MIN_LIMIT  frequency : 1350000  uid : 1000  pid : 829  tag : ACTIVITY_RESUME_BOOSTER@6
W/ActivityManager(  829): mDVFSHelper.release()
D/CustomFrequencyManagerService(  829): acquireDVFSLockLocked : type : DVFS_MIN_LIMIT  frequency : 1350000  uid : 1000  pid : 829  pkgName : ACTIVITY_RESUME_BOOSTER@10
D/CustomFrequencyManagerService(  829): releaseDVFSLockLocked : Getting Lock type frm List : DVFS_MIN_LIMIT  frequency : 1350000  uid : 1000  pid : 829  tag : ACTIVITY_RESUME_BOOSTER@10
D/STATUSBAR-NetworkController( 1214): onDataActivity: direction=3
D/STATUSBAR-NetworkController( 1214): refreshSignalCluster - setNWBoosterIndicators(false)
D/STATUSBAR-NetworkController( 1214): refreshSignalCluster: data=2 bt=false
D/STATUSBAR-NetworkController( 1214): onSignalStrengthsChanged signalStrength=SignalStrength: 99 -1 -1 -1 -1 -1 -1 16 -117 2147483647 -8 -1 2147483647 gsm|lte 0x2 level=2
D/STATUSBAR-NetworkController( 1214): onDataActivity: direction=2
D/STATUSBAR-NetworkController( 1214): refreshSignalCluster - setNWBoosterIndicators(false)
D/STATUSBAR-NetworkController( 1214): refreshSignalCluster: data=2 bt=false
D/STATUSBAR-NetworkController( 1214): onDataActivity: direction=0
D/STATUSBAR-NetworkController( 1214): refreshSignalCluster - setNWBoosterIndicators(false)
D/STATUSBAR-NetworkController( 1214): refreshSignalCluster: data=2 bt=false
D/STATUSBAR-NetworkController( 1214): onDataActivity: direction=3
D/STATUSBAR-NetworkController( 1214): refreshSignalCluster - setNWBoosterIndicators(false)
D/STATUSBAR-NetworkController( 1214): refreshSignalCluster: data=2 bt=false
D/DisplayPowerController(  829): applyLightSensorMeasurementSEC : mIsLockZone = true
W/ContextImpl( 1604): Calling a method in the system process without a qualified user: android.app.ContextImpl.sendBroadcast:1513 android.content.ContextWrapper.sendBroadcast:377 com.diotek.ime.framework.common.InputManagerImpl.sendInputLanguage:9766 com.diotek.ime.framework.common.InputManagerImpl.initDefaultLanguage:5147 com.diotek.ime.framework.common.InputManagerImpl.initSelectedLanguage:5388 
W/ContextImpl( 1604): Calling a method in the system process without a qualified user: android.app.ContextImpl.sendBroadcast:1513 android.content.ContextWrapper.sendBroadcast:377 com.diotek.ime.framework.common.InputManagerImpl.sendInputLanguage:9766 com.diotek.ime.framework.common.InputManagerImpl.setLanguage:5716 com.diotek.ime.framework.common.InputManagerImpl.startInputViewContinue:3562 
W/ContextImpl( 1604): Calling a method in the system process without a qualified user: android.app.ContextImpl.sendBroadcast:1513 android.content.ContextWrapper.sendBroadcast:377 com.diotek.ime.framework.common.InputManagerImpl.sendBroadcaseSIPShown:9576 com.diotek.ime.framework.common.InputManagerImpl.startInputView:3368 com.sec.android.inputmethod.SamsungKeypad.onStartInputView:335 
W/ContextImpl( 1604): Calling a method in the system process without a qualified user: android.app.ContextImpl.sendBroadcast:1513 android.content.ContextWrapper.sendBroadcast:377 android.inputmethodservice.InputMethodService.sendInputViewShownState:408 android.inputmethodservice.InputMethodService.showWindow:1845 android.inputmethodservice.InputMethodService$InputMethodImpl.showSoftInput:559 
D/SSRMv2:TSP:AirViewOnOff(  829): SettingsAirViewInfo:: 000000000
W/ContextImpl(  829): Calling a method in the system process without a qualified user: android.app.ContextImpl.sendBroadcast:1527 com.android.server.StatusBarManagerService.sendNotification:987 com.android.server.StatusBarManagerService.addNotification:676 com.android.server.NotificationManagerService$7.run:2186 android.os.Handler.handleCallback:733 
D/STATUSBAR-StatusBarManagerService(  829): sendNotification(1) - 17041272
D/UserManagerService(  829): User -1does not exists!!
D/SViewCoverView( 1799): BroadcastReceiver onReceive() : action : com.android.server.NotificationManagerService.NotificationArrived
E/PersonaManagerService(  829): returning null in  getPersonasForUser
W/ContextImpl( 1604): Calling a method in the system process without a qualified user: android.app.ContextImpl.sendBroadcast:1513 android.content.ContextWrapper.sendBroadcast:377 android.inputmethodservice.InputMethodService.sendInputViewShownState:408 android.inputmethodservice.InputMethodService.showWindow:1845 android.inputmethodservice.InputMethodService$InputMethodImpl.showSoftInput:559 
W/ContextImpl(  829): Calling a method in the system process without a qualified user: android.app.ContextImpl.sendBroadcast:1527 com.android.server.StatusBarManagerService.sendNotification:987 com.android.server.StatusBarManagerService.updateNotification:696 com.android.server.NotificationManagerService$7.run:2178 android.os.Handler.handleCallback:733 
D/STATUSBAR-StatusBarManagerService(  829): sendNotification(2) - 17041272
D/PhoneStatusBar( 1214): tick(): knoxCustomManager = android.app.enterprise.knoxcustom.KnoxCustomManager@42a97268
D/STATUSBAR-IconMerger( 1214): checkOverflow(648), More:false, Req:false Child:2
D/SSRMv2:TSP:AirViewOnOff(  829): SettingsAirViewInfo:: 000000000
D/UserManagerService(  829): User -1does not exists!!
E/PersonaManagerService(  829): returning null in  getPersonasForUser
D/SViewCoverView( 1799): BroadcastReceiver onReceive() : action : com.android.server.NotificationManagerService.NotificationArrived
D/DisplayPowerController(  829): applyLightSensorMeasurementSEC : mIsLockZone = false
V/VibratorService(  829): vibrateImmVibePatternMagnitudeType - magnitudeType: TouchMagnitude
D/VibratorService(  829): ImmVibe vibratorOff()
V/VibratorService(  829): vibrateImmVibePattern - package: com.sec.android.inputmethod, magnitude: 6000
V/VibratorService(  829): vibrateImmVibePatternMagnitudeType - magnitudeType: TouchMagnitude
D/VibratorService(  829): ImmVibe vibratorOff()
V/VibratorService(  829): vibrateImmVibePattern - package: com.sec.android.inputmethod, magnitude: 6000
V/VibratorService(  829): vibrateImmVibePatternMagnitudeType - magnitudeType: TouchMagnitude
D/VibratorService(  829): ImmVibe vibratorOff()
V/VibratorService(  829): vibrateImmVibePattern - package: com.sec.android.inputmethod, magnitude: 6000
D/STATUSBAR-NetworkController( 1214): onSignalStrengthsChanged signalStrength=SignalStrength: 99 -1 -1 -1 -1 -1 -1 17 -117 2147483647 -14 -1 2147483647 gsm|lte 0x2 level=2
V/VibratorService(  829): vibrateImmVibePatternMagnitudeType - magnitudeType: TouchMagnitude
D/VibratorService(  829): ImmVibe vibratorOff()
V/VibratorService(  829): vibrateImmVibePattern - package: com.sec.android.inputmethod, magnitude: 6000
V/VibratorService(  829): vibrateImmVibePatternMagnitudeType - magnitudeType: TouchMagnitude
D/VibratorService(  829): ImmVibe vibratorOff()
V/VibratorService(  829): vibrateImmVibePattern - package: com.sec.android.inputmethod, magnitude: 6000
V/VibratorService(  829): vibrateImmVibePatternMagnitudeType - magnitudeType: TouchMagnitude
D/VibratorService(  829): ImmVibe vibratorOff()
V/VibratorService(  829): vibrateImmVibePattern - package: com.sec.android.inputmethod, magnitude: 6000
V/VibratorService(  829): vibrateImmVibePatternMagnitudeType - magnitudeType: TouchMagnitude
D/VibratorService(  829): ImmVibe vibratorOff()
V/VibratorService(  829): vibrateImmVibePattern - package: com.sec.android.inputmethod, magnitude: 6000
V/VibratorService(  829): vibrateImmVibePatternMagnitudeType - magnitudeType: TouchMagnitude
D/VibratorService(  829): ImmVibe vibratorOff()
V/VibratorService(  829): vibrateImmVibePattern - package: com.sec.android.inputmethod, magnitude: 6000
V/VibratorService(  829): vibrateImmVibePatternMagnitudeType - magnitudeType: TouchMagnitude
D/VibratorService(  829): ImmVibe vibratorOff()
V/VibratorService(  829): vibrateImmVibePattern - package: com.sec.android.inputmethod, magnitude: 6000
D/SSRMv2:SIOP(  829): SIOP:: AP = 430 (0), Delta = 10
D/STATUSBAR-NetworkController( 1214): onSignalStrengthsChanged signalStrength=SignalStrength: 99 -1 -1 -1 -1 -1 -1 17 -116 2147483647 -14 -1 2147483647 gsm|lte 0x2 level=2
V/AlarmManager(  829): waitForAlarm result :4
V/VibratorService(  829): vibrateImmVibePatternMagnitudeType - magnitudeType: TouchMagnitude
D/VibratorService(  829): ImmVibe vibratorOff()
V/VibratorService(  829): vibrateImmVibePattern - package: com.sec.android.inputmethod, magnitude: 6000
V/VibratorService(  829): vibrateImmVibePatternMagnitudeType - magnitudeType: TouchMagnitude
D/VibratorService(  829): ImmVibe vibratorOff()
V/VibratorService(  829): vibrateImmVibePattern - package: com.sec.android.inputmethod, magnitude: 6000
D/BatteryService(  829): level:85, scale:100, status:3, health:2, present:true, voltage: 3981, temperature: 339, technology: Li-ion, AC powered:false, USB powered:false, Wireless powered:false, icon:17303613, invalid charger:0, online:1, current avg:460, charge type:0, power sharing:false, high voltage charger:false
D/PowerManagerService(  829): [api] userActivityFromNative : 50 (event: 2 flags: 0) eventTime = 3414016
V/AlarmManager(  829): trigger ELAPSED_REALTIME_WAKEUP or RTC_WAKEUP
D/BatteryService(  829): Sending ACTION_BATTERY_CHANGED.
D/UiModeManager(  829): mCoverManager.getCoverState() : true
D/SViewCoverView( 1799): BroadcastReceiver onReceive() : action : android.intent.action.BATTERY_CHANGED
D/SViewCoverView( 1799): level :85 plugged : 0
D/STATUSBAR-PhoneStatusBar( 1214):  mBrightnessEnablebySettings = true mBrightnessEnablebyBattery = true mBrightnessEnablebyDisableFlag = true mPmsBrightnessEnablebySettings = true
D/BatteryMeterView( 1214): ACTION_BATTERY_CHANGED : level:85 status:3 health:2
D/BatteryMeterView( 1214): onDraw batteryColor : -1
D/DisplayPowerController(  829): applyLightSensorMeasurementSEC : mIsLockZone = true
V/VibratorService(  829): vibrateImmVibePatternMagnitudeType - magnitudeType: TouchMagnitude
D/VibratorService(  829): ImmVibe vibratorOff()
V/VibratorService(  829): vibrateImmVibePattern - package: com.sec.android.inputmethod, magnitude: 6000
V/VibratorService(  829): vibrateImmVibePatternMagnitudeType - magnitudeType: TouchMagnitude
D/VibratorService(  829): ImmVibe vibratorOff()
V/VibratorService(  829): vibrateImmVibePattern - package: com.sec.android.inputmethod, magnitude: 6000
D/DisplayPowerController(  829): applyLightSensorMeasurementSEC : mIsLockZone = false
D/STATUSBAR-NetworkController( 1214): onSignalStrengthsChanged signalStrength=SignalStrength: 99 -1 -1 -1 -1 -1 -1 15 -117 2147483647 -24 -1 2147483647 gsm|lte 0x2 level=2
V/VibratorService(  829): vibrateImmVibePatternMagnitudeType - magnitudeType: TouchMagnitude
D/VibratorService(  829): ImmVibe vibratorOff()
V/VibratorService(  829): vibrateImmVibePattern - package: com.sec.android.inputmethod, magnitude: 6000
