D/        (  829): rsp_len = 1008 rcvd_data_len = 1040, self_calculate_len=1040
D/        (  829): TIMA: QCOM_send_command result--0
D/        (  829): TIMA_PKM_measure_kernel returns with resp..ret=512!
D/        (  829): TAL: TIMA_PKM_measure_kernel--int8_t TIMA_PKM_measure_kernel(TIMA_handle_t, void*, uint32_t, void*, uint32_t, uint32_t)
D/        (  829): TIMA: QCOM_send_command--int8_t QCOM_send_command(TIMA_handle_t, void*, uint32_t, void*, uint32_t, uint32_t)
D/        (  829): rsp_len = 1008 rcvd_data_len = 1040, self_calculate_len=1040
D/        (  829): TIMA: QCOM_send_command result--0
D/        (  829): TIMA_PKM_measure_kernel returns with resp..ret=512!
D/        (  829): TAL: TIMA_PKM_measure_kernel--int8_t TIMA_PKM_measure_kernel(TIMA_handle_t, void*, uint32_t, void*, uint32_t, uint32_t)
D/        (  829): TIMA: QCOM_send_command--int8_t QCOM_send_command(TIMA_handle_t, void*, uint32_t, void*, uint32_t, uint32_t)
D/        (  829): rsp_len = 1008 rcvd_data_len = 1040, self_calculate_len=1040
D/        (  829): TIMA: QCOM_send_command result--0
D/        (  829): TIMA_PKM_measure_kernel returns with resp..ret=512!
D/        (  829): TAL: TIMA_PKM_measure_kernel--int8_t TIMA_PKM_measure_kernel(TIMA_handle_t, void*, uint32_t, void*, uint32_t, uint32_t)
D/        (  829): TIMA: QCOM_send_command--int8_t QCOM_send_command(TIMA_handle_t, void*, uint32_t, void*, uint32_t, uint32_t)
D/        (  829): rsp_len = 1008 rcvd_data_len = 1040, self_calculate_len=1040
D/        (  829): TIMA: QCOM_send_command result--0
D/        (  829): TIMA_PKM_measure_kernel returns with resp..ret=512!
D/        (  829): TAL: TIMA_PKM_measure_kernel--int8_t TIMA_PKM_measure_kernel(TIMA_handle_t, void*, uint32_t, void*, uint32_t, uint32_t)
D/        (  829): TIMA: QCOM_send_command--int8_t QCOM_send_command(TIMA_handle_t, void*, uint32_t, void*, uint32_t, uint32_t)
D/        (  829): rsp_len = 1008 rcvd_data_len = 1040, self_calculate_len=1040
D/        (  829): TIMA: QCOM_send_command result--0
D/        (  829): TIMA_PKM_measure_kernel returns with resp..ret=512!
D/        (  829): TAL: TIMA_PKM_measure_kernel--int8_t TIMA_PKM_measure_kernel(TIMA_handle_t, void*, uint32_t, void*, uint32_t, uint32_t)
D/        (  829): TIMA: QCOM_send_command--int8_t QCOM_send_command(TIMA_handle_t, void*, uint32_t, void*, uint32_t, uint32_t)
D/        (  829): rsp_len = 1008 rcvd_data_len = 1040, self_calculate_len=1040
D/        (  829): TIMA: QCOM_send_command result--0
D/        (  829): TIMA_PKM_measure_kernel returns with resp..ret=512!
D/        (  829): TAL: TIMA_PKM_measure_kernel--int8_t TIMA_PKM_measure_kernel(TIMA_handle_t, void*, uint32_t, void*, uint32_t, uint32_t)
D/        (  829): TIMA: QCOM_send_command--int8_t QCOM_send_command(TIMA_handle_t, void*, uint32_t, void*, uint32_t, uint32_t)
D/        (  829): rsp_len = 1008 rcvd_data_len = 1040, self_calculate_len=1040
D/        (  829): TIMA: QCOM_send_command result--0
D/        (  829): TIMA_PKM_measure_kernel returns with resp..ret=512!
D/        (  829): TAL: TIMA_PKM_measure_kernel--int8_t TIMA_PKM_measure_kernel(TIMA_handle_t, void*, uint32_t, void*, uint32_t, uint32_t)
D/        (  829): TIMA: QCOM_send_command--int8_t QCOM_send_command(TIMA_handle_t, void*, uint32_t, void*, uint32_t, uint32_t)
D/        (  829): rsp_len = 1008 rcvd_data_len = 1040, self_calculate_len=1040
D/        (  829): TIMA: QCOM_send_command result--0
D/        (  829): TIMA_PKM_measure_kernel returns with resp..ret=512!
D/        (  829): TAL: TIMA_PKM_measure_kernel--int8_t TIMA_PKM_measure_kernel(TIMA_handle_t, void*, uint32_t, void*, uint32_t, uint32_t)
D/        (  829): TIMA: QCOM_send_command--int8_t QCOM_send_command(TIMA_handle_t, void*, uint32_t, void*, uint32_t, uint32_t)
D/        (  829): rsp_len = 1008 rcvd_data_len = 1040, self_calculate_len=1040
D/        (  829): TIMA: QCOM_send_command result--0
D/        (  829): TIMA_PKM_measure_kernel returns with resp..ret=512!
D/        (  829): TAL: TIMA_PKM_measure_kernel--int8_t TIMA_PKM_measure_kernel(TIMA_handle_t, void*, uint32_t, void*, uint32_t, uint32_t)
D/        (  829): TIMA: QCOM_send_command--int8_t QCOM_send_command(TIMA_handle_t, void*, uint32_t, void*, uint32_t, uint32_t)
D/        (  829): rsp_len = 1008 rcvd_data_len = 1040, self_calculate_len=1040
D/        (  829): TIMA: QCOM_send_command result--0
D/        (  829): TIMA_PKM_measure_kernel returns with resp..ret=512!
D/        (  829): TAL: TIMA_PKM_measure_kernel--int8_t TIMA_PKM_measure_kernel(TIMA_handle_t, void*, uint32_t, void*, uint32_t, uint32_t)
D/        (  829): TIMA: QCOM_send_command--int8_t QCOM_send_command(TIMA_handle_t, void*, uint32_t, void*, uint32_t, uint32_t)
D/        (  829): rsp_len = 1008 rcvd_data_len = 1040, self_calculate_len=1040
D/        (  829): TIMA: QCOM_send_command result--0
D/        (  829): TIMA_PKM_measure_kernel returns with resp..ret=512!
D/        (  829): TAL: TIMA_PKM_measure_kernel--int8_t TIMA_PKM_measure_kernel(TIMA_handle_t, void*, uint32_t, void*, uint32_t, uint32_t)
D/        (  829): TIMA: QCOM_send_command--int8_t QCOM_send_command(TIMA_handle_t, void*, uint32_t, void*, uint32_t, uint32_t)
D/        (  829): rsp_len = 1008 rcvd_data_len = 1040, self_calculate_len=1040
D/        (  829): TIMA: QCOM_send_command result--0
D/        (  829): TIMA_PKM_measure_kernel returns with resp..ret=512!
D/        (  829): TAL: TIMA_PKM_measure_kernel--int8_t TIMA_PKM_measure_kernel(TIMA_handle_t, void*, uint32_t, void*, uint32_t, uint32_t)
D/        (  829): TIMA: QCOM_send_command--int8_t QCOM_send_command(TIMA_handle_t, void*, uint32_t, void*, uint32_t, uint32_t)
D/        (  829): rsp_len = 1008 rcvd_data_len = 1040, self_calculate_len=1040
D/        (  829): TIMA: QCOM_send_command result--0
D/        (  829): TIMA_PKM_measure_kernel returns with resp..ret=512!
D/        (  829): TAL: TIMA_PKM_measure_kernel--int8_t TIMA_PKM_measure_kernel(TIMA_handle_t, void*, uint32_t, void*, uint32_t, uint32_t)
D/        (  829): TIMA: QCOM_send_command--int8_t QCOM_send_command(TIMA_handle_t, void*, uint32_t, void*, uint32_t, uint32_t)
D/        (  829): rsp_len = 1008 rcvd_data_len = 1040, self_calculate_len=1040
D/        (  829): TIMA: QCOM_send_command result--0
D/        (  829): TIMA_PKM_measure_kernel returns with resp..ret=512!
D/        (  829): TAL: TIMA_PKM_measure_kernel--int8_t TIMA_PKM_measure_kernel(TIMA_handle_t, void*, uint32_t, void*, uint32_t, uint32_t)
D/        (  829): TIMA: QCOM_send_command--int8_t QCOM_send_command(TIMA_handle_t, void*, uint32_t, void*, uint32_t, uint32_t)
D/        (  829): rsp_len = 1008 rcvd_data_len = 1040, self_calculate_len=1040
D/        (  829): TIMA: QCOM_send_command result--0
D/        (  829): TIMA_PKM_measure_kernel returns with resp..ret=512!
D/        (  829): TAL: TIMA_PKM_measure_kernel--int8_t TIMA_PKM_measure_kernel(TIMA_handle_t, void*, uint32_t, void*, uint32_t, uint32_t)
D/        (  829): TIMA: QCOM_send_command--int8_t QCOM_send_command(TIMA_handle_t, void*, uint32_t, void*, uint32_t, uint32_t)
D/        (  829): rsp_len = 1008 rcvd_data_len = 1040, self_calculate_len=1040
D/        (  829): TIMA: QCOM_send_command result--0
D/        (  829): TIMA_PKM_measure_kernel returns with resp..ret=512!
D/        (  829): TAL: TIMA_PKM_measure_kernel--int8_t TIMA_PKM_measure_kernel(TIMA_handle_t, void*, uint32_t, void*, uint32_t, uint32_t)
D/        (  829): TIMA: QCOM_send_command--int8_t QCOM_send_command(TIMA_handle_t, void*, uint32_t, void*, uint32_t, uint32_t)
D/        (  829): rsp_len = 1008 rcvd_data_len = 1040, self_calculate_len=1040
D/        (  829): TIMA: QCOM_send_command result--0
D/        (  829): TIMA_PKM_measure_kernel returns with resp..ret=512!
D/        (  829): TAL: TIMA_PKM_measure_kernel--int8_t TIMA_PKM_measure_kernel(TIMA_handle_t, void*, uint32_t, void*, uint32_t, uint32_t)
D/        (  829): TIMA: QCOM_send_command--int8_t QCOM_send_command(TIMA_handle_t, void*, uint32_t, void*, uint32_t, uint32_t)
D/        (  829): rsp_len = 1008 rcvd_data_len = 1040, self_calculate_len=1040
D/        (  829): TIMA: QCOM_send_command result--0
D/        (  829): TIMA_PKM_measure_kernel returns with resp..ret=512!
D/        (  829): TAL: TIMA_PKM_measure_kernel--int8_t TIMA_PKM_measure_kernel(TIMA_handle_t, void*, uint32_t, void*, uint32_t, uint32_t)
D/        (  829): TIMA: QCOM_send_command--int8_t QCOM_send_command(TIMA_handle_t, void*, uint32_t, void*, uint32_t, uint32_t)
D/        (  829): rsp_len = 1008 rcvd_data_len = 1040, self_calculate_len=1040
D/        (  829): TIMA: QCOM_send_command result--0
D/        (  829): TIMA_PKM_measure_kernel returns with resp..ret=512!
D/        (  829): TAL: TIMA_PKM_measure_kernel--int8_t TIMA_PKM_measure_kernel(TIMA_handle_t, void*, uint32_t, void*, uint32_t, uint32_t)
D/        (  829): TIMA: QCOM_send_command--int8_t QCOM_send_command(TIMA_handle_t, void*, uint32_t, void*, uint32_t, uint32_t)
D/        (  829): rsp_len = 1008 rcvd_data_len = 1040, self_calculate_len=1040
D/        (  829): TIMA: QCOM_send_command result--0
D/        (  829): TIMA_PKM_measure_kernel returns with resp..ret=512!
D/        (  829): TAL: TIMA_PKM_measure_kernel--int8_t TIMA_PKM_measure_kernel(TIMA_handle_t, void*, uint32_t, void*, uint32_t, uint32_t)
D/        (  829): TIMA: QCOM_send_command--int8_t QCOM_send_command(TIMA_handle_t, void*, uint32_t, void*, uint32_t, uint32_t)
D/        (  829): rsp_len = 1008 rcvd_data_len = 1040, self_calculate_len=1040
D/        (  829): TIMA: QCOM_send_command result--0
D/        (  829): TIMA_PKM_measure_kernel returns with resp..ret=512!
D/        (  829): TAL: TIMA_PKM_measure_kernel--int8_t TIMA_PKM_measure_kernel(TIMA_handle_t, void*, uint32_t, void*, uint32_t, uint32_t)
D/        (  829): TIMA: QCOM_send_command--int8_t QCOM_send_command(TIMA_handle_t, void*, uint32_t, void*, uint32_t, uint32_t)
D/        (  829): rsp_len = 1008 rcvd_data_len = 1040, self_calculate_len=1040
D/        (  829): TIMA: QCOM_send_command result--0
D/        (  829): TIMA_PKM_measure_kernel returns with resp..ret=512!
D/        (  829): TAL: TIMA_PKM_measure_kernel--int8_t TIMA_PKM_measure_kernel(TIMA_handle_t, void*, uint32_t, void*, uint32_t, uint32_t)
D/        (  829): TIMA: QCOM_send_command--int8_t QCOM_send_command(TIMA_handle_t, void*, uint32_t, void*, uint32_t, uint32_t)
D/        (  829): rsp_len = 1008 rcvd_data_len = 1040, self_calculate_len=1040
D/        (  829): TIMA: QCOM_send_command result--0
D/        (  829): TIMA_PKM_measure_kernel returns with resp..ret=512!
D/        (  829): TAL: TIMA_PKM_measure_kernel--int8_t TIMA_PKM_measure_kernel(TIMA_handle_t, void*, uint32_t, void*, uint32_t, uint32_t)
D/        (  829): TIMA: QCOM_send_command--int8_t QCOM_send_command(TIMA_handle_t, void*, uint32_t, void*, uint32_t, uint32_t)
D/        (  829): rsp_len = 1008 rcvd_data_len = 1040, self_calculate_len=1040
D/        (  829): TIMA: QCOM_send_command result--0
D/        (  829): TIMA_PKM_measure_kernel returns with resp..ret=512!
D/        (  829): TAL: TIMA_PKM_measure_kernel--int8_t TIMA_PKM_measure_kernel(TIMA_handle_t, void*, uint32_t, void*, uint32_t, uint32_t)
D/        (  829): TIMA: QCOM_send_command--int8_t QCOM_send_command(TIMA_handle_t, void*, uint32_t, void*, uint32_t, uint32_t)
D/        (  829): rsp_len = 1008 rcvd_data_len = 1040, self_calculate_len=1040
D/        (  829): TIMA: QCOM_send_command result--0
D/        (  829): TIMA_PKM_measure_kernel returns with resp..ret=512!
D/        (  829): TAL: TIMA_PKM_measure_kernel--int8_t TIMA_PKM_measure_kernel(TIMA_handle_t, void*, uint32_t, void*, uint32_t, uint32_t)
D/        (  829): TIMA: QCOM_send_command--int8_t QCOM_send_command(TIMA_handle_t, void*, uint32_t, void*, uint32_t, uint32_t)
D/        (  829): rsp_len = 1008 rcvd_data_len = 1040, self_calculate_len=1040
D/        (  829): TIMA: QCOM_send_command result--0
D/        (  829): TIMA_PKM_measure_kernel returns with resp..ret=512!
D/        (  829): TAL: TIMA_PKM_measure_kernel--int8_t TIMA_PKM_measure_kernel(TIMA_handle_t, void*, uint32_t, void*, uint32_t, uint32_t)
D/        (  829): TIMA: QCOM_send_command--int8_t QCOM_send_command(TIMA_handle_t, void*, uint32_t, void*, uint32_t, uint32_t)
D/        (  829): rsp_len = 1008 rcvd_data_len = 1040, self_calculate_len=1040
D/        (  829): TIMA: QCOM_send_command result--0
D/        (  829): TIMA_PKM_measure_kernel returns with resp..ret=512!
D/        (  829): TAL: TIMA_PKM_measure_kernel--int8_t TIMA_PKM_measure_kernel(TIMA_handle_t, void*, uint32_t, void*, uint32_t, uint32_t)
D/        (  829): TIMA: QCOM_send_command--int8_t QCOM_send_command(TIMA_handle_t, void*, uint32_t, void*, uint32_t, uint32_t)
D/        (  829): rsp_len = 1008 rcvd_data_len = 1040, self_calculate_len=1040
D/        (  829): TIMA: QCOM_send_command result--0
D/        (  829): TIMA_PKM_measure_kernel returns with resp..ret=512!
D/        (  829): TAL: TIMA_PKM_measure_kernel--int8_t TIMA_PKM_measure_kernel(TIMA_handle_t, void*, uint32_t, void*, uint32_t, uint32_t)
D/        (  829): TIMA: QCOM_send_command--int8_t QCOM_send_command(TIMA_handle_t, void*, uint32_t, void*, uint32_t, uint32_t)
D/        (  829): rsp_len = 1008 rcvd_data_len = 1040, self_calculate_len=1040
D/        (  829): TIMA: QCOM_send_command result--0
D/        (  829): TIMA_PKM_measure_kernel returns with resp..ret=512!
D/        (  829): TAL: TIMA_PKM_measure_kernel--int8_t TIMA_PKM_measure_kernel(TIMA_handle_t, void*, uint32_t, void*, uint32_t, uint32_t)
D/        (  829): TIMA: QCOM_send_command--int8_t QCOM_send_command(TIMA_handle_t, void*, uint32_t, void*, uint32_t, uint32_t)
D/        (  829): rsp_len = 1008 rcvd_data_len = 1040, self_calculate_len=1040
D/        (  829): TIMA: QCOM_send_command result--0
D/        (  829): TIMA_PKM_measure_kernel returns with resp..ret=512!
D/        (  829): TAL: TIMA_PKM_measure_kernel--int8_t TIMA_PKM_measure_kernel(TIMA_handle_t, void*, uint32_t, void*, uint32_t, uint32_t)
D/        (  829): TIMA: QCOM_send_command--int8_t QCOM_send_command(TIMA_handle_t, void*, uint32_t, void*, uint32_t, uint32_t)
D/        (  829): rsp_len = 1008 rcvd_data_len = 1040, self_calculate_len=1040
D/        (  829): TIMA: QCOM_send_command result--0
D/        (  829): TIMA_PKM_measure_kernel returns with resp..ret=512!
D/        (  829): TAL: TIMA_PKM_measure_kernel--int8_t TIMA_PKM_measure_kernel(TIMA_handle_t, void*, uint32_t, void*, uint32_t, uint32_t)
D/        (  829): TIMA: QCOM_send_command--int8_t QCOM_send_command(TIMA_handle_t, void*, uint32_t, void*, uint32_t, uint32_t)
D/        (  829): rsp_len = 1008 rcvd_data_len = 1040, self_calculate_len=1040
D/        (  829): TIMA: QCOM_send_command result--0
D/        (  829): TIMA_PKM_measure_kernel returns with resp..ret=0!
D/        (  829): TIMA: final string =TIMA_STATUS=0;MSG=Kernel Verification Success;!
D/TimaService(  829): TIMA MEASUREMENT Result: TIMA_STATUS=0;MSG=Kernel Verification Success;
D/TimaService(  829): TIMA MEASUREMENT success status: TIMA_STATUS=0;MSG=Kernel Verification Success;
D/SSRMv2:SIOP(  829): SIOP:: AP = 420 (0), Delta = 10
D/dalvikvm( 3474): GC_CONCURRENT freed 3019K, 42% free 26234K/44836K, paused 3ms+5ms, total 85ms
V/AlarmManager(  829): waitForAlarm result :4
V/AlarmManager(  829): trigger ELAPSED_REALTIME_WAKEUP or RTC_WAKEUP
V/AlarmManager(  829): waitForAlarm result :8
I/PowerManagerService(  829): [PWL] Off : 127s ago
I/PowerManagerService(  829): [PWL]   PowerManagerService.WakeLocks: ref count=1
I/PowerManagerService(  829): [PWL]     mWakeLockSummary : 0x1
I/PowerManagerService(  829): [PWL]       PARTIAL_WAKE_LOCK              'Lookout' (uid=10085, pid=3474, ws=null) (elapsedTime=42425)
D/InputReader(  829): Input event: value=1
D/InputReader(  829): !@notifyKey(116), action=0
D/InputManager-JNI(  829): !@interceptKeyBeforeQueueing(116), action=0
E/SamsungWindowManager(  829): mCoreNumLockHelper.acquire
D/CustomFrequencyManagerService(  829): acquireDVFSLockLocked : type : DVFS_MIN_LIMIT  frequency : 1890000  uid : 1000  pid : 829  pkgName : WAKEUP_BOOSTER@25
D/InputManager-JNI(  829): !@handleInterceptActions(116), action=0
I/SensorManagerA(  829): getReportingMode :: sensor.mType = 5
E/LightSensor(  829): Light old sensor_state 0, new sensor_state : 128 en : 1
I/libsuspend(  829): !@[s] autosuspend_earlysuspend_disable : 15
D/SensorManager(  829): registerListener :: 6, CM3323 RGB Sensor, 200000, 0,  
I/SensorManagerA(  829): getReportingMode :: sensor.mType = 1
D/PowerManagerService(  829): [api] [s] wakeUpFromNative:  (uid: 1000 pid: 829) eventTime = 3621315
I/PowerManagerService(  829): !@[ps] Screen__On :  wakeUpFromNative:  (uid: 1000 pid: 829)
I/PowerManagerService(  829): Waking up from sleep...
D/PowerManagerService(  829): Screen Readiness Inspection requested: mNestCount=1
D/PowerManagerService(  829): [PWL] sb acquire: PowerManagerService.Broadcasts
D/PowerManagerService(  829): [s] WAKEFULNESS_AWAKE
D/PowerManagerService(  829): [s] UserActivityState : 0 -> 1
D/PowerManagerService(  829): [PWL] sb acquire: PowerManagerService.Display
D/DisplayPowerController(  829): [DAB] setLightSensorEnabled : Send Update registerListener mLightSensor
I/DisplayPowerController(  829): [DAB] fileWriteInt : /sys/class/backlight/panel/auto_brightness  value : 2
D/DisplayPowerController(  829): [DAB] setLightSensorEnabled : registerListener mLightSensor
D/DisplayPowerController(  829): [DAB] setLightSensorEnabled : updateAutoBrightnessSEC(false)
D/DisplayPowerController(  829): [DAB] no lux value from sensor manager
D/DisplayPowerController(  829): animation target = 10 (PSM:false, AB limit:(-1 ~ -1) MB Limit:(-1 ~ -1) MAdj:(0, (0, 255)), PendingAutoBrightness)
D/PowerManagerService(  829): unblankAllDisplays() is called.
D/PowerManagerService(  829): Excessive delay in setLightSensorEnabled::registerListener(LightSensor): 8ms
E/Sensors (  829): Acc old sensor_state 128, new sensor_state : 129 en : 1
D/SensorManager(  829): registerListener :: 0, K330 3-axis Accelerometer, 200000, 0,  
D/SContextService(  829): 	.registerCallback : 2, client=
W/CAE     (  829): setCAProperty(ContextAwareService.java:464) - [setProperty 01] Mutex is locked for AUTO_ROTATION
I/CAE     (  829): setPropertyValue(AutoRotationRunner.java:119) - Device Type = 0.0
I/CAE     (  829): setCAProperty(ContextAwareService.java:469) - result : true
W/CAE     (  829): setCAProperty(ContextAwareService.java:470) - [setProperty 02] Mutex is unlocked for AUTO_ROTATION
D/SContextService(  829): sendProperty() : service = Auto Rotation
D/PowerManagerService(  829): Excessive delay in setLightSensorEnabled::registerListener(TiltSensor): 3ms
W/CAE     (  829): registerCallback(ContextAwareService.java:137) - [regi 01] Mutex is locked for AUTO_ROTATION
V/CAE     (  829): start(ContextProvider.java:126)
V/CAE     (  829): clear(AutoRotationRunner.java:182)
V/CAE     (  829): enable(AutoRotationRunner.java:158)
I/CAE     (  829): sendCmdToSensorHub(SensorHubCommManager.java:144) - -79, 7, 0, 0,
D/SensorHubManager(  829): SendSensorHubData: send data = -79, 7, 0, 0
D/Sensorhubs(  312): sendContextData: -79, 7, 0, 0
D/CAE     (  829): getFaultDetectionResult(AutoRotationRunner.java:195) - true
I/CAE     (  829): notifyCmdProcessResultObserver(ContextProvider.java:617) - CheckResult = 0, Cause = Success
D/CAE     (  829): doCommendProcess(ContextAwareService.java:314) - complete notify the operation result.
I/CAE     (  829): displayUsedCountForService(ContextAwareService.java:406) - totalCnt = 1, serviceCount = 1, subCollectionCount = 0
D/CAE     (  829): showListenerList(ContextAwareService.java:247) - ===== Context Aware Service List =====
I/CAE     (  829): showListenerList(ContextAwareService.java:256) - Listener : android.hardware.contextaware.manager.ContextAwareService$Listener@43b3d618, Service : PEDOMETER(1)
I/CAE     (  829): showListenerList(ContextAwareService.java:256) - Listener : android.hardware.contextaware.manager.ContextAwareService$Listener@44cbdd88, Service : AUTO_ROTATION(1)
W/CAE     (  829): registerCallback(ContextAwareService.java:173) - [regi 02] Mutex is unlocked for AUTO_ROTATION
D/SContextService(  829): addSContextService() : service = Auto Rotation
D/SContextService(  829): ===== SContext Service List =====
D/SContextService(  829): Listener : android.hardware.scontext.SContextService$Listener@43eb4098, Service : Pedometer
D/SContextService(  829): Listener : android.hardware.scontext.SContextService$Listener@44cafe28, Service : Auto Rotation
D/SContextManager(  829):   .registerListener : listener = com.android.internal.policy.impl.WindowOrientationListener$SContextListenerImpl@42afaa68, service=Auto Rotation
V/KeyguardServiceDelegate(  829): onScreenTurnedOn(showListener = com.android.internal.policy.impl.PhoneWindowManager$34@44ce33d0)
D/InputDispatcher(  829): setInputDispatchMode: enabled=1, frozen=0
D/KeyguardViewMediator( 1214): onScreenTurnedOn, seq = 16
D/KeyguardViewMediator( 1214): notifyScreenOnLocked
D/KeyguardViewMediator( 1214): handleNotifyScreenOn
D/KeyguardViewManager( 1214): onScreenTurnedOn()
D/KeyguardHostView( 1214): screen on, instance 453b34d8
D/LockPatternUtils( 1214): isPcwEnable = null
I/MDPP    (  829): Property: None
I/MDPP    (  829): Property: None
V/KeyguardHostView( 1214): showPrimarySecurityScreen(turningOff=false)
I/MDPP    (  829): Property: None
I/MDPP    ( 1214): Property: None
D/KeyguardHostView( 1214): showSecurityScreen(PIN)
W/LicenseLogService(  829): log() failed
D/PasswordUnlockScreen( 1214): max failed attempt for device disable :0
D/PasswordUnlockScreen( 1214): isDeviceDisabledForMaxFailedAttempt return :false
D/CMASMessage( 1214): [update] mShowingCMASText is false
D/PowerManagerService(  829): [api] [s] userActivity : event: 3 flags: 0 (uid: 10018 pid: 1214) eventTime = 3621415
D/PowerManagerService(  829): [api] [s] userActivity : event: 3 flags: 0 (uid: 10018 pid: 1214) eventTime = 3621415
D/PowerManagerService(  829): [api] [s] userActivity : event: 3 flags: 0 (uid: 10018 pid: 1214) eventTime = 3621417
D/CMASMessage( 1214): CMASIcon was GONE : 
I/KeyguardEffectViewMain( 1214): *** KeyguardEffectView getInstance ***
D/VisualEffectCircleUnlockEffect( 1214): KeyguardEffectViewNone : screenTurnedOn
D/KeyguardHostView( 1214): showUnlockAffordance()
D/KeyguardClockWidgetService( 1758): onReceive action=android.intent.action.SCREEN_ON
D/KeyguardClockWidgetProvider( 1758): refreshSingleClock :{Home} Hour = 3, Min = 29
D/KeyguardClockWidgetProvider( 1758): desc Message = It is 3:29 PM
I/MDPP    (  829): Property: None
E/qdmemalloc(  303): heap_msk=3000000 flags=1
E/qdmemalloc(  303):  
D/InputReader(  829): Input event: value=0
D/InputReader(  829): !@notifyKey(116), action=1
D/InputManager-JNI(  829): !@interceptKeyBeforeQueueing(116), action=1
D/InputManager-JNI(  829): !@handleInterceptActions(116), action=1
D/BatteryMeterView( 1214): onDraw batteryColor : -1
E/qdmemalloc(  303): heap_msk=40000000 flags=1
E/qdmemalloc(  303):  
V/KeyguardServiceDelegate(  829): **** SHOWN CALLED ****
I/WindowManager(  829): Lock screen displayed!
D/KeyguardViewMediator( 1214): handleKeyguardDoneDrawing
I/SurfaceFlinger(  303): id=152 Removed FlectronBea (14/14)
D/PowerManagerNotifier(  829): [api] WindowManagerPolicy.ScreenOnListener : Received onScreenOn().
D/PowerManagerService(  829): Screen Readiness Inspection completed: mNestCount=0
D/DisplayPowerController(  829): animation target = 10 (PSM:false, AB limit:(-1 ~ -1) MB Limit:(-1 ~ -1) MAdj:(0, (0, 255)), PendingAutoBrightness)
D/DisplayPowerController(  829): !@ElectronBeam exit
D/PowerManagerService(  829): [s] mDisplayPowerControllerCallbacks : onElectronBeamExit() : true
I/SurfaceFlinger(  303): id=152 Removed FlectronBea (-2/14)
D/lights  (  829): lcd : 10 +
D/lights  (  829): lcd : 10 -
D/DisplayPowerController(  829): animation target = 10 (PSM:false, AB limit:(-1 ~ -1) MB Limit:(-1 ~ -1) MAdj:(0, (0, 255)), PendingAutoBrightness)
D/PowerManagerService(  829): [s] mDisplayPowerControllerCallbacks : onStateChanged()
V/CAE     (  829): onReceive(CaPowerManager.java:129)
I/CAE     (  829): onReceive(CaPowerManager.java:149) - AP_WAKEUP
I/CAE     (  829): updateApPowerStatus(SensorHubParserProvider.java:421) - AP_WAKEUP
I/CAE     (  829): sendCmdToSensorHub(SensorHubCommManager.java:144) - -76, 13, -47, 0,
D/SensorHubManager(  829): SendSensorHubData: send data = -76, 13, -47, 0
D/Sensorhubs(  312): sendContextData: -76, 13, -47, 0
D/KeyguardViewMediator( 1214): handleKeyguardDoneDrawing
V/CAE     (  829): onReceive(CaPowerManager.java:161)
I/MDPP    (  829): Property: None
I/wpa_supplicant( 1235): reset timer : RESET_TIMER 1
I/wpa_supplicant( 1235): wlan0: Setting scan request: 0 sec 0 usec
I/wpa_supplicant( 1235): Disconnected - do not scan
I/wpa_supplicant( 1235): CTRL-EVENT-STATE-CHANGE id=-1 state=0 BSSID=00.00.00 SSID=
V/AudioHardwareALSA(  307): setParameters() screen_state=on
D/Sensorhubs(  312): readContextData: 1, 1, 3, -128, 0, 0, 10, 0, 0, 0, 0, 0, 0, 0, 0, 10, 0, 3, 29, 0, 0, 0, 4, 0, 0, 0, 0, 0, 0, 0, 0, 0, 0, 0, 0, 0
D/SensorHubManager(  829): onGetSensorHubDataLocked: library = 1, 1, 3, -128, 0, 0, 10, 0, 0, 0, 0, 0, 0, 0, 0, 10, 0, 3, 29, 0, 0, 0, 4, 0, 0, 0, 0, 0, 0, 0, 0, 0, 0, 0, 0, 0
I/SecExternalDisplayIntents_Java(  829): Intent Recieved ..  -android.intent.action.SCREEN_ONBroadCast Map value - 19
D/CAE     (  829): onGetSensorHubData(SensorHubParserProvider.java:87) - onGetSensorHubData Event [event buffer len :36], AP_WAKEUP
I/CAE     (  829): parse(SensorHubParserProvider.java:166) - buffer size = 36
D/STATUSBAR-NotificationService(  829): ACTION_SCREEN_ON
D/LightsService(  829): [api] [SvcLED] turnOff:: id = 4 (uid: 1000 pid: 829) 
D/LightsService(  829): [SvcLED] setSvcLedStateLocked:: SvcLEDState : 0x0 -> 0x0 | SvcLED(id=4) set Off
D/LightsService(  829): [SvcLED] Lux failed to be updated in 700ms. -> handleForcedSvcLEDTasK
D/LightsService(  829): [SvcLED]  setSvcLedLightLocked :: Current SvcLED(id=3) maintains its priority right
I/CAE     (  829): parse(SensorHubParserProvider.java:177) - 1, 1, 3, -128, 0, 0, 10, 0, 0, 0, 0, 0, 0, 0, 0, 10, 0, 3, 29, 0, 0, 0, 4, 0, 0, 0, 0, 0, 0, 0, 0, 0, 0, 0, 0, 0,
D/CAE     (  829): display(PedometerRunner.java:160) - ================= PEDOMETER =================
I/CAE     (  829): display(PedometerRunner.java:182) - C=[0.8200000000000002], WF=[0.0], WUSCD=[0], UDSCD=[0], RSCD=[0], RUSCD=[0], WSC=[40], RUSC=[0], DD=[7.97], WDSC=[0], RDSCD=[0], RDSC=[0], S=[0.0], WUSC=[0], D=[35.85], SS=[0], TSCD=[10], WDSCD=[0], RSC=[0], TSC=[40], UDSC=[0], CD=[0.4], WSCD=[10]
D/SContextService(  829): updateSContext() : event = Pedometer
D/SContextService(  829): 	.registerCallback : 3, client=
D/SContextService(  829): sendProperty() : service = Flip Cover Action
W/CAE     (  829): registerCallback(ContextAwareService.java:137) - [regi 01] Mutex is locked for FLIP_COVER_ACTION
I/Sensor[0x04]( 4379): [0x01] 2
V/CAE     (  829): start(ContextProvider.java:126)
V/CAE     (  829): clear(FlipCoverActionRunner.java:126)
V/CAE     (  829): enable(FlipCoverActionRunner.java:102)
I/CAE     (  829): sendCmdToSensorHub(SensorHubCommManager.java:144) - -79, 14, 0, 0,
D/SensorHubManager(  829): SendSensorHubData: send data = -79, 14, 0, 0
D/Sensorhubs(  312): sendContextData: -79, 14, 0, 0
D/CAE     (  829): getFaultDetectionResult(FlipCoverActionRunner.java:139) - true
I/CAE     (  829): notifyCmdProcessResultObserver(ContextProvider.java:617) - CheckResult = 0, Cause = Success
D/Sensorhubs(  312): readContextData: 1, 1, 7, 3
D/SensorHubManager(  829): onGetSensorHubDataLocked: library = 1, 1, 7, 3
D/CAE     (  829): doCommendProcess(ContextAwareService.java:314) - complete notify the operation result.
I/CAE     (  829): displayUsedCountForService(ContextAwareService.java:406) - totalCnt = 1, serviceCount = 1, subCollectionCount = 0
D/CAE     (  829): showListenerList(ContextAwareService.java:247) - ===== Context Aware Service List =====
I/CAE     (  829): showListenerList(ContextAwareService.java:256) - Listener : android.hardware.contextaware.manager.ContextAwareService$Listener@43b3d618, Service : PEDOMETER(1)
I/CAE     (  829): showListenerList(ContextAwareService.java:256) - Listener : android.hardware.contextaware.manager.ContextAwareService$Listener@44cbdd88, Service : AUTO_ROTATION(1)
I/CAE     (  829): showListenerList(ContextAwareService.java:256) - Listener : android.hardware.contextaware.manager.ContextAwareService$Listener@44d1acf0, Service : FLIP_COVER_ACTION(1)
W/CAE     (  829): registerCallback(ContextAwareService.java:173) - [regi 02] Mutex is unlocked for FLIP_COVER_ACTION
D/SContextService(  829): addSContextService() : service = Flip Cover Action
D/SContextService(  829): ===== SContext Service List =====
D/SContextService(  829): Listener : android.hardware.scontext.SContextService$Listener@43eb4098, Service : Pedometer
D/SContextService(  829): Listener : android.hardware.scontext.SContextService$Listener@44cafe28, Service : Auto Rotation
D/SContextService(  829): Listener : android.hardware.scontext.SContextService$Listener@44d16c68, Service : Flip Cover Action
D/SContextManager(  829):   .registerListener : listener = android.hardware.motion.MotionRecognitionFlipCover$1@435c9550, service=Flip Cover Action
I/SQLiteSecureOpenHelper( 4379): getReadableDatabase(pwd)
D/CAE     (  829): onGetSensorHubData(SensorHubParserProvider.java:87) - onGetSensorHubData Event [event buffer len :4], AP_WAKEUP
I/SQLiteSecureOpenHelper( 4379): getDatabaseLocked(b,b,pwd)...
I/CAE     (  829): parse(SensorHubParserProvider.java:166) - buffer size = 4
I/CAE     (  829): parse(SensorHubParserProvider.java:177) - 1, 1, 7, 3,
D/CAE     (  829): display(ContextProvider.java:365) - ================= AUTO_ROTATION =================
I/CAE     (  829): display(ContextProvider.java:381) - Angle=[3]
D/SContextService(  829): updateSContext() : event = Auto Rotation
V/WindowOrientationListener(  829): mSContextAutoRotationListener.onSContextChanged, Rotation: 3
V/WindowOrientationListener(  829): mSContextAutoRotationListener.getProposedRotation, mbResultFaceDectection: false
V/WindowOrientationListener(  829): mSContextAutoRotationListener.getProposedRotation, Rotation: 3
V/WindowOrientationListener(  829): mSContextAutoRotationListener.getProposedRotation, mbResultFaceDectection: false
V/WindowOrientationListener(  829): mSContextAutoRotationListener.getProposedRotation, Rotation: 3
D/IpRemoteDisplayController(  829): intent received android.intent.action.SCREEN_ON
D/IpRemoteDisplayController(  829): Bridge Server is not available
V/WindowManager(  829): rotationForOrientationLw(orient=1, last=0); user=0  sensorRotation=3 mLidState=-1 mDockMode=0 mHdmiPlugged=false mAccelerometerDefault=false gripRotationLock=false
I/libsuspend(  829): !@[s] wait_for_fb_wake : 15 (1, 0) -
I/libsuspend(  829): !@[s] wait_for_fb_sleep : 15 (0, 0) +
I/libsuspend(  829): !@[s] autosuspend_earlysuspend_disable done : 15
D/PowerManagerService-JNI(  829): Excessive delay in autosuspend_disable() while turning screen on: 330ms
D/SurfaceFlinger(  303): Screen acquired, type=0 flinger=0xb7fd1500
D/qdhwcomposer(  303): hwc_blank: Unblanking display: 0
D/qdhwcomposer(  303): hwc_blank: Done unblanking display: 0
E/MISC PowerHAL(  829): sysfs_write : Error opening /sys/class/input/event3/device/enabled: No such file or directory
E/MISC PowerHAL(  829): sysfs_write : Error opening /sys/class/input/event19/device/enabled: No such file or directory
D/MISC PowerHAL(  829): sysfs_write +: /sys/class/power_supply/battery/lcd: 1
D/MISC PowerHAL(  829): sysfs_write -: /sys/class/power_supply/battery/lcd: 1
I/QCOM PowerHAL(  829): Perflock released.
I/SQLiteSecureOpenHelper( 4379): getWritableDatabase(pwd)
I/SQLiteSecureOpenHelper( 4379): getDatabaseLocked(b,b,pwd)...
D/lights  (  829): button : 1 +
D/lights  (  829): button : 1 -
D/PowerManagerService(  829): Excessive delay in nativeSetAutoSuspend(false): 331ms
D/PowerManagerService(  829): !@[s] unblankAllDisplays() : unblankAllDisplaysFromPowerManager
D/PowerManagerService(  829): SecHardwareInterface.setBatteryADC : true
D/STATUSBAR-IconMerger( 1214): checkOverflow(648), More:false, Req:false Child:1
D/KeyguardUpdateMonitor( 1214): sendKeyguardVisibilityChanged(true)
D/KeyguardUpdateMonitor( 1214): handleKeyguardVisibilityChanged(1)
D/PersonaManagerService(  829): ACTION_SCREEN_ON onReceive
D/PersonaManagerServiceHandler(  829): MSG_ACTION_SCREEN_ON called
I/NfcService( 1397): NFC: Screen On & Cover Open
D/KeyguardUpdateMonitor( 1214): sendKeyguardVisibilityChanged(true)
D/NativeNfcBrcmPowerMode( 1397): setPowerMode; state=3
D/KeyguardUpdateMonitor( 1214): handleKeyguardVisibilityChanged(1)
D/DisplayPowerController(  829): [api] [DAB] onSensorChanged : 1st lux : 2.0
D/DisplayPowerController(  829): [DAB] updateAutoBrightnessSEC : 20(20.0)    0.0 < 2.0 < 15.0 (0.0)
I/DisplayPowerController(  829): [DAB] fileWriteInt : /sys/class/backlight/panel/auto_brightness  value : 1
I/NfcService( 1397): applyRouting return - 2 
E/NfcService( 1397): callback == null
D/DisplayPowerController(  829): animation target = 20 (PSM:false, AB limit:(-1 ~ -1) MB Limit:(-1 ~ -1) MAdj:(0, (0, 255)))
D/SViewCoverView( 1799): BroadcastReceiver onReceive() : action : android.intent.action.SCREEN_ON
D/lights  (  829): lcd : 20 +
I/SQLiteSecureOpenHelper( 4379): getReadableDatabase(pwd)
I/SQLiteSecureOpenHelper( 4379): getDatabaseLocked(b,b,pwd)...
D/RampAnimator(  829): Light Animator Finished currentValue=20
D/SSRMv2:TSP:AirViewOnOff(  829): SettingsAirViewInfo:: 000000000
I/SQLiteSecureOpenHelper( 4379): getWritableDatabase(pwd)
I/SQLiteSecureOpenHelper( 4379): getDatabaseLocked(b,b,pwd)...
D/SSRMv2:SIOP(  829): SIOP:: AP = 420 (0), Delta = 0
D/daemonapp( 3149): [MSC_Accu_Daemon]>>> AWDS:69 [0:0] Act : comsamsungssrmSCREEN_ON, run:true
D/comsamsunglog( 3149): [MSC_Accu_Daemon]>>> ====================================================================================================================
D/comsamsunglog( 3149): [MSC_Accu_Daemon]>>> daemonapp [Version : 14052301 ] [ 1 ] 
D/comsamsunglog( 3149): [MSC_Accu_Daemon]>>> Header set to : ===> "daemonapp" <===
D/comsamsunglog( 3149): [MSC_Accu_Daemon]>>> ====================================================================================================================
D/daemonapp( 3149): [MSC_Accu_Daemon]>>> ACP:433 [0:0] Provider query : content://apaccuweatherprovider/packagename
D/daemonapp( 3149): [MSC_Accu_Daemon]>>> AWDS:1077 [0:0] PakNme size = 1
D/daemonapp( 3149): [MSC_Accu_Daemon]>>> ACP:433 [0:0] Provider query : content://apaccuweatherprovider/current_weatherinfo
D/daemonapp( 3149): [MSC_Accu_Daemon]>>> ACP:433 [0:0] Provider query : content://apaccuweatherprovider/current_weatherinfo
D/daemonapp( 3149): [MSC_Accu_Daemon]>>> ACP:433 [0:0] Provider query : content://apaccuweatherprovider/current_weatherinfo
D/daemonapp( 3149): [MSC_Accu_Daemon]>>> AWDS:111 [0:0] SerStus:true,TmpS:1,AtRfr:1
D/daemonapp( 3149): [MSC_Accu_Daemon]>>> AWDS:601 [0:0]  ==> Act: SCREEN_ON or COVER_OPEN <==
D/daemonapp( 3149): [MSC_Accu_Daemon]>>> ACP:433 [0:0] Provider query : content://apaccuweatherprovider/current_weatherinfo
D/lights  (  829): lcd : 20 -
D/daemonapp( 3149): [MSC_Accu_Daemon]>>> AWDS:603 [0:0] [ASO][AUTOREFRESHKEY] --> 1
D/daemonapp( 3149): [MSC_Accu_Daemon]>>> AWDS:604 [0:0] [ASO][NUT] = 09/27/2015 04:18 PM
D/daemonapp( 3149): [MSC_Accu_Daemon]>>> AWDS:605 [0:0] [ASO][CT] = 09/27/2015 03:29 PM
D/daemonapp( 3149): [MSC_Accu_Daemon]>>> ACP:433 [0:0] Provider query : content://apaccuweatherprovider/packagename
D/STATUSBAR-NetworkController( 1214): onSignalStrengthsChanged signalStrength=SignalStrength: 99 -1 -1 -1 -1 -1 -1 18 -116 2147483647 -2 -1 2147483647 gsm|lte 0x2 level=2
D/STATUSBAR-NetworkController( 1214): refreshSignalCluster - setNWBoosterIndicators(false)
D/STATUSBAR-NetworkController( 1214): refreshSignalCluster: data=2 bt=false
W/Settings( 1937): Setting airplane_mode_on has moved from android.provider.Settings.System to android.provider.Settings.Global, returning read-only value.
D/STATUSBAR-IconMerger( 1214): checkOverflow(648), More:false, Req:false Child:1
D/daemonapp( 3149): [MSC_Accu_Daemon]>>> AWDS:1077 [0:0] PakNme size = 1
D/com.samsung.app( 3149): [MSC]>>>News_Daemon(E) DR:43 [0:0] onReceive() action : androidintentactionSCREEN_ON
W/Settings( 1937): Setting airplane_mode_on has moved from android.provider.Settings.System to android.provider.Settings.Global, returning read-only value.
I/SQLiteSecureOpenHelper( 4379): getReadableDatabase(pwd)
I/SQLiteSecureOpenHelper( 4379): getDatabaseLocked(b,b,pwd)...
D/STATUSBAR-NetworkController( 1214): onSignalStrengthsChanged signalStrength=SignalStrength: 99 -1 -1 -1 -1 -1 -1 18 -116 2147483647 -2 -1 2147483647 gsm|lte 0x2 level=2
I/SQLiteSecureOpenHelper( 4379): getWritableDatabase(pwd)
I/SQLiteSecureOpenHelper( 4379): getDatabaseLocked(b,b,pwd)...
D/com.samsung.app( 3149): [MSC]>>>News_Daemon(E) U:845 [0:0] isWidgetEnable : 0
D/com.samsung.app( 3149): [MSC]>>>News_Daemon(E) DR:57 [0:0] Widget check WidgetProcessCheck - false
D/com.samsung.app( 3149): [MSC]>>>News_Daemon(E) DR:58 [0:0] Widget check WidgetEnableCheck - false
W/com.samsung.app( 3149): [MSC]>>>News_Daemon(E) U:95 [0:0]  ::::::::: Available Internal MemorySize ::::::::: = 2786012k
D/com.samsung.app( 3149): [MSC]>>>News_Daemon(E) DR:107 [0:0] checkPackageNameList is [comsamsungandroidwidgetappbriefing4x2]
I/com.samsung.app( 3149): [MSC]>>>News_Daemon(E) DR:110 [0:0] serviceStatus = 1 checkPackageNameList = 1
D/com.samsung.app( 3149): [MSC]>>>News_Daemon(E) DR:145 [0:0] [CARS][AUTOREFRESHKEY] --> 0
D/com.samsung.app( 3149): [MSC]>>>News_Daemon(E) DR:146 [0:0] [CARS][NRT] = 0
D/com.samsung.app( 3149): [MSC]>>>News_Daemon(E) DR:147 [0:0] [CARS][DT] = 1443385752815
D/comdaemonstockapp( 3149): [Daemon_Stock]>>> DaemonService.java:46 [0:0] action : androidintentactionSCREEN_ON
D/comdaemonstockapp( 3149): [Daemon_Stock]>>> Stockclock_DaemonService.java:63 [0:0] onReceive: daemonappstockclockSCREEN_ON
D/comdaemonstockapp( 3149): [Daemon_Stock]>>> Stockclock_DaemonService.java:64 [0:0] appServiceStatus: 1
D/comdaemonstockapp( 3149): [Daemon_Stock]>>> Stockclock_DaemonService.java:65 [0:0] [AR]: 0
D/comdaemonstockapp( 3149): [Daemon_Stock]>>> Stockclock_DaemonService.java:66 [0:0] [AR]: Next time = 0
I/SQLiteSecureOpenHelper( 4379): getReadableDatabase(pwd)
I/SQLiteSecureOpenHelper( 4379): getDatabaseLocked(b,b,pwd)...
I/SQLiteSecureOpenHelper( 4379): getWritableDatabase(pwd)
I/SQLiteSecureOpenHelper( 4379): getDatabaseLocked(b,b,pwd)...
D/Sensor[0x01]( 4379): [0x01] 4 [0x02] 0.16 [0x03] 3.188 [0x04] 4 [0x05] 0 [0x06] 0.0 [0x07] 4 [0x08] 1 [0x09] 1443385680000 [0x10] 1443385680000 [0x11] 0 [0x12] 0 [0x13] 0 [0x14] 0 [0x15] 0 [0x16] 0 [0x17] 0 [0x18] 3 [0x20] 857 [0x21] 861 [0x22] 1 [0x23] 3 
D/Sensor[0x01]( 4379): [0x01] 4 [0x02] 0.16 [0x03] 3.188 [0x04] 4 [0x05] 0 [0x06] 0.0 [0x07] 4 [0x08] 1 [0x09] 1443385625149 [0x10] 1443385620000 [0x11] 0 [0x12] 0 [0x13] 0 [0x14] 0 [0x15] 0 [0x16] 0 [0x17] 0 [0x18] 3 [0x20] 857 [0x21] 865 [0x22] 1 [0x23] 3 
D/Sensor[0x01]( 4379): [0x01] 1 [0x02] 0.04 [0x03] 0.797 [0x04] 1 [0x05] 0 [0x06] 0.0 [0x07] 1 [0x08] 1 [0x09] 1443385740000 [0x10] 1443385740000 [0x11] 0 [0x12] 0 [0x13] 0 [0x14] 0 [0x15] 0 [0x16] 0 [0x17] 0 [0x18] 3 [0x20] 857 [0x21] 866 [0x22] 1 [0x23] 3 
D/Sensor[0x01]( 4379): [0x01] 1 [0x02] 0.04 [0x03] 0.797 [0x04] 1 [0x05] 0 [0x06] 0.0 [0x07] 5 [0x08] 1 [0x09] 1443385680000 [0x10] 1443385680000 [0x11] 0 [0x12] 0 [0x13] 0 [0x14] 0 [0x15] 0 [0x16] 0 [0x17] 0 [0x18] 3 [0x20] 857 [0x21] 867 [0x22] 1 [0x23] 3 
D/PowerManagerService(  829): [PWL] sb release: PowerManagerService.Broadcasts
D/Sensorhubs(  312): readContextData: 1, 1, 7, 0
D/SensorHubManager(  829): onGetSensorHubDataLocked: library = 1, 1, 7, 0
D/CAE     (  829): onGetSensorHubData(SensorHubParserProvider.java:87) - onGetSensorHubData Event [event buffer len :4], AP_WAKEUP
I/CAE     (  829): parse(SensorHubParserProvider.java:166) - buffer size = 4
I/CAE     (  829): parse(SensorHubParserProvider.java:177) - 1, 1, 7, 0,
D/dalvikvm( 3474): GC_CONCURRENT freed 3083K, 42% free 26187K/44836K, paused 3ms+4ms, total 84ms
D/CAE     (  829): display(ContextProvider.java:365) - ================= AUTO_ROTATION =================
D/AdaptiveEventManager( 1214): setAdaptiveEvent() requestClass = com.sec.android.app.shealth.walkingmate.service.WalkingMateDayStepService smallView=not null bigView=not null
I/CAE     (  829): display(ContextProvider.java:381) - Angle=[0]
D/SViewCoverView( 1799): BroadcastReceiver onReceive() : action : com.samsung.cover.REMOTEVIEWS_UPDATE
D/SViewCoverView( 1799): handleUpdateRemoteView
D/SContextService(  829): updateSContext() : event = Auto Rotation
D/AdaptiveEventManager( 1214): mViewList[PEDOMETER].view=android.widget.RelativeLayout{42f7dbb8 VFE...C. ......I. 0,0-0,0 #7f0f0799 app:id/root_view}
D/AdaptiveEventManager( 1214): M updateContainers()
D/AdaptiveEventContainerSmall( 1214): C updatePedoContainer()
D/AdaptiveEventContainerSmall( 1214): handlePedoUpdate()
I/dalvikvm( 4379): Jit: resizing JitTable from 4096 to 8192
V/WindowOrientationListener(  829): mSContextAutoRotationListener.onSContextChanged, Rotation: 0
D/AdaptiveEventManager( 1214): setAdaptiveEvent() requestClass = com.sec.android.app.shealth.walkingmate.service.WalkingMateDayStepService smallView=not null bigView=not null
D/SViewCoverView( 1799): BroadcastReceiver onReceive() : action : com.samsung.cover.REMOTEVIEWS_UPDATE
D/SViewCoverView( 1799): handleUpdateRemoteView
D/AdaptiveEventManager( 1214): mViewList[PEDOMETER].view=android.widget.RelativeLayout{45c05000 VFE...C. ......I. 0,0-0,0 #7f0f0799 app:id/root_view}
D/AdaptiveEventManager( 1214): M updateContainers()
D/AdaptiveEventContainerSmall( 1214): C updatePedoContainer()
D/AdaptiveEventContainerSmall( 1214): handlePedoUpdate()
D/dalvikvm(  829): GC_CONCURRENT freed 7812K, 17% free 49688K/59364K, paused 8ms+21ms, total 260ms
I/SQLiteSecureOpenHelper( 4379): getReadableDatabase(pwd)
I/SQLiteSecureOpenHelper( 4379): getDatabaseLocked(b,b,pwd)...
D/Sensorhubs(  312): readContextData: 1, 1, 14, 0
D/SensorHubManager(  829): onGetSensorHubDataLocked: library = 1, 1, 14, 0
D/CAE     (  829): onGetSensorHubData(SensorHubParserProvider.java:87) - onGetSensorHubData Event [event buffer len :4], AP_WAKEUP
I/CAE     (  829): parse(SensorHubParserProvider.java:166) - buffer size = 4
I/CAE     (  829): parse(SensorHubParserProvider.java:177) - 1, 1, 14, 0,
D/CAE     (  829): display(ContextProvider.java:365) - ================= FLIP_COVER_ACTION =================
I/CAE     (  829): display(ContextProvider.java:381) - Action=[0]
D/SContextService(  829): updateSContext() : event = Flip Cover Action
D/InputReader(  829): setFlipCoverTouchEnabled/clearCoverOpen/adjustTouch: 1,1, 0
D/MotionRecognitionService(  829): [ FLIP_COVER_ACTION_OPEN ]
D/MotionRecognitionService(  829): setFlipCoverTouchEnabled to true
D/dalvikvm( 1799): GC_CONCURRENT freed 1638K, 34% free 17351K/26020K, paused 1ms+2ms, total 102ms
I/SQLiteSecureOpenHelper( 4379): getReadableDatabase(pwd)
I/SQLiteSecureOpenHelper( 4379): getDatabaseLocked(b,b,pwd)...
D/dalvikvm( 4379): GC_CONCURRENT freed 1560K, 28% free 18903K/26020K, paused 3ms+2ms, total 58ms
D/dalvikvm( 4379): WAIT_FOR_CONCURRENT_GC blocked 41ms
D/CustomFrequencyManagerService(  829): releaseDVFSLockLocked : Getting Lock type frm List : DVFS_MIN_LIMIT  frequency : 1890000  uid : 1000  pid : 829  tag : WAKEUP_BOOSTER@25
I/SQLiteSecureOpenHelper( 4379): getWritableDatabase(pwd)
I/SQLiteSecureOpenHelper( 4379): getDatabaseLocked(b,b,pwd)...
I/SQLiteSecureOpenHelper( 4379): getReadableDatabase(pwd)
I/SQLiteSecureOpenHelper( 4379): getDatabaseLocked(b,b,pwd)...
D/STATUSBAR-NetworkController( 1214): onDataActivity: direction=0
D/STATUSBAR-NetworkController( 1214): refreshSignalCluster - setNWBoosterIndicators(false)
D/STATUSBAR-NetworkController( 1214): refreshSignalCluster: data=2 bt=false
D/dalvikvm( 2504): GC_CONCURRENT freed 2032K, 25% free 19689K/26020K, paused 11ms+5ms, total 53ms
D/InputReader(  829): Input event: value=1
D/InputReader(  829): !@notifyKey(116), action=0
D/InputManager-JNI(  829): !@interceptKeyBeforeQueueing(116), action=0
D/InputManager-JNI(  829): !@handleInterceptActions(116), action=0
W/Settings( 1937): Setting airplane_mode_on has moved from android.provider.Settings.System to android.provider.Settings.Global, returning read-only value.
D/STATUSBAR-NetworkController( 1214): onSignalStrengthsChanged signalStrength=SignalStrength: 99 -1 -1 -1 -1 -1 -1 16 -116 2147483647 0 -1 2147483647 gsm|lte 0x2 level=2
D/InputReader(  829): Input event: value=0
D/InputReader(  829): !@notifyKey(116), action=1
D/InputManager-JNI(  829): !@interceptKeyBeforeQueueing(116), action=1
D/InputManager-JNI(  829): !@handleInterceptActions(116), action=1
E/LightSensor(  829): Light old sensor_state 129, new sensor_state : 1 en : 0
D/PowerManagerService(  829): [api] [s] goToSleepFromNative: 0 (uid: 1000 pid: 829) eventTime = 3623547
I/PowerManagerService(  829): !@[ps] Screen__Off(0) :  goToSleepFromNative:  (uid: 1000 pid: 829)
I/PowerManagerService(  829): Going to sleep by user request...
D/PowerManagerService(  829): [s] WAKEFULNESS_ASLEEP
D/PowerManagerService(  829): [s] UserActivityState : 1 -> 0
D/DisplayPowerController(  829): [DAB] setLightSensorEnabled : Send Update unregisterListener mLightSensor
D/DisplayPowerController(  829): [DAB] setLightSensorEnabled : unregisterListener mLightSensor
I/DisplayPowerController(  829): [DAB] fileWriteInt : /sys/class/backlight/panel/auto_brightness  value : 0
D/SensorManager(  829): unregisterListener ::   
E/Sensors (  829): Acc old sensor_state 1, new sensor_state : 0 en : 0
D/SensorManager(  829): unregisterListener ::   
I/SurfaceFlinger(  303): id=153 createSurf (1080x1920),-1 flag=20004, FlectronBea
D/PowerManagerService(  829): [s] mDisplayPowerControllerCallbacks : onElectronBeamExit() : false
D/DisplayPowerController(  829): !@ElectronBeam entry
D/lights  (  829): lcd : 0 +
D/lights  (  829): lcd : 0 -
D/SContextService(  829): 	.unregisterCallback : 3, client=
E/MISC PowerHAL(  829): sysfs_write : Error opening /sys/class/input/event19/device/enabled: No such file or directory
D/SContextService(  829): unregisterCallback() : Listener = android.hardware.scontext.SContextService$Listener@44cafe28, Service = Auto Rotation, used = 1
W/CAE     (  829): unregisterCallback(ContextAwareService.java:199) - [unregi 01] Mutex is locked for AUTO_ROTATION
D/lights  (  829): button : 0 +
D/lights  (  829): button : 0 -
D/PersonaManager( 1214): isKioskContainerExistOnDevice
V/CAE     (  829): stop(ContextProvider.java:149)
D/KeyguardViewMediator( 1214): onScreenTurnedOff(2)
I/KeyguardEffectViewMain( 1214): *** KeyguardEffectView getInstanceIfExists ***
V/CAE     (  829): clear(AutoRotationRunner.java:182)
D/PowerManagerService(  829): blankAllDisplays() is called.
D/PowerManagerService(  829): [s] mDisplayPowerControllerCallbacks : onStateChanged()
D/PowerManagerService(  829): [PWL] sb acquire: PowerManagerService.Broadcasts
D/PowerManagerService(  829): [PWL] sb release: PowerManagerService.Display
V/CAE     (  829): disable(AutoRotationRunner.java:171)
D/KeyguardViewMediator( 1214): notifyScreenOffLocked
E/KeyguardViewMediator( 1214): resetStateLocked
D/KeyguardViewMediator( 1214): handleNotifyScreenOff
D/KeyguardViewManager( 1214): onScreenTurnedOff()
D/KeyguardHostView( 1214): screen off, instance 453b34d8 at 3623851
I/CAE     (  829): sendCmdToSensorHub(SensorHubCommManager.java:144) - -78, 7, 0, 0,
D/SensorHubManager(  829): SendSensorHubData: send data = -78, 7, 0, 0
D/Sensorhubs(  312): sendContextData: -78, 7, 0, 0
E/MISC PowerHAL(  829): sysfs_write : Error opening /sys/class/input/event3/device/enabled: No such file or directory
D/MISC PowerHAL(  829): sysfs_write +: /sys/class/power_supply/battery/lcd: 0
D/LockPatternUtils( 1214): isPcwEnable = null
D/MISC PowerHAL(  829): sysfs_write -: /sys/class/power_supply/battery/lcd: 0
D/SurfaceFlinger(  303): Screen released, type=0 flinger=0xb7fd1500
D/qdhwcomposer(  303): hwc_blank: Blanking display: 0
I/MDPP    (  829): Property: None
V/KeyguardHostView( 1214): showPrimarySecurityScreen(turningOff=true)
I/MDPP    ( 1214): Property: None
D/KeyguardHostView( 1214): showSecurityScreen(PIN)
D/CAE     (  829): getFaultDetectionResult(AutoRotationRunner.java:195) - true
I/CAE     (  829): notifyCmdProcessResultObserver(ContextProvider.java:617) - CheckResult = 0, Cause = Success
D/PowerManagerService(  829): !@[s] blankAllDisplays() : blankAllDisplaysFromPowerManage
I/KeyguardEffectViewMain( 1214): *** KeyguardEffectView getInstance ***
D/VisualEffectCircleUnlockEffect( 1214): KeyguardEffectViewNone : screenTurnedOff
D/PersonaManager( 1214): isKioskContainerExistOnDevice
D/KeyguardViewMediator( 1214): Kiosk container not exists on device or sim lock exists.
D/KeyguardViewMediator( 1214): handleReset
D/KeyguardViewManager( 1214): reset()
D/KeyguardHostView( 1214): onSaveInstanceState, tstate=1
V/KeyguardUpdateMonitor( 1214): *** unregister callback for com.android.keyguard.KeyguardWidgetFrame$1@4547df60
V/KeyguardUpdateMonitor( 1214): *** unregister callback for com.android.keyguard.CarrierText$1@45818bd8
