--------- beginning of /dev/log/system
I/ActivityManager(  829): Killing 20658:com.google.android.apps.walletnfcrel/u0a53 (adj 15): empty for 1800s
I/ActivityManager(  829): Killing 20618:com.google.android.gms.wearable/u0a66 (adj 15): empty for 1801s
V/VibratorService(  829): vibrateImmVibePatternMagnitudeType - magnitudeType: TouchMagnitude
D/VibratorService(  829): ImmVibe vibratorOff()
V/VibratorService(  829): vibrateImmVibePattern - package: com.sec.android.inputmethod, magnitude: 6000
D/DisplayPowerController(  829): applyLightSensorMeasurementSEC : mIsLockZone = false
D/STATUSBAR-NetworkController( 1214): onSignalStrengthsChanged signalStrength=SignalStrength: 99 -1 -1 -1 -1 -1 -1 19 -117 2147483647 -34 -1 2147483647 gsm|lte 0x2 level=2
D/DisplayPowerController(  829): applyLightSensorMeasurementSEC : mIsLockZone = true
D/DisplayPowerController(  829): applyLightSensorMeasurementSEC : mIsLockZone = false
D/DisplayPowerController(  829): applyLightSensorMeasurementSEC : mIsLockZone = true
D/STATUSBAR-NetworkController( 1214): onDataActivity: direction=0
D/STATUSBAR-NetworkController( 1214): refreshSignalCluster - setNWBoosterIndicators(false)
D/STATUSBAR-NetworkController( 1214): refreshSignalCluster: data=2 bt=false
D/SSRMv2:SIOP(  829): SIOP:: AP = 440 (0), Delta = 0
D/STATUSBAR-NetworkController( 1214): onSignalStrengthsChanged signalStrength=SignalStrength: 99 -1 -1 -1 -1 -1 -1 21 -116 2147483647 -34 -1 2147483647 gsm|lte 0x2 level=2
V/VibratorService(  829): vibrateImmVibePatternMagnitudeType - magnitudeType: TouchMagnitude
D/VibratorService(  829): ImmVibe vibratorOff()
V/VibratorService(  829): vibrateImmVibePattern - package: com.sec.android.inputmethod, magnitude: 6000
W/ContextImpl(  829): Calling a method in the system process without a qualified user: android.app.ContextImpl.sendBroadcast:1513 com.android.server.InputMethodManagerService$4.run:2773 java.lang.Thread.run:841 <bottom of call stack> <bottom of call stack> 
D/CustomFrequencyManagerService(  829): acquireDVFSLockLocked : type : DVFS_MIN_LIMIT  frequency : 1350000  uid : 1000  pid : 829  pkgName : ACTIVITY_RESUME_BOOSTER@6
W/ActivityManager(  829): mDVFSHelper.acquire()
W/ContextImpl( 1604): Calling a method in the system process without a qualified user: android.app.ContextImpl.sendBroadcast:1513 android.content.ContextWrapper.sendBroadcast:377 com.diotek.ime.framework.common.InputManagerImpl.sendInputLanguage:9766 com.diotek.ime.framework.common.InputManagerImpl.initDefaultLanguage:5147 com.diotek.ime.framework.common.InputManagerImpl.initSelectedLanguage:5388 
V/SmartFaceService - 3rd party pause(  829): onReceive [android.intent.action.ACTIVITY_STATE/com.google.android.googlequicksearchbox/pause]
D/PowerManagerService(  829): setKeyboardVisibility: false
V/SmartFaceService - 3rd party pause(  829): onReceive [android.intent.action.ACTIVITY_STATE/com.google.android.googlequicksearchbox/create]
W/ContextImpl( 1604): Calling a method in the system process without a qualified user: android.app.ContextImpl.sendBroadcast:1513 android.content.ContextWrapper.sendBroadcast:377 com.diotek.ime.framework.common.InputManagerImpl.sendInputLanguage:9766 com.diotek.ime.framework.common.InputManagerImpl.setLanguage:5716 com.diotek.ime.framework.common.InputManagerImpl.startInputViewContinue:3562 
D/StatusBarManagerService(  829): tr p:5418,o:f
D/StatusBarManagerService(  829): semi p:5418,o:f
D/STATUSBAR-StatusBarManagerService(  829): manageDisableList what=0x0 pkg=WindowManager.LayoutParams
W/ContextImpl( 1604): Calling a method in the system process without a qualified user: android.app.ContextImpl.sendBroadcast:1513 android.content.ContextWrapper.sendBroadcast:377 com.diotek.ime.framework.common.InputManagerImpl.sendBroadcaseSIPShown:9576 com.diotek.ime.framework.common.InputManagerImpl.startInputView:3368 com.sec.android.inputmethod.SamsungKeypad.onStartInputView:335 
D/STATUSBAR-StatusBarManagerService(  829): manageDisableList what=0x0 pkg=WindowManager.LayoutParams
W/ContextImpl( 1604): Calling a method in the system process without a qualified user: android.app.ContextImpl.sendBroadcast:1513 android.content.ContextWrapper.sendBroadcast:377 android.inputmethodservice.InputMethodService.sendInputViewShownState:408 android.inputmethodservice.InputMethodService.showWindow:1845 android.inputmethodservice.InputMethodService$InputMethodImpl.showSoftInput:559 
D/SSRMv2:TSP:AirViewOnOff(  829): SettingsAirViewInfo:: 000000000
D/CustomFrequencyManagerService(  829): releaseDVFSLockLocked : Getting Lock type frm List : DVFS_MIN_LIMIT  frequency : 1350000  uid : 1000  pid : 829  tag : ACTIVITY_RESUME_BOOSTER@6
D/CustomFrequencyManagerService(  829): acquireDVFSLockLocked : type : DVFS_MIN_LIMIT  frequency : 1350000  uid : 1000  pid : 829  pkgName : ACTIVITY_RESUME_BOOSTER@10
W/ActivityManager(  829): mDVFSHelper.release()
W/ContextImpl(  829): Calling a method in the system process without a qualified user: android.app.ContextImpl.sendBroadcast:1527 com.android.server.StatusBarManagerService.sendNotification:987 com.android.server.StatusBarManagerService.updateNotification:696 com.android.server.NotificationManagerService$7.run:2178 android.os.Handler.handleCallback:733 
D/STATUSBAR-StatusBarManagerService(  829): sendNotification(2) - 17041272
W/ContextImpl( 1604): Calling a method in the system process without a qualified user: android.app.ContextImpl.sendBroadcast:1513 android.content.ContextWrapper.sendBroadcast:377 android.inputmethodservice.InputMethodService.sendInputViewShownState:408 android.inputmethodservice.InputMethodService.hideWindow:1985 android.inputmethodservice.InputMethodService.doHideWindow:1963 
D/SViewCoverView( 1799): BroadcastReceiver onReceive() : action : com.android.server.NotificationManagerService.NotificationArrived
W/ContextImpl(  829): Calling a method in the system process without a qualified user: android.app.ContextImpl.sendBroadcast:1527 com.android.server.StatusBarManagerService.sendNotification:987 com.android.server.StatusBarManagerService.removeNotification:712 com.android.server.NotificationManagerService.cancelNotificationLocked:2499 com.android.server.NotificationManagerService.access$5200:161 
D/STATUSBAR-StatusBarManagerService(  829): sendNotification(3) - 17041272
D/NotificationService(  829):  Sending broadcast for cancel notification = StatusBarNotification(pkg=android user=UserHandle{-1} id=17041272 tag=null score=0: Notification(pri=0 icon=10804ec contentView=android/0x1090083 vibrate=null sound=null defaults=0x0 flags=0x1002 when=0 ledARGB=0x0 contentIntent=Y deleteIntent=N contentTitle=19 contentText=16 originalPackageName=N originalUserId=0 tickerText=N kind=[android.system.imeswitcher]))
W/ContextImpl(  829): Calling a method in the system process without a qualified user: android.app.ContextImpl.sendBroadcast:1513 com.android.server.NotificationManagerService.cancelNotificationLocked:2577 com.android.server.NotificationManagerService.access$5200:161 com.android.server.NotificationManagerService$8.run:2630 android.os.Handler.handleCallback:733 
D/LightsService(  829): [api] [SvcLED] turnOff:: id = 4 (uid: 1000 pid: 829) 
D/LightsService(  829): [SvcLED] setSvcLedStateLocked:: SvcLEDState : 0x0 -> 0x0 | SvcLED(id=4) set Off
D/LightsService(  829): [SvcLED] Lux failed to be updated in 700ms. -> handleForcedSvcLEDTasK
D/LightsService(  829): [SvcLED]  setSvcLedLightLocked :: Current SvcLED(id=3) maintains its priority right
D/UserManagerService(  829): User -1does not exists!!
E/PersonaManagerService(  829): returning null in  getPersonasForUser
D/SSRMv2:TSP:AirViewOnOff(  829): SettingsAirViewInfo:: 000000000
D/UserManagerService(  829): User -1does not exists!!
W/ContextImpl(  829): Calling a method in the system process without a qualified user: android.app.ContextImpl.sendBroadcast:1513 com.android.server.InputMethodManagerService$4.run:2773 java.lang.Thread.run:841 <bottom of call stack> <bottom of call stack> 
D/STATUSBAR-IconMerger( 1214): checkOverflow(648), More:false, Req:false Child:1
D/STATUSBAR-NetworkController( 1214): onDataActivity: direction=3
D/STATUSBAR-NetworkController( 1214): refreshSignalCluster - setNWBoosterIndicators(false)
D/STATUSBAR-NetworkController( 1214): refreshSignalCluster: data=2 bt=false
D/MotionRecognitionService(  829):  ssp status : true
D/CustomFrequencyManagerService(  829): releaseDVFSLockLocked : Getting Lock type frm List : DVFS_MIN_LIMIT  frequency : 1350000  uid : 1000  pid : 829  tag : ACTIVITY_RESUME_BOOSTER@10
D/STATUSBAR-NetworkController( 1214): onSignalStrengthsChanged signalStrength=SignalStrength: 99 -1 -1 -1 -1 -1 -1 21 -113 2147483647 -36 -1 2147483647 gsm|lte 0x3 level=3
D/STATUSBAR-NetworkController( 1214): refreshSignalCluster - setNWBoosterIndicators(false)
D/STATUSBAR-NetworkController( 1214): refreshSignalCluster: data=2 bt=false
D/STATUSBAR-IconMerger( 1214): checkOverflow(648), More:false, Req:false Child:1
D/DisplayPowerController(  829): applyLightSensorMeasurementSEC : mIsLockZone = false
D/DisplayPowerController(  829): applyLightSensorMeasurementSEC : mIsLockZone = true
D/DisplayPowerController(  829): applyLightSensorMeasurementSEC : mIsLockZone = false
D/STATUSBAR-NetworkController( 1214): onSignalStrengthsChanged signalStrength=SignalStrength: 99 -1 -1 -1 -1 -1 -1 18 -113 2147483647 -36 -1 2147483647 gsm|lte 0x3 level=3
D/STATUSBAR-NetworkController( 1214): onDataActivity: direction=0
D/STATUSBAR-NetworkController( 1214): refreshSignalCluster - setNWBoosterIndicators(false)
D/STATUSBAR-NetworkController( 1214): refreshSignalCluster: data=2 bt=false
V/AlarmManager(  829): waitForAlarm result :4
V/AlarmManager(  829): trigger ELAPSED_REALTIME_WAKEUP or RTC_WAKEUP
E/Watchdog(  829): !@Sync 104
D/STATUSBAR-NetworkController( 1214): onDataActivity: direction=3
D/STATUSBAR-NetworkController( 1214): refreshSignalCluster - setNWBoosterIndicators(false)
D/STATUSBAR-NetworkController( 1214): refreshSignalCluster: data=2 bt=false
D/DisplayPowerController(  829): applyLightSensorMeasurementSEC : mIsLockZone = true
D/DisplayPowerController(  829): applyLightSensorMeasurementSEC : mIsLockZone = false
D/STATUSBAR-NetworkController( 1214): onDataActivity: direction=0
D/STATUSBAR-NetworkController( 1214): refreshSignalCluster - setNWBoosterIndicators(false)
D/STATUSBAR-NetworkController( 1214): refreshSignalCluster: data=2 bt=false
D/SSRMv2:SIOP(  829): SIOP:: AP = 440 (0), Delta = 0
V/AlarmManager(  829): waitForAlarm result :8
D/BatteryService(  829): level:88, scale:100, status:3, health:2, present:true, voltage: 4001, temperature: 333, technology: Li-ion, AC powered:false, USB powered:false, Wireless powered:false, icon:17303613, invalid charger:0, online:1, current avg:460, charge type:0, power sharing:false, high voltage charger:false
D/BatteryService(  829): Sending ACTION_BATTERY_CHANGED.
D/UiModeManager(  829): mCoverManager.getCoverState() : true
D/SViewCoverView( 1799): BroadcastReceiver onReceive() : action : android.intent.action.BATTERY_CHANGED
D/SViewCoverView( 1799): level :88 plugged : 0
D/STATUSBAR-PhoneStatusBar( 1214):  mBrightnessEnablebySettings = true mBrightnessEnablebyBattery = true mBrightnessEnablebyDisableFlag = true mPmsBrightnessEnablebySettings = true
D/BatteryMeterView( 1214): ACTION_BATTERY_CHANGED : level:88 status:3 health:2
D/STATUSBAR-NetworkController( 1214): onDataActivity: direction=3
D/STATUSBAR-NetworkController( 1214): refreshSignalCluster - setNWBoosterIndicators(false)
D/STATUSBAR-NetworkController( 1214): refreshSignalCluster: data=2 bt=false
D/STATUSBAR-NetworkController( 1214): onDataActivity: direction=2
D/STATUSBAR-NetworkController( 1214): refreshSignalCluster - setNWBoosterIndicators(false)
D/STATUSBAR-NetworkController( 1214): refreshSignalCluster: data=2 bt=false
D/STATUSBAR-NetworkController( 1214): onDataActivity: direction=3
D/STATUSBAR-NetworkController( 1214): refreshSignalCluster - setNWBoosterIndicators(false)
D/STATUSBAR-NetworkController( 1214): refreshSignalCluster: data=2 bt=false
D/STATUSBAR-NetworkController( 1214): onSignalStrengthsChanged signalStrength=SignalStrength: 99 -1 -1 -1 -1 -1 -1 19 -115 2147483647 -34 -1 2147483647 gsm|lte 0x2 level=2
D/STATUSBAR-NetworkController( 1214): refreshSignalCluster - setNWBoosterIndicators(false)
D/STATUSBAR-NetworkController( 1214): refreshSignalCluster: data=2 bt=false
D/STATUSBAR-IconMerger( 1214): checkOverflow(648), More:false, Req:false Child:1
D/STATUSBAR-NetworkController( 1214): onDataActivity: direction=0
D/STATUSBAR-NetworkController( 1214): refreshSignalCluster - setNWBoosterIndicators(false)
D/STATUSBAR-NetworkController( 1214): refreshSignalCluster: data=2 bt=false
D/STATUSBAR-NetworkController( 1214): onSignalStrengthsChanged signalStrength=SignalStrength: 99 -1 -1 -1 -1 -1 -1 19 -115 2147483647 -42 -1 2147483647 gsm|lte 0x2 level=2
D/STATUSBAR-NetworkController( 1214): onSignalStrengthsChanged signalStrength=SignalStrength: 99 -1 -1 -1 -1 -1 -1 19 -115 2147483647 -40 -1 2147483647 gsm|lte 0x2 level=2
D/STATUSBAR-NetworkController( 1214): onDataActivity: direction=3
D/STATUSBAR-NetworkController( 1214): refreshSignalCluster - setNWBoosterIndicators(false)
D/STATUSBAR-NetworkController( 1214): refreshSignalCluster: data=2 bt=false
D/STATUSBAR-NetworkController( 1214): onDataActivity: direction=0
D/STATUSBAR-NetworkController( 1214): refreshSignalCluster - setNWBoosterIndicators(false)
D/STATUSBAR-NetworkController( 1214): refreshSignalCluster: data=2 bt=false
D/SSRMv2:SIOP(  829): SIOP:: AP = 430 (0), Delta = -10
D/STATUSBAR-NetworkController( 1214): onDataActivity: direction=2
D/STATUSBAR-NetworkController( 1214): refreshSignalCluster - setNWBoosterIndicators(false)
D/STATUSBAR-NetworkController( 1214): refreshSignalCluster: data=2 bt=false
D/STATUSBAR-NetworkController( 1214): onSignalStrengthsChanged signalStrength=SignalStrength: 99 -1 -1 -1 -1 -1 -1 18 -115 2147483647 -90 -1 2147483647 gsm|lte 0x2 level=2
D/STATUSBAR-NetworkController( 1214): onDataActivity: direction=3
D/STATUSBAR-NetworkController( 1214): refreshSignalCluster - setNWBoosterIndicators(false)
D/STATUSBAR-NetworkController( 1214): refreshSignalCluster: data=2 bt=false
D/STATUSBAR-NetworkController( 1214): onSignalStrengthsChanged signalStrength=SignalStrength: 99 -1 -1 -1 -1 -1 -1 19 -115 2147483647 -2 -1 2147483647 gsm|lte 0x2 level=2
D/STATUSBAR-NetworkController( 1214): onDataActivity: direction=0
D/STATUSBAR-NetworkController( 1214): refreshSignalCluster - setNWBoosterIndicators(false)
D/STATUSBAR-NetworkController( 1214): refreshSignalCluster: data=2 bt=false
D/SSRMv2:SIOP(  829): SIOP:: AP = 430 (0), Delta = 0
V/AlarmManager(  829): waitForAlarm result :4
V/AlarmManager(  829): trigger ELAPSED_REALTIME_WAKEUP or RTC_WAKEUP
D/STATUSBAR-NetworkController( 1214): onDataActivity: direction=3
D/STATUSBAR-NetworkController( 1214): refreshSignalCluster - setNWBoosterIndicators(false)
D/STATUSBAR-NetworkController( 1214): refreshSignalCluster: data=2 bt=false
D/STATUSBAR-NetworkController( 1214): onSignalStrengthsChanged signalStrength=SignalStrength: 99 -1 -1 -1 -1 -1 -1 19 -115 2147483647 -64 -1 2147483647 gsm|lte 0x2 level=2
D/PowerManagerService(  829): [api] userActivityFromNative : 30 (event: 2 flags: 0) eventTime = 3172997
V/AlarmManager(  829): waitForAlarm result :8
D/KeyguardClockWidgetService( 1758): onReceive action=android.intent.action.TIME_TICK
V/AlarmManager(  829): ClockReceiver onReceive() ACTION_TIME_TICK
D/STATUSBAR-IconMerger( 1214): checkOverflow(648), More:false, Req:false Child:1
D/SViewCoverWidget( 1799): initClock() : TimeZone =libcore.util.ZoneInfo[id="America/Chicago",mRawOffset=-21600000,mEarliestRawOffset=-21600000,mUseDst=true,mDstSavings=3600000,transitions=235]
D/STATUSBAR-NetworkController( 1214): onSignalStrengthsChanged signalStrength=SignalStrength: 99 -1 -1 -1 -1 -1 -1 19 -114 2147483647 -70 -1 2147483647 gsm|lte 0x3 level=3
D/STATUSBAR-NetworkController( 1214): refreshSignalCluster - setNWBoosterIndicators(false)
D/STATUSBAR-NetworkController( 1214): refreshSignalCluster: data=2 bt=false
D/STATUSBAR-IconMerger( 1214): checkOverflow(648), More:false, Req:false Child:1
E/Watchdog(  829): !@Sync 105
D/SSRMv2:SIOP(  829): SIOP:: AP = 440 (0), Delta = 10
D/STATUSBAR-NetworkController( 1214): onDataActivity: direction=0
D/STATUSBAR-NetworkController( 1214): refreshSignalCluster - setNWBoosterIndicators(false)
D/STATUSBAR-NetworkController( 1214): refreshSignalCluster: data=2 bt=false
D/STATUSBAR-NetworkController( 1214): onSignalStrengthsChanged signalStrength=SignalStrength: 99 -1 -1 -1 -1 -1 -1 18 -115 2147483647 -52 -1 2147483647 gsm|lte 0x2 level=2
D/STATUSBAR-NetworkController( 1214): refreshSignalCluster - setNWBoosterIndicators(false)
D/STATUSBAR-NetworkController( 1214): refreshSignalCluster: data=2 bt=false
D/STATUSBAR-IconMerger( 1214): checkOverflow(648), More:false, Req:false Child:1
D/STATUSBAR-NetworkController( 1214): onDataActivity: direction=3
D/STATUSBAR-NetworkController( 1214): refreshSignalCluster - setNWBoosterIndicators(false)
D/STATUSBAR-NetworkController( 1214): refreshSignalCluster: data=2 bt=false
D/STATUSBAR-NetworkController( 1214): onSignalStrengthsChanged signalStrength=SignalStrength: 99 -1 -1 -1 -1 -1 -1 18 -115 2147483647 -14 -1 2147483647 gsm|lte 0x2 level=2
D/STATUSBAR-NetworkController( 1214): onDataActivity: direction=0
D/STATUSBAR-NetworkController( 1214): refreshSignalCluster - setNWBoosterIndicators(false)
D/STATUSBAR-NetworkController( 1214): refreshSignalCluster: data=2 bt=false
D/STATUSBAR-NetworkController( 1214): onSignalStrengthsChanged signalStrength=SignalStrength: 99 -1 -1 -1 -1 -1 -1 19 -114 2147483647 -70 -1 2147483647 gsm|lte 0x3 level=3
D/STATUSBAR-NetworkController( 1214): refreshSignalCluster - setNWBoosterIndicators(false)
D/STATUSBAR-NetworkController( 1214): refreshSignalCluster: data=2 bt=false
D/STATUSBAR-IconMerger( 1214): checkOverflow(648), More:false, Req:false Child:1
D/STATUSBAR-NetworkController( 1214): onDataActivity: direction=3
D/STATUSBAR-NetworkController( 1214): refreshSignalCluster - setNWBoosterIndicators(false)
D/STATUSBAR-NetworkController( 1214): refreshSignalCluster: data=2 bt=false
D/DisplayPowerController(  829): applyLightSensorMeasurementSEC : mIsLockZone = true
D/DisplayPowerController(  829): applyLightSensorMeasurementSEC : mIsLockZone = false
D/DisplayPowerController(  829): applyLightSensorMeasurementSEC : mIsLockZone = true
D/DisplayPowerController(  829): applyLightSensorMeasurementSEC : mIsLockZone = false
D/STATUSBAR-NetworkController( 1214): onSignalStrengthsChanged signalStrength=SignalStrength: 99 -1 -1 -1 -1 -1 -1 19 -114 2147483647 -22 -1 2147483647 gsm|lte 0x3 level=3
D/DisplayPowerController(  829): applyLightSensorMeasurementSEC : mIsLockZone = true
D/STATUSBAR-NetworkController( 1214): onSignalStrengthsChanged signalStrength=SignalStrength: 99 -1 -1 -1 -1 -1 -1 20 -113 2147483647 -68 -1 2147483647 gsm|lte 0x3 level=3
D/STATUSBAR-NetworkController( 1214): onDataActivity: direction=0
D/STATUSBAR-NetworkController( 1214): refreshSignalCluster - setNWBoosterIndicators(false)
D/STATUSBAR-NetworkController( 1214): refreshSignalCluster: data=2 bt=false
D/DisplayPowerController(  829): applyLightSensorMeasurementSEC : mIsLockZone = false
D/DisplayPowerController(  829): applyLightSensorMeasurementSEC : mIsLockZone = true
D/DisplayPowerController(  829): applyLightSensorMeasurementSEC : mIsLockZone = false
D/STATUSBAR-NetworkController( 1214): onSignalStrengthsChanged signalStrength=SignalStrength: 99 -1 -1 -1 -1 -1 -1 20 -113 2147483647 -2 -1 2147483647 gsm|lte 0x3 level=3
V/AlarmManager(  829): waitForAlarm result :12
I/ActivityManager(  829): Killing 20353:com.aaa.android.discounts/u0a283 (adj 15): empty for 1802s
I/ActivityManager(  829): Killing 21395:com.android.providers.partnerbookmarks/u0a106 (adj 15): empty for 1803s
D/BatteryService(  829): level:87, scale:100, status:3, health:2, present:true, voltage: 4055, temperature: 335, technology: Li-ion, AC powered:false, USB powered:false, Wireless powered:false, icon:17303613, invalid charger:0, online:1, current avg:460, charge type:0, power sharing:false, high voltage charger:false
V/AlarmManager(  829): trigger ELAPSED_REALTIME_WAKEUP or RTC_WAKEUP
D/BatteryService(  829): Sending ACTION_BATTERY_CHANGED.
D/UiModeManager(  829): mCoverManager.getCoverState() : true
D/STATUSBAR-PhoneStatusBar( 1214):  mBrightnessEnablebySettings = true mBrightnessEnablebyBattery = true mBrightnessEnablebyDisableFlag = true mPmsBrightnessEnablebySettings = true
D/BatteryMeterView( 1214): ACTION_BATTERY_CHANGED : level:87 status:3 health:2
D/SViewCoverView( 1799): BroadcastReceiver onReceive() : action : android.intent.action.BATTERY_CHANGED
D/SViewCoverView( 1799): level :87 plugged : 0
D/BatteryMeterView( 1214): onDraw batteryColor : -1
D/STATUSBAR-NetworkController( 1214): onDataActivity: direction=3
D/STATUSBAR-NetworkController( 1214): refreshSignalCluster - setNWBoosterIndicators(false)
D/STATUSBAR-NetworkController( 1214): refreshSignalCluster: data=2 bt=false
D/SSRMv2:SIOP(  829): SIOP:: AP = 430 (0), Delta = -10
D/STATUSBAR-NetworkController( 1214): onDataActivity: direction=0
D/STATUSBAR-NetworkController( 1214): refreshSignalCluster - setNWBoosterIndicators(false)
D/STATUSBAR-NetworkController( 1214): refreshSignalCluster: data=2 bt=false
D/STATUSBAR-NetworkController( 1214): onSignalStrengthsChanged signalStrength=SignalStrength: 99 -1 -1 -1 -1 -1 -1 20 -112 2147483647 -84 -1 2147483647 gsm|lte 0x3 level=3
D/STATUSBAR-NetworkController( 1214): onSignalStrengthsChanged signalStrength=SignalStrength: 99 -1 -1 -1 -1 -1 -1 20 -112 2147483647 0 -1 2147483647 gsm|lte 0x3 level=3
D/STATUSBAR-NetworkController( 1214): onDataActivity: direction=1
D/STATUSBAR-NetworkController( 1214): refreshSignalCluster - setNWBoosterIndicators(false)
D/STATUSBAR-NetworkController( 1214): refreshSignalCluster: data=2 bt=false
D/DisplayPowerController(  829): applyLightSensorMeasurementSEC : mIsLockZone = true
D/STATUSBAR-NetworkController( 1214): onDataActivity: direction=3
D/STATUSBAR-NetworkController( 1214): refreshSignalCluster - setNWBoosterIndicators(false)
D/STATUSBAR-NetworkController( 1214): refreshSignalCluster: data=2 bt=false
D/STATUSBAR-NetworkController( 1214): onDataActivity: direction=0
D/STATUSBAR-NetworkController( 1214): refreshSignalCluster - setNWBoosterIndicators(false)
D/STATUSBAR-NetworkController( 1214): refreshSignalCluster: data=2 bt=false
D/DisplayPowerController(  829): applyLightSensorMeasurementSEC : mIsLockZone = false
D/DisplayPowerController(  829): applyLightSensorMeasurementSEC : mIsLockZone = true
D/STATUSBAR-NetworkController( 1214): onSignalStrengthsChanged signalStrength=SignalStrength: 99 -1 -1 -1 -1 -1 -1 20 -110 2147483647 0 -1 2147483647 gsm|lte 0x3 level=3
D/STATUSBAR-NetworkController( 1214): onDataActivity: direction=3
D/STATUSBAR-NetworkController( 1214): refreshSignalCluster - setNWBoosterIndicators(false)
D/STATUSBAR-NetworkController( 1214): refreshSignalCluster: data=2 bt=false
D/DisplayPowerController(  829): applyLightSensorMeasurementSEC : mIsLockZone = false
D/STATUSBAR-NetworkController( 1214): onSignalStrengthsChanged signalStrength=SignalStrength: 99 -1 -1 -1 -1 -1 -1 20 -110 2147483647 -30 -1 2147483647 gsm|lte 0x3 level=3
D/DisplayPowerController(  829): applyLightSensorMeasurementSEC : mIsLockZone = true
D/STATUSBAR-NetworkController( 1214): onDataActivity: direction=0
D/STATUSBAR-NetworkController( 1214): refreshSignalCluster - setNWBoosterIndicators(false)
D/STATUSBAR-NetworkController( 1214): refreshSignalCluster: data=2 bt=false
D/DisplayPowerController(  829): applyLightSensorMeasurementSEC : mIsLockZone = false
D/STATUSBAR-NetworkController( 1214): onSignalStrengthsChanged signalStrength=SignalStrength: 99 -1 -1 -1 -1 -1 -1 20 -111 2147483647 -2 -1 2147483647 gsm|lte 0x3 level=3
D/DisplayPowerController(  829): applyLightSensorMeasurementSEC : mIsLockZone = true
D/DisplayPowerController(  829): applyLightSensorMeasurementSEC : mIsLockZone = false
D/STATUSBAR-NetworkController( 1214): onDataActivity: direction=3
D/STATUSBAR-NetworkController( 1214): refreshSignalCluster - setNWBoosterIndicators(false)
D/STATUSBAR-NetworkController( 1214): refreshSignalCluster: data=2 bt=false
D/DisplayPowerController(  829): applyLightSensorMeasurementSEC : mIsLockZone = true
D/DisplayPowerController(  829): applyLightSensorMeasurementSEC : mIsLockZone = false
D/STATUSBAR-NetworkController( 1214): onSignalStrengthsChanged signalStrength=SignalStrength: 99 -1 -1 -1 -1 -1 -1 20 -110 2147483647 -36 -1 2147483647 gsm|lte 0x3 level=3
D/DisplayPowerController(  829): applyLightSensorMeasurementSEC : mIsLockZone = true
D/SSRMv2:SIOP(  829): SIOP:: AP = 430 (0), Delta = 0
D/DisplayPowerController(  829): applyLightSensorMeasurementSEC : mIsLockZone = false
D/STATUSBAR-NetworkController( 1214): onDataActivity: direction=0
D/STATUSBAR-NetworkController( 1214): refreshSignalCluster - setNWBoosterIndicators(false)
D/STATUSBAR-NetworkController( 1214): refreshSignalCluster: data=2 bt=false
D/STATUSBAR-NetworkController( 1214): onSignalStrengthsChanged signalStrength=SignalStrength: 99 -1 -1 -1 -1 -1 -1 20 -110 2147483647 0 -1 2147483647 gsm|lte 0x3 level=3
D/DisplayPowerController(  829): applyLightSensorMeasurementSEC : mIsLockZone = true
D/DisplayPowerController(  829): applyLightSensorMeasurementSEC : mIsLockZone = false
D/DisplayPowerController(  829): applyLightSensorMeasurementSEC : mIsLockZone = true
D/DisplayPowerController(  829): applyLightSensorMeasurementSEC : mIsLockZone = false
D/DisplayPowerController(  829): applyLightSensorMeasurementSEC : mIsLockZone = true
D/DisplayPowerController(  829): applyLightSensorMeasurementSEC : mIsLockZone = false
D/DisplayPowerController(  829): applyLightSensorMeasurementSEC : mIsLockZone = true
D/DisplayPowerController(  829): applyLightSensorMeasurementSEC : mIsLockZone = false
D/STATUSBAR-NetworkController( 1214): onSignalStrengthsChanged signalStrength=SignalStrength: 99 -1 -1 -1 -1 -1 -1 20 -110 2147483647 -46 -1 2147483647 gsm|lte 0x3 level=3
D/DisplayPowerController(  829): applyLightSensorMeasurementSEC : mIsLockZone = true
D/PowerManagerService(  829): [api] userActivityFromNative : 40 (event: 2 flags: 0) eventTime = 3204354
D/STATUSBAR-NetworkController( 1214): onDataActivity: direction=3
D/STATUSBAR-NetworkController( 1214): refreshSignalCluster - setNWBoosterIndicators(false)
D/STATUSBAR-NetworkController( 1214): refreshSignalCluster: data=2 bt=false
D/STATUSBAR-NetworkController( 1214): onDataActivity: direction=0
D/STATUSBAR-NetworkController( 1214): refreshSignalCluster - setNWBoosterIndicators(false)
D/STATUSBAR-NetworkController( 1214): refreshSignalCluster: data=2 bt=false
D/STATUSBAR-NetworkController( 1214): onSignalStrengthsChanged signalStrength=SignalStrength: 99 -1 -1 -1 -1 -1 -1 20 -110 2147483647 0 -1 2147483647 gsm|lte 0x3 level=3
E/Watchdog(  829): !@Sync 106
D/DisplayPowerController(  829): applyLightSensorMeasurementSEC : mIsLockZone = false
D/DisplayPowerController(  829): applyLightSensorMeasurementSEC : mIsLockZone = true
D/STATUSBAR-NetworkController( 1214): onDataActivity: direction=3
D/STATUSBAR-NetworkController( 1214): refreshSignalCluster - setNWBoosterIndicators(false)
D/STATUSBAR-NetworkController( 1214): refreshSignalCluster: data=2 bt=false
D/STATUSBAR-NetworkController( 1214): onDataActivity: direction=0
D/STATUSBAR-NetworkController( 1214): refreshSignalCluster - setNWBoosterIndicators(false)
D/STATUSBAR-NetworkController( 1214): refreshSignalCluster: data=2 bt=false
D/DisplayPowerController(  829): applyLightSensorMeasurementSEC : mIsLockZone = false
D/DisplayPowerController(  829): applyLightSensorMeasurementSEC : mIsLockZone = true
D/DisplayPowerController(  829): applyLightSensorMeasurementSEC : mIsLockZone = false
D/STATUSBAR-NetworkController( 1214): onSignalStrengthsChanged signalStrength=SignalStrength: 99 -1 -1 -1 -1 -1 -1 19 -111 2147483647 -2 -1 2147483647 gsm|lte 0x3 level=3
D/STATUSBAR-NetworkController( 1214): onSignalStrengthsChanged signalStrength=SignalStrength: 99 -1 -1 -1 -1 -1 -1 19 -111 2147483647 -2 -1 2147483647 gsm|lte 0x3 level=3
D/DisplayPowerController(  829): applyLightSensorMeasurementSEC : mIsLockZone = true
D/SSRMv2:SIOP(  829): SIOP:: AP = 460 (0), Delta = 30
D/DisplayPowerController(  829): applyLightSensorMeasurementSEC : mIsLockZone = false
D/DisplayPowerController(  829): applyLightSensorMeasurementSEC : mIsLockZone = true
D/DisplayPowerController(  829): applyLightSensorMeasurementSEC : mIsLockZone = false
D/DisplayPowerController(  829): applyLightSensorMeasurementSEC : mIsLockZone = true
D/STATUSBAR-NetworkController( 1214): onSignalStrengthsChanged signalStrength=SignalStrength: 99 -1 -1 -1 -1 -1 -1 19 -111 2147483647 0 -1 2147483647 gsm|lte 0x3 level=3
D/PowerManagerService(  829): [api] userActivityFromNative : 50 (event: 2 flags: 0) eventTime = 3212598
D/STATUSBAR-NetworkController( 1214): onDataActivity: direction=2
D/STATUSBAR-NetworkController( 1214): refreshSignalCluster - setNWBoosterIndicators(false)
D/STATUSBAR-NetworkController( 1214): refreshSignalCluster: data=2 bt=false
D/STATUSBAR-NetworkController( 1214): onSignalStrengthsChanged signalStrength=SignalStrength: 99 -1 -1 -1 -1 -1 -1 19 -111 2147483647 -2 -1 2147483647 gsm|lte 0x3 level=3
D/DisplayPowerController(  829): applyLightSensorMeasurementSEC : mIsLockZone = false
D/DisplayPowerController(  829): applyLightSensorMeasurementSEC : mIsLockZone = true
D/DisplayPowerController(  829): applyLightSensorMeasurementSEC : mIsLockZone = false
D/DisplayPowerController(  829): applyLightSensorMeasurementSEC : mIsLockZone = true
D/STATUSBAR-NetworkController( 1214): onDataActivity: direction=3
D/STATUSBAR-NetworkController( 1214): refreshSignalCluster - setNWBoosterIndicators(false)
D/STATUSBAR-NetworkController( 1214): refreshSignalCluster: data=2 bt=false
D/DisplayPowerController(  829): applyLightSensorMeasurementSEC : mIsLockZone = false
D/STATUSBAR-NetworkController( 1214): onSignalStrengthsChanged signalStrength=SignalStrength: 99 -1 -1 -1 -1 -1 -1 19 -112 2147483647 -64 -1 2147483647 gsm|lte 0x3 level=3
D/DisplayPowerController(  829): applyLightSensorMeasurementSEC : mIsLockZone = true
D/DisplayPowerController(  829): applyLightSensorMeasurementSEC : mIsLockZone = false
D/DisplayPowerController(  829): applyLightSensorMeasurementSEC : mIsLockZone = true
D/STATUSBAR-NetworkController( 1214): onDataActivity: direction=0
D/STATUSBAR-NetworkController( 1214): refreshSignalCluster - setNWBoosterIndicators(false)
D/STATUSBAR-NetworkController( 1214): refreshSignalCluster: data=2 bt=false
V/AlarmManager(  829): waitForAlarm result :4
D/BatteryService(  829): level:87, scale:100, status:3, health:2, present:true, voltage: 4025, temperature: 337, technology: Li-ion, AC powered:false, USB powered:false, Wireless powered:false, icon:17303613, invalid charger:0, online:1, current avg:460, charge type:0, power sharing:false, high voltage charger:false
D/BatteryService(  829): Sending ACTION_BATTERY_CHANGED.
D/STATUSBAR-NetworkController( 1214): onSignalStrengthsChanged signalStrength=SignalStrength: 99 -1 -1 -1 -1 -1 -1 20 -112 2147483647 -80 -1 2147483647 gsm|lte 0x3 level=3
D/SViewCoverView( 1799): BroadcastReceiver onReceive() : action : android.intent.action.BATTERY_CHANGED
D/SViewCoverView( 1799): level :87 plugged : 0
D/STATUSBAR-PhoneStatusBar( 1214):  mBrightnessEnablebySettings = true mBrightnessEnablebyBattery = true mBrightnessEnablebyDisableFlag = true mPmsBrightnessEnablebySettings = true
D/BatteryMeterView( 1214): ACTION_BATTERY_CHANGED : level:87 status:3 health:2
V/AlarmManager(  829): trigger ELAPSED_REALTIME_WAKEUP or RTC_WAKEUP
D/UiModeManager(  829): mCoverManager.getCoverState() : true
D/STATUSBAR-NetworkController( 1214): onDataActivity: direction=3
D/STATUSBAR-NetworkController( 1214): refreshSignalCluster - setNWBoosterIndicators(false)
D/STATUSBAR-NetworkController( 1214): refreshSignalCluster: data=2 bt=false
D/DisplayPowerController(  829): applyLightSensorMeasurementSEC : mIsLockZone = false
D/DisplayPowerController(  829): applyLightSensorMeasurementSEC : mIsLockZone = true
D/DisplayPowerController(  829): applyLightSensorMeasurementSEC : mIsLockZone = false
D/SSRMv2:SIOP(  829): SIOP:: AP = 450 (0), Delta = -10
D/STATUSBAR-NetworkController( 1214): onDataActivity: direction=0
D/STATUSBAR-NetworkController( 1214): refreshSignalCluster - setNWBoosterIndicators(false)
D/STATUSBAR-NetworkController( 1214): refreshSignalCluster: data=2 bt=false
D/STATUSBAR-NetworkController( 1214): onSignalStrengthsChanged signalStrength=SignalStrength: 99 -1 -1 -1 -1 -1 -1 18 -112 2147483647 0 -1 2147483647 gsm|lte 0x3 level=3
D/STATUSBAR-NetworkController( 1214): onSignalStrengthsChanged signalStrength=SignalStrength: 99 -1 -1 -1 -1 -1 -1 18 -112 2147483647 -2 -1 2147483647 gsm|lte 0x3 level=3
D/DisplayPowerController(  829): [DAB] updateAutoBrightnessSEC : 73(73.0)    1.0 < 40.0 < 111.0 (0.0)
I/DisplayPowerController(  829): [DAB] fileWriteInt : /sys/class/backlight/panel/auto_brightness  value : 2
D/DisplayPowerController(  829): animation target = 73 (PSM:false, AB limit:(-1 ~ -1) MB Limit:(-1 ~ -1) MAdj:(0, (0, 255)))
D/RampAnimator(  829): Light Animator Finished currentValue=73
D/DisplayPowerController(  829): applyLightSensorMeasurementSEC : mIsLockZone = true
D/DisplayPowerController(  829): applyLightSensorMeasurementSEC : mIsLockZone = false
D/STATUSBAR-NetworkController( 1214): onDataActivity: direction=3
D/STATUSBAR-NetworkController( 1214): refreshSignalCluster - setNWBoosterIndicators(false)
D/STATUSBAR-NetworkController( 1214): refreshSignalCluster: data=2 bt=false
D/STATUSBAR-NetworkController( 1214): onSignalStrengthsChanged signalStrength=SignalStrength: 99 -1 -1 -1 -1 -1 -1 18 -112 2147483647 -90 -1 2147483647 gsm|lte 0x3 level=3
D/STATUSBAR-NetworkController( 1214): onDataActivity: direction=0
D/STATUSBAR-NetworkController( 1214): refreshSignalCluster - setNWBoosterIndicators(false)
D/STATUSBAR-NetworkController( 1214): refreshSignalCluster: data=2 bt=false
D/DisplayPowerController(  829): applyLightSensorMeasurementSEC : mIsLockZone = true
D/DisplayPowerController(  829): applyLightSensorMeasurementSEC : mIsLockZone = false
D/SViewCoverView( 1799): BroadcastReceiver onReceive() : action : com.samsung.cover.REMOTEVIEWS_UPDATE
D/SViewCoverView( 1799): handleUpdateRemoteView
D/SViewCoverView( 1799): BroadcastReceiver onReceive() : action : com.samsung.cover.REMOTEVIEWS_UPDATE
D/SViewCoverView( 1799): handleUpdateRemoteView
D/DisplayPowerController(  829): applyLightSensorMeasurementSEC : mIsLockZone = true
D/DisplayPowerController(  829): applyLightSensorMeasurementSEC : mIsLockZone = false
D/SViewCoverView( 1799): BroadcastReceiver onReceive() : action : com.samsung.cover.REMOTEVIEWS_UPDATE
D/SViewCoverView( 1799): handleUpdateRemoteView
D/STATUSBAR-NetworkController( 1214): onSignalStrengthsChanged signalStrength=SignalStrength: 99 -1 -1 -1 -1 -1 -1 18 -112 2147483647 0 -1 2147483647 gsm|lte 0x3 level=3
D/SViewCoverView( 1799): BroadcastReceiver onReceive() : action : com.samsung.cover.REMOTEVIEWS_UPDATE
D/SViewCoverView( 1799): handleUpdateRemoteView
D/DisplayPowerController(  829): applyLightSensorMeasurementSEC : mIsLockZone = true
D/SViewCoverView( 1799): BroadcastReceiver onReceive() : action : com.samsung.cover.REMOTEVIEWS_UPDATE
D/SViewCoverView( 1799): handleUpdateRemoteView
D/SViewCoverView( 1799): BroadcastReceiver onReceive() : action : com.samsung.cover.REMOTEVIEWS_UPDATE
D/SViewCoverView( 1799): handleUpdateRemoteView
D/DisplayPowerController(  829): applyLightSensorMeasurementSEC : mIsLockZone = false
D/DisplayPowerController(  829): applyLightSensorMeasurementSEC : mIsLockZone = true
D/DisplayPowerController(  829): applyLightSensorMeasurementSEC : mIsLockZone = false
D/SViewCoverView( 1799): BroadcastReceiver onReceive() : action : com.samsung.cover.REMOTEVIEWS_UPDATE
D/SViewCoverView( 1799): handleUpdateRemoteView
D/SViewCoverView( 1799): BroadcastReceiver onReceive() : action : com.samsung.cover.REMOTEVIEWS_UPDATE
D/SViewCoverView( 1799): handleUpdateRemoteView
D/STATUSBAR-NetworkController( 1214): onSignalStrengthsChanged signalStrength=SignalStrength: 99 -1 -1 -1 -1 -1 -1 19 -112 2147483647 -2 -1 2147483647 gsm|lte 0x3 level=3
D/DisplayPowerController(  829): applyLightSensorMeasurementSEC : mIsLockZone = true
D/DisplayPowerController(  829): applyLightSensorMeasurementSEC : mIsLockZone = false
D/SSRMv2:SIOP(  829): SIOP:: AP = 430 (0), Delta = -20
V/AlarmManager(  829): waitForAlarm result :8
D/DisplayPowerController(  829): applyLightSensorMeasurementSEC : mIsLockZone = true
D/DisplayPowerController(  829): applyLightSensorMeasurementSEC : mIsLockZone = false
D/DisplayPowerController(  829): applyLightSensorMeasurementSEC : mIsLockZone = true
D/DisplayPowerController(  829): applyLightSensorMeasurementSEC : mIsLockZone = false
D/DisplayPowerController(  829): applyLightSensorMeasurementSEC : mIsLockZone = true
D/STATUSBAR-NetworkController( 1214): onSignalStrengthsChanged signalStrength=SignalStrength: 99 -1 -1 -1 -1 -1 -1 19 -112 2147483647 -2 -1 2147483647 gsm|lte 0x3 level=3
V/AlarmManager(  829): waitForAlarm result :8
D/STATUSBAR-NetworkController( 1214): onSignalStrengthsChanged signalStrength=SignalStrength: 99 -1 -1 -1 -1 -1 -1 19 -111 2147483647 -48 -1 2147483647 gsm|lte 0x3 level=3
D/KeyguardClockWidgetService( 1758): onReceive action=android.intent.action.TIME_TICK
V/AlarmManager(  829): ClockReceiver onReceive() ACTION_TIME_TICK
D/STATUSBAR-IconMerger( 1214): checkOverflow(648), More:false, Req:false Child:1
D/SViewCoverWidget( 1799): initClock() : TimeZone =libcore.util.ZoneInfo[id="America/Chicago",mRawOffset=-21600000,mEarliestRawOffset=-21600000,mUseDst=true,mDstSavings=3600000,transitions=235]
D/STATUSBAR-NetworkController( 1214): onDataActivity: direction=3
D/STATUSBAR-NetworkController( 1214): refreshSignalCluster - setNWBoosterIndicators(false)
D/STATUSBAR-NetworkController( 1214): refreshSignalCluster: data=2 bt=false
D/DisplayPowerController(  829): applyLightSensorMeasurementSEC : mIsLockZone = false
D/STATUSBAR-NetworkController( 1214): onDataActivity: direction=0
D/STATUSBAR-NetworkController( 1214): refreshSignalCluster - setNWBoosterIndicators(false)
D/STATUSBAR-NetworkController( 1214): refreshSignalCluster: data=2 bt=false
D/PowerManagerService(  829): [s] UserActivityState : 1 -> 2
D/DisplayPowerController(  829): animation target = 10 (PSM:false, AB limit:(-1 ~ -1) MB Limit:(-1 ~ -1) MAdj:(0, (0, 255)))
D/PowerManagerService(  829): [s] mDisplayPowerControllerCallbacks : onStateChanged()
D/RampAnimator(  829): Light Animator Finished currentValue=10
E/Watchdog(  829): !@Sync 107
D/STATUSBAR-NetworkController( 1214): onSignalStrengthsChanged signalStrength=SignalStrength: 99 -1 -1 -1 -1 -1 -1 19 -110 2147483647 -2 -1 2147483647 gsm|lte 0x3 level=3
D/STATUSBAR-NetworkController( 1214): onSignalStrengthsChanged signalStrength=SignalStrength: 99 -1 -1 -1 -1 -1 -1 19 -110 2147483647 0 -1 2147483647 gsm|lte 0x3 level=3
D/DisplayPowerController(  829): applyLightSensorMeasurementSEC : mIsLockZone = true
D/DisplayPowerController(  829): applyLightSensorMeasurementSEC : mIsLockZone = false
D/DisplayPowerController(  829): applyLightSensorMeasurementSEC : mIsLockZone = true
D/DisplayPowerController(  829): applyLightSensorMeasurementSEC : mIsLockZone = false
D/DisplayPowerController(  829): applyLightSensorMeasurementSEC : mIsLockZone = true
D/SSRMv2:SIOP(  829): SIOP:: AP = 420 (0), Delta = -10
D/DisplayPowerController(  829): applyLightSensorMeasurementSEC : mIsLockZone = false
D/PowerManagerService(  829): [s] UserActivityState : 2 -> 1
D/DisplayPowerController(  829): animation target = 73 (PSM:false, AB limit:(-1 ~ -1) MB Limit:(-1 ~ -1) MAdj:(0, (0, 255)))
D/PowerManagerService(  829): [s] mDisplayPowerControllerCallbacks : onStateChanged()
D/RampAnimator(  829): Light Animator Finished currentValue=73
D/STATUSBAR-NetworkController( 1214): onSignalStrengthsChanged signalStrength=SignalStrength: 99 -1 -1 -1 -1 -1 -1 19 -110 2147483647 -50 -1 2147483647 gsm|lte 0x3 level=3
D/STATUSBAR-NetworkController( 1214): onDataActivity: direction=3
D/STATUSBAR-NetworkController( 1214): refreshSignalCluster - setNWBoosterIndicators(false)
D/STATUSBAR-NetworkController( 1214): refreshSignalCluster: data=2 bt=false
D/STATUSBAR-NetworkController( 1214): onDataActivity: direction=0
D/STATUSBAR-NetworkController( 1214): refreshSignalCluster - setNWBoosterIndicators(false)
D/STATUSBAR-NetworkController( 1214): refreshSignalCluster: data=2 bt=false
D/STATUSBAR-NetworkController( 1214): onSignalStrengthsChanged signalStrength=SignalStrength: 99 -1 -1 -1 -1 -1 -1 19 -110 2147483647 -92 -1 2147483647 gsm|lte 0x3 level=3
D/STATUSBAR-NetworkController( 1214): onSignalStrengthsChanged signalStrength=SignalStrength: 99 -1 -1 -1 -1 -1 -1 19 -111 2147483647 -2 -1 2147483647 gsm|lte 0x3 level=3
V/AlarmManager(  829): waitForAlarm result :8
D/DisplayPowerController(  829): applyLightSensorMeasurementSEC : mIsLockZone = true
D/BatteryService(  829): level:87, scale:100, status:3, health:2, present:true, voltage: 4051, temperature: 338, technology: Li-ion, AC powered:false, USB powered:false, Wireless powered:false, icon:17303613, invalid charger:0, online:1, current avg:460, charge type:0, power sharing:false, high voltage charger:false
D/BatteryService(  829): Sending ACTION_BATTERY_CHANGED.
D/SViewCoverView( 1799): BroadcastReceiver onReceive() : action : android.intent.action.BATTERY_CHANGED
D/SViewCoverView( 1799): level :87 plugged : 0
D/STATUSBAR-PhoneStatusBar( 1214):  mBrightnessEnablebySettings = true mBrightnessEnablebyBattery = true mBrightnessEnablebyDisableFlag = true mPmsBrightnessEnablebySettings = true
D/BatteryMeterView( 1214): ACTION_BATTERY_CHANGED : level:87 status:3 health:2
D/UiModeManager(  829): mCoverManager.getCoverState() : true
D/DisplayPowerController(  829): applyLightSensorMeasurementSEC : mIsLockZone = false
D/STATUSBAR-NetworkController( 1214): onDataActivity: direction=3
D/STATUSBAR-NetworkController( 1214): refreshSignalCluster - setNWBoosterIndicators(false)
D/STATUSBAR-NetworkController( 1214): refreshSignalCluster: data=2 bt=false
D/SSRMv2:SIOP(  829): SIOP:: AP = 440 (0), Delta = 20
D/DisplayPowerController(  829): applyLightSensorMeasurementSEC : mIsLockZone = true
D/STATUSBAR-NetworkController( 1214): onDataActivity: direction=0
D/STATUSBAR-NetworkController( 1214): refreshSignalCluster - setNWBoosterIndicators(false)
D/STATUSBAR-NetworkController( 1214): refreshSignalCluster: data=2 bt=false
D/DisplayPowerController(  829): applyLightSensorMeasurementSEC : mIsLockZone = false
D/STATUSBAR-NetworkController( 1214): onSignalStrengthsChanged signalStrength=SignalStrength: 99 -1 -1 -1 -1 -1 -1 20 -111 2147483647 -2 -1 2147483647 gsm|lte 0x3 level=3
V/WindowManager(  829): rotationForOrientationLw(orient=-1, last=0); user=0  sensorRotation=3 mLidState=-1 mDockMode=0 mHdmiPlugged=false mAccelerometerDefault=false gripRotationLock=false
D/SamsungWindowManager(  829): setRotationLw() : rotation=3
D/CustomFrequencyManagerService(  829): acquireDVFSLockLocked : type : DVFS_MIN_LIMIT  frequency : 1890000  uid : 1000  pid : 829  pkgName : ROTATION_BOOSTER@29
D/SSRMv2:TSP:AirViewOnOff(  829): SettingsAirViewInfo:: 000000000
D/PowerManagerService(  829): setKeyboardVisibility: false
I/ActivityManager(  829): Config changes=480 {0 0.93 310mcc260mnc en_US ldltr sw360dp w640dp h335dp 480dpi nrml long land finger -keyb/v/h -nav/h s.11}
D/WindowManager(  829): performLayoutAndPlaceSurfacesLocked called before config changed.
D/PhoneStatusBarView( 1214): marqueeStatusBar:182, mClearCover:0
D/STATUSBAR-QuickSettingPanel( 1214): setSingleLine:true
D/STATUSBAR-QuickSettingPanel( 1214): updateButtonInfo mButtonWidth : 237 mColumnNumber:8 orien: 2
D/STATUSBAR-QuickSettingPanel( 1214): onConfigurationChanged - dynamicallyReduceTextSize
D/STATUSBAR-QuickSettingButton( 1214): dynamicallyReduceTextSize: 237
D/STATUSBAR-QuickSettingButton( 1214): dynamicallyReduceTextSize: 237
D/STATUSBAR-QuickSettingButton( 1214): dynamicallyReduceTextSize: 237
D/STATUSBAR-QuickSettingButton( 1214): dynamicallyReduceTextSize: 237
D/STATUSBAR-QuickSettingButton( 1214): dynamicallyReduceTextSize: 237
D/STATUSBAR-QuickSettingButton( 1214): dynamicallyReduceTextSize: 237
D/STATUSBAR-QuickSettingButton( 1214): dynamicallyReduceTextSize: 237
D/STATUSBAR-QuickSettingButton( 1214): dynamicallyReduceTextSize: 237
D/STATUSBAR-QuickSettingButton( 1214): dynamicallyReduceTextSize: 237
D/STATUSBAR-QuickSettingButton( 1214): dynamicallyReduceTextSize: 237
D/STATUSBAR-QuickSettingButton( 1214): dynamicallyReduceTextSize: 237
D/STATUSBAR-QuickSettingButton( 1214): dynamicallyReduceTextSize: 237
D/STATUSBAR-QuickSettingButton( 1214): dynamicallyReduceTextSize: 237
D/STATUSBAR-QuickSettingButton( 1214): dynamicallyReduceTextSize: 237
D/STATUSBAR-QuickSettingButton( 1214): dynamicallyReduceTextSize: 237
D/STATUSBAR-QuickSettingButton( 1214): dynamicallyReduceTextSize: 237
D/STATUSBAR-QuickSettingButton( 1214): dynamicallyReduceTextSize: 237
D/STATUSBAR-QuickSettingButton( 1214): dynamicallyReduceTextSize: 237
D/STATUSBAR-QuickSettingButton( 1214): dynamicallyReduceTextSize: 237
D/STATUSBAR-QuickSettingButton( 1214): dynamicallyReduceTextSize: 237
E/SmartFaceService(  829): onReceive: android.intent.action.CONFIGURATION_CHANGED
E/SmartFaceService(  829): mFolderCoverOpened: (true, true) -> true
D/SViewCoverView( 1799): BroadcastReceiver onReceive() : action : android.intent.action.CONFIGURATION_CHANGED
D/SViewCoverWidget( 1799): initClock() : TimeZone =libcore.util.ZoneInfo[id="America/Chicago",mRawOffset=-21600000,mEarliestRawOffset=-21600000,mUseDst=true,mDstSavings=3600000,transitions=235]
V/SmartFaceService - 3rd party pause(  829): onReceive [android.intent.action.ACTIVITY_STATE/com.google.android.googlequicksearchbox/recreate]
D/STATUSBAR-IconMerger( 1214): checkOverflow(1440), More:false, Req:false Child:1
D/STATUSBAR-NetworkController( 1214): onReceive() - ACTION_CONFIGURATION_CHANGED
D/STATUSBAR-IconMerger( 1214): checkOverflow(1440), More:false, Req:false Child:1
D/StatusBarManagerService(  829): tr p:5418,o:f
D/StatusBarManagerService(  829): semi p:5418,o:f
D/WindowManager(  829): stopFreezingDisplayLocked: Returning mWaitingForConfig=false, mAppsFreezingScreen=1, mWindowsFreezingScreen=false, mClientFreezingScreen=false
D/DisplayPowerController(  829): applyLightSensorMeasurementSEC : mIsLockZone = true
D/STATUSBAR-NetworkController( 1214): onDataActivity: direction=3
D/STATUSBAR-NetworkController( 1214): refreshSignalCluster - setNWBoosterIndicators(false)
D/STATUSBAR-NetworkController( 1214): refreshSignalCluster: data=2 bt=false
I/WindowManager(  829): Screen frozen for +425ms due to Window{4450a3d8 u0 com.google.android.googlequicksearchbox/com.google.android.apps.gsa.legacyui.VelvetActivity}
W/ContextImpl(  829): Calling a method in the system process without a qualified user: android.app.ContextImpl.sendBroadcast:1513 com.android.server.InputMethodManagerService$4.run:2773 java.lang.Thread.run:841 <bottom of call stack> <bottom of call stack> 
D/MotionRecognitionService(  829):  ssp status : true
V/WindowManager(  829): rotationForOrientationLw(orient=-1, last=3); user=0  sensorRotation=3 mLidState=-1 mDockMode=0 mHdmiPlugged=false mAccelerometerDefault=false gripRotationLock=false
D/STATUSBAR-NetworkController( 1214): onSignalStrengthsChanged signalStrength=SignalStrength: 99 -1 -1 -1 -1 -1 -1 18 -111 2147483647 -82 -1 2147483647 gsm|lte 0x3 level=3
D/CustomFrequencyManagerService(  829): releaseDVFSLockLocked : Getting Lock type frm List : DVFS_MIN_LIMIT  frequency : 1890000  uid : 1000  pid : 829  tag : ROTATION_BOOSTER@29
D/SViewCoverWidget( 1799): initClock() : TimeZone =libcore.util.ZoneInfo[id="America/Chicago",mRawOffset=-21600000,mEarliestRawOffset=-21600000,mUseDst=true,mDstSavings=3600000,transitions=235]
D/STATUSBAR-NetworkController( 1214): onDataActivity: direction=0
D/STATUSBAR-NetworkController( 1214): refreshSignalCluster - setNWBoosterIndicators(false)
D/STATUSBAR-NetworkController( 1214): refreshSignalCluster: data=2 bt=false
D/STATUSBAR-NetworkController( 1214): onSignalStrengthsChanged signalStrength=SignalStrength: 99 -1 -1 -1 -1 -1 -1 20 -111 2147483647 -2 -1 2147483647 gsm|lte 0x3 level=3
D/SViewCoverView( 1799): BroadcastReceiver onReceive() : action : com.samsung.cover.REMOTEVIEWS_UPDATE
D/SViewCoverView( 1799): handleUpdateRemoteView
D/STATUSBAR-NetworkController( 1214): onSignalStrengthsChanged signalStrength=SignalStrength: 99 -1 -1 -1 -1 -1 -1 18 -111 2147483647 -2 -1 2147483647 gsm|lte 0x3 level=3
D/STATUSBAR-NetworkController( 1214): onDataActivity: direction=3
D/STATUSBAR-NetworkController( 1214): refreshSignalCluster - setNWBoosterIndicators(false)
D/STATUSBAR-NetworkController( 1214): refreshSignalCluster: data=2 bt=false
D/STATUSBAR-NetworkController( 1214): onDataActivity: direction=0
D/STATUSBAR-NetworkController( 1214): refreshSignalCluster - setNWBoosterIndicators(false)
D/STATUSBAR-NetworkController( 1214): refreshSignalCluster: data=2 bt=false
D/STATUSBAR-NetworkController( 1214): onSignalStrengthsChanged signalStrength=SignalStrength: 99 -1 -1 -1 -1 -1 -1 18 -112 2147483647 0 -1 2147483647 gsm|lte 0x3 level=3
