D/DisplayPowerController(  829): !@ElectronBeam entry
D/lights  (  829): lcd : 0 +
D/lights  (  829): lcd : 0 -
D/SContextService(  829): 	.unregisterCallback : 3, client=
D/SContextService(  829): unregisterCallback() : Listener = android.hardware.scontext.SContextService$Listener@44120080, Service = Auto Rotation, used = 1
W/CAE     (  829): unregisterCallback(ContextAwareService.java:199) - [unregi 01] Mutex is locked for AUTO_ROTATION
V/CAE     (  829): stop(ContextProvider.java:149)
V/CAE     (  829): clear(AutoRotationRunner.java:182)
D/PowerManagerService(  829): blankAllDisplays() is called.
D/PowerManagerService(  829): [s] mDisplayPowerControllerCallbacks : onStateChanged()
D/PowerManagerService(  829): [PWL] sb acquire: PowerManagerService.Broadcasts
D/KeyguardViewMediator( 1214): onScreenTurnedOff(3)
I/KeyguardEffectViewMain( 1214): *** KeyguardEffectView getInstanceIfExists ***
I/MDPP    (  829): Property: None
I/MDPP    (  829): Property: None
V/CAE     (  829): disable(AutoRotationRunner.java:171)
I/CAE     (  829): sendCmdToSensorHub(SensorHubCommManager.java:144) - -78, 7, 0, 0,
D/SensorHubManager(  829): SendSensorHubData: send data = -78, 7, 0, 0
D/PowerManagerService(  829): [PWL] sb release: PowerManagerService.Display
E/MISC PowerHAL(  829): sysfs_write : Error opening /sys/class/input/event19/device/enabled: No such file or directory
E/MISC PowerHAL(  829): sysfs_write : Error opening /sys/class/input/event3/device/enabled: No such file or directory
D/MISC PowerHAL(  829): sysfs_write +: /sys/class/power_supply/battery/lcd: 0
D/MISC PowerHAL(  829): sysfs_write -: /sys/class/power_supply/battery/lcd: 0
D/PowerManagerService-JNI(  829): Excessive delay in MISC setInteractive(false) while turning screen off: 45ms
D/PowerManagerService(  829): Excessive delay in nativeSetInteractive(false): 57ms
D/PowerManagerService(  829): !@[s] blankAllDisplays() : blankAllDisplaysFromPowerManage
D/Sensorhubs(  312): sendContextData: -78, 7, 0, 0
D/SurfaceFlinger(  303): Screen released, type=0 flinger=0xb7fd1500
D/qdhwcomposer(  303): hwc_blank: Blanking display: 0
D/KeyguardViewMediator( 1214): setting alarm to turn off keyguard, seq = 14
D/CAE     (  829): getFaultDetectionResult(AutoRotationRunner.java:195) - true
I/CAE     (  829): notifyCmdProcessResultObserver(ContextProvider.java:617) - CheckResult = 0, Cause = Success
D/CAE     (  829): doCommendProcess(ContextAwareService.java:314) - complete notify the operation result.
I/CAE     (  829): displayUsedCountForService(ContextAwareService.java:406) - totalCnt = 0, serviceCount = 0, subCollectionCount = 0
D/CAE     (  829): showListenerList(ContextAwareService.java:247) - ===== Context Aware Service List =====
I/CAE     (  829): showListenerList(ContextAwareService.java:256) - Listener : android.hardware.contextaware.manager.ContextAwareService$Listener@43b3d618, Service : PEDOMETER(1)
I/CAE     (  829): showListenerList(ContextAwareService.java:256) - Listener : android.hardware.contextaware.manager.ContextAwareService$Listener@43e97c38, Service : FLIP_COVER_ACTION(1)
W/CAE     (  829): unregisterCallback(ContextAwareService.java:234) - [unregi 02] Mutex is unlocked for AUTO_ROTATION
D/SContextService(  829): removeSContextService() : service = Auto Rotation
D/SContextService(  829): ===== SContext Service List =====
D/SContextService(  829): Listener : android.hardware.scontext.SContextService$Listener@43eb4098, Service : Pedometer
D/SContextService(  829): Listener : android.hardware.scontext.SContextService$Listener@43bde380, Service : Flip Cover Action
D/SContextManager(  829):   .unregisterListener : listener = com.android.internal.policy.impl.WindowOrientationListener$SContextListenerImpl@42afaa68, service=Auto Rotation
D/InputDispatcher(  829): setInputDispatchMode: enabled=0, frozen=0
W/BroadcastQueue(  829): Permission Denial: receiving Intent { act=diagandroid.app.ApplicationState flg=0x10 (has extras) } to com.tmobile.pr.mytmobile/.issueassist.oem.receiver.OemIntentReceiver requires diagandroid.app.receiveDetailedApplicationState due to sender android (uid 1000)
V/SmartFaceService - 3rd party pause(  829): onReceive [android.intent.action.ACTIVITY_STATE/com.google.android.googlequicksearchbox/pause]
I/AudioService(  829): getStreamVolume 3 index 150
I/HotwordDetector( 5418): Closing mic
I/MicrophoneInputStream( 5418): mic_close com.google.android.apps.gsa.speech.audio.x@44c77cd8
W/VelvetPresenter( 5418): Still observing while not the active client
W/VelvetPresenter( 5418): Still observing while not the active client
W/SearchService( 5418): Abort, client detached.
D/AudioStreamInALSA(  307): standby
D/AudioStreamInALSA(  307): standby
D/ALSADevice(  307): standby: handle 0xb7f83d58 h 0x0
V/ALSADevice(  307): standby handle h 0xb7fa0420
D/alsa_ucm(  307): snd_use_case_set(): uc_mgr 0xb7f3ad40 identifier _verb value Inactive
D/alsa_ucm(  307): Set mixer controls for HiFi Rec enable 0
D/alsa_ucm(  307): Setting mixer control: MultiMedia1 Mixer SLIM_0_TX, value: 0
V/ALSADevice(  307): Number of modifiers 0
V/ALSADevice(  307): usecase_type is 0
D/alsa_ucm(  307): snd_use_case_set(): uc_mgr 0xb7f3ad40 identifier _disdev value VR Main Mic
D/alsa_ucm(  307): Set mixer controls for VR Main Mic enable 0
D/alsa_ucm(  307): Setting mixer control: SLIM TX7 MUX, value: ZERO
D/alsa_ucm(  307): Setting mixer control: DEC4 MUX, value: ZERO
D/alsa_ucm(  307): Setting mixer control: ADC3 Volume, value: 0
D/alsa_ucm(  307): Setting mixer control: DEC4 Volume, value: 67
D/alsa_ucm(  307): snd_use_case_set(): uc_mgr 0xb7f3ad40 identifier _disdev value Speaker
D/alsa_ucm(  307): disdev: device Speaker not enabled, no need to disable
V/AudioPolicyManagerBase(  307): stopInput() input 67
W/AudioPolicyManagerBase(  307): stream type [13], return media strategy
W/AudioPolicyManagerBase(  307): stream type [13], return media strategy
W/AudioPolicyManagerBase(  307): stream type [13], return media strategy
W/AudioPolicyManagerBase(  307): stream type [13], return media strategy
W/AudioPolicyManagerBase(  307): stream type [13], return media strategy
W/AudioPolicyManagerBase(  307): stream type [13], return media strategy
V/AudioPolicyManagerBase(  307): getNewDevice() selected device 0
V/AudioPolicyManagerBase(  307): setOutputDevice() output 2 device 0000 force 1 delayMs 0 
V/AudioPolicyManagerBase(  307): setOutputDevice() prevDevice 0002
W/AudioPolicyManagerBase(  307): stream type [13], return media strategy
W/AudioPolicyManagerBase(  307): stream type [13], return media strategy
V/AudioPolicyManagerBase(  307): setOutputDevice() setting same device 0000 or null device for output 2
V/AudioPolicyManagerBase(  307): releaseInput() 67
D/AudioHardwareALSA(  307): closeInputStream: Remove mActiveInput 0xb7f9c418
D/AudioStreamInALSA(  307): close
D/AudioStreamInALSA(  307): close
D/ALSAStreamOps(  307): close
D/ALSADevice(  307): close: handle 0xb7f83d58 h 0x0
D/ALSAStreamOps(  307): close
D/ALSADevice(  307): close: handle 0xb7f83d58 h 0x0
V/ALSADevice(  307): setFlags: flags 12
V/AudioPolicyManagerBase(  307): releaseInput() exit
I/MicroRecognitionRnrImpl( 5418): Stopping hotword detection.
I/MicroRecognitionRnrImpl( 5418): Detection finished
D/AbsListView( 5418): onDetachedFromWindow
D/qdhwcomposer(  303): hwc_blank: Done blanking display: 0
D/SurfaceControl(  829): Excessive delay in blankDisplay() while turning screen off: 255ms
I/libsuspend(  829): !@[s] autosuspend_earlysuspend_enable : 13
D/KeyguardUpdateMonitor( 1214): sendKeyguardVisibilityChanged(true)
D/KeyguardUpdateMonitor( 1214): handleKeyguardVisibilityChanged(1)
D/PowerManagerService(  829): Excessive delay in mDisplayManagerService.blankAllDisplaysFromPowerManager(): 255ms
D/STATUSBAR-NetworkController( 1214): onDataActivity: direction=3
D/STATUSBAR-NetworkController( 1214): refreshSignalCluster - setNWBoosterIndicators(false)
D/STATUSBAR-NetworkController( 1214): refreshSignalCluster: data=2 bt=false
I/libsuspend(  829): !@[s] wait_for_fb_sleep : 13 (1, 0) -
I/libsuspend(  829): !@[s] autosuspend_earlysuspend_enable done : 13
I/libsuspend(  829): !@[s] wait_for_fb_wake : 13 (0, 0) +
D/PowerManagerService(  829): SecHardwareInterface.setBatteryADC : false
I/PowerManagerService(  829): [PWL] Off : 0s ago
I/PowerManagerService(  829): [PWL]   PowerManagerService.Broadcasts: ref count=1
I/DownloadExpConfigTask( 5418): Experiment config has not changed.
V/CAE     (  829): onReceive(CaPowerManager.java:129)
I/CAE     (  829): onReceive(CaPowerManager.java:144) - AP_SLEEP
I/CAE     (  829): updateApPowerStatus(SensorHubParserProvider.java:421) - AP_SLEEP
D/VibratorService(  829): ImmVibe vibratorOff()
I/CAE     (  829): sendCmdToSensorHub(SensorHubCommManager.java:144) - -76, 13, -46, 0,
D/SensorHubManager(  829): SendSensorHubData: send data = -76, 13, -46, 0
D/Sensorhubs(  312): sendContextData: -76, 13, -46, 0
I/CAE     (  829): sendCmdToSensorHub(SensorHubCommManager.java:144) - -63, 14, 20, 25, 48,
D/SensorHubManager(  829): SendSensorHubData: send data = -63, 14, 20, 25, 48
D/Sensorhubs(  312): sendContextData: -63, 14, 20, 25, 48
V/CAE     (  829): onReceive(CaPowerManager.java:161)
D/STATUSBAR-NotificationService(  829): ACTION_SCREEN_OFF
D/LightsService(  829): [api] [SvcLED] turnOff:: id = 4 (uid: 1000 pid: 829) 
D/LightsService(  829): [SvcLED] setSvcLedStateLocked:: SvcLEDState : 0x0 -> 0x0 | SvcLED(id=4) set Off
D/LightsService(  829): [SvcLED] Lux failed to be updated in 700ms. -> handleForcedSvcLEDTasK
D/LightsService(  829): [SvcLED]  setSvcLedLightLocked :: Current SvcLED(id=3) maintains its priority right
V/AudioHardwareALSA(  307): setParameters() screen_state=off
I/SecExternalDisplayIntents_Java(  829): Intent Recieved ..  -android.intent.action.SCREEN_OFFBroadCast Map value - 18
D/SContextService(  829): 	.unregisterCallback : 2, client=
D/SContextService(  829): unregisterCallback() : Listener = android.hardware.scontext.SContextService$Listener@43bde380, Service = Flip Cover Action, used = 1
D/dalvikvm( 1937): GC_CONCURRENT freed 2014K, 33% free 17486K/26020K, paused 2ms+3ms, total 25ms
W/CAE     (  829): unregisterCallback(ContextAwareService.java:199) - [unregi 01] Mutex is locked for FLIP_COVER_ACTION
V/CAE     (  829): stop(ContextProvider.java:149)
D/dalvikvm( 1937): WAIT_FOR_CONCURRENT_GC blocked 15ms
V/CAE     (  829): clear(FlipCoverActionRunner.java:126)
V/CAE     (  829): disable(FlipCoverActionRunner.java:115)
I/CAE     (  829): sendCmdToSensorHub(SensorHubCommManager.java:144) - -78, 14, 0, 0,
D/SensorHubManager(  829): SendSensorHubData: send data = -78, 14, 0, 0
D/Sensorhubs(  312): sendContextData: -78, 14, 0, 0
D/CAE     (  829): getFaultDetectionResult(FlipCoverActionRunner.java:139) - true
I/CAE     (  829): notifyCmdProcessResultObserver(ContextProvider.java:617) - CheckResult = 0, Cause = Success
D/CAE     (  829): doCommendProcess(ContextAwareService.java:314) - complete notify the operation result.
I/CAE     (  829): displayUsedCountForService(ContextAwareService.java:406) - totalCnt = 0, serviceCount = 0, subCollectionCount = 0
D/CAE     (  829): showListenerList(ContextAwareService.java:247) - ===== Context Aware Service List =====
I/CAE     (  829): showListenerList(ContextAwareService.java:256) - Listener : android.hardware.contextaware.manager.ContextAwareService$Listener@43b3d618, Service : PEDOMETER(1)
W/CAE     (  829): unregisterCallback(ContextAwareService.java:234) - [unregi 02] Mutex is unlocked for FLIP_COVER_ACTION
D/SContextService(  829): removeSContextService() : service = Flip Cover Action
D/SContextService(  829): ===== SContext Service List =====
D/SContextService(  829): Listener : android.hardware.scontext.SContextService$Listener@43eb4098, Service : Pedometer
D/SContextManager(  829):   .unregisterListener : listener = android.hardware.motion.MotionRecognitionFlipCover$1@435c9550
D/IpRemoteDisplayController(  829): intent received android.intent.action.SCREEN_OFF
D/IpRemoteDisplayController(  829): Bridge Server is not available
D/PersonaManagerService(  829): ACTION_SCREEN_OFF onReceive
D/PersonaManagerServiceHandler(  829): MSG_ACTION_SCREEN_OFF called
D/NativeNfcBrcmPowerMode( 1397): setPowerMode; state=2
I/NfcService( 1397): applyRouting return - 2 
E/NfcService( 1397): callback == null
D/STATUSBAR-PhoneStatusBar( 1214):      ACTION_SCREEN_OFF is received!!!! 
D/STATUSBAR-PhoneStatusBar( 1214): makeExpandedInvisible
D/PhoneStatusBarView( 1214): marqueeStatusBar:18-2, mClearCover:0
D/STATUSBAR-PhoneStatusBar( 1214):      ACTION_SCREEN_OFF is finished!!!! 
D/STATUSBAR-IconMerger( 1214): checkOverflow(1512), More:false, Req:false Child:1
D/Launcher.Workspace( 1405): exitWidgetResizeMode State: NORMAL, newDragStarted: false
D/SViewCoverView( 1799): BroadcastReceiver onReceive() : action : android.intent.action.SCREEN_OFF
W/Settings( 1937): Setting airplane_mode_on has moved from android.provider.Settings.System to android.provider.Settings.Global, returning read-only value.
D/STATUSBAR-NetworkController( 1214): onSignalStrengthsChanged signalStrength=SignalStrength: 99 -1 -1 -1 -1 -1 -1 18 -115 2147483647 -62 -1 2147483647 gsm|lte 0x2 level=2
I/MDPP    (  829): Property: None
I/AutoBackupUtil( 4175): checkAutoBackupCondition returns : false
I/AutoBackupUtil( 4175): bChargerConnected : false
I/AutoBackupUtil( 4175): bWifiConnected : false
I/AutoBackupUtil( 4175): bScreenOn : false
D/SSRMv2:SIOP(  829): SIOP:: AP = 420 (0), Delta = 0
D/comdaemonstockapp( 3149): [Daemon_Stock]>>> DaemonService.java:46 [0:0] action : androidintentactionSCREEN_OFF
D/comdaemonstockapp( 3149): [Daemon_Stock]>>> Stockclock_DaemonService.java:63 [0:0] onReceive: daemonappstockclockSCREEN_OFF
D/comdaemonstockapp( 3149): [Daemon_Stock]>>> Stockclock_DaemonService.java:64 [0:0] appServiceStatus: 1
D/comdaemonstockapp( 3149): [Daemon_Stock]>>> Stockclock_DaemonService.java:65 [0:0] [AR]: 0
D/comdaemonstockapp( 3149): [Daemon_Stock]>>> Stockclock_DaemonService.java:66 [0:0] [AR]: Next time = 0
D/comdaemonstockapp( 3149): [Daemon_Stock]>>> Stockclock_DaemonService.java:120 [0:0] screen off, stop scroll
D/PowerManagerService(  829): [PWL] sb release: PowerManagerService.Broadcasts
E/Watchdog(  829): !@Sync 116
V/AlarmManager(  829): waitForAlarm result :4
D/KeyguardViewMediator( 1214): received DELAYED_KEYGUARD_ACTION with seq = 14, mDelayedShowingSequence = 14
I/MDPP    (  829): Property: None
D/KeyguardViewMediator( 1214): in doKeyguardLocked mIsRollUp false null
D/PersonaManager( 1214): isKioskContainerExistOnDevice
I/LSManager.Keyguard( 1214): LSM Lock state feature detection supposed to be here.
I/MDPP    (  829): Property: None
V/AlarmManager(  829): trigger ELAPSED_REALTIME_WAKEUP or RTC_WAKEUP
D/FactoryTest( 1214): User mode
D/KeyguardViewMediator( 1214): doKeyguard: showing the lock screen
D/KeyguardViewMediator( 1214): showLocked
D/KeyguardViewMediator( 1214): handleShow
D/PersonaManager( 1214): isKioskContainerExistOnDevice
D/KeyguardViewMediator( 1214): Kiosk container not exists on device or sim lock exists.
D/KeyguardViewManager( 1214): show(); mKeyguardView==null
D/LockPatternUtils( 1214): isPcwEnable = null
I/MDPP    (  829): Property: None
D/KeyguardViewManager( 1214): securityModel.getSecurityMode() : PIN
E/KeyguardHostView( 1214): KeyguardHostView()
V/KeyguardHostView( 1214): mIsMultipleLockOn is false
D/KeyguardHostView( 1214): mIsVoiceUnlockOn=false
V/KeyguardHostView( 1214): Initial transport state: 1, pbstate=0
I/MDPP    (  829): Property: None
D/LockPatternUtils( 1214): isPcwEnable = null
I/MDPP    (  829): Property: None
D/KeyguardHostView( 1214): mIsFMMEnabled = false, mIsCarrierLockEnabled = false, mIsCarrierLockPlusEnabled = false
D/KeyguardHostView( 1214): Found a appWidgetId that's not being used by keyguard, deleting id 117397
D/KeyguardHostView( 1214): enableCameraWidget : true, cameraWidgetType : 0
I/PowerManagerService(  829): [PWL] Off : 5s ago
I/PowerManagerService(  829): [PWL]   PowerManagerService.WakeLocks: ref count=1
I/PowerManagerService(  829): [PWL]     mWakeLockSummary : 0x1
I/PowerManagerService(  829): [PWL]       PARTIAL_WAKE_LOCK              'show keyguard' (uid=10018, pid=1214, ws=null) (elapsedTime=282)
D/KeyguardUpdateMonitor( 1214): dispatchSetBackground
D/KeyguardViewManager( 1214): onSetBackground()
D/KeyguardHostView( 1214): Show right-most page 0
I/MDPP    (  829): Property: None
D/LockPatternUtils( 1214): isPcwEnable = null
I/MDPP    (  829): Property: None
V/KeyguardHostView( 1214): showPrimarySecurityScreen(turningOff=false)
I/MDPP    ( 1214): Property: None
D/KeyguardHostView( 1214): showSecurityScreen(PIN)
V/KeyguardHostView( 1214): inflating id = 2130903075
W/ContextImpl( 1758): Implicit intents with startService are not safe: Intent { act=keyguardclock.action.startservice } android.content.ContextWrapper.startService:506 android.content.ContextWrapper.startService:506 com.sec.android.app.keyguard.KeyguardClockWidgetProvider.onReceive:106 
D/KeyguardClockWidgetProvider( 1758): onReceive action=android.appwidget.action.APPWIDGET_DELETED
V/KeyguardUpdateMonitor( 1214): *** register callback for com.android.keyguard.KeyguardMessageArea$2@4529e710
V/KeyguardUpdateMonitor( 1214): *** unregister callback for null
D/CMASMessage( 1214): [update] mShowingCMASText is false
D/CMASMessage( 1214): CMASIcon was GONE : 
D/CMASMessage( 1214): [update] mShowingCMASText is false
D/CMASMessage( 1214): CMASIcon was GONE : 
D/KeyguardClockWidgetProvider( 1758): onReceive action=android.appwidget.action.APPWIDGET_UPDATE
W/ContextImpl( 1758): Implicit intents with startService are not safe: Intent { act=keyguardclock.action.startservice } android.content.ContextWrapper.startService:506 android.content.ContextWrapper.startService:506 com.sec.android.app.keyguard.KeyguardClockWidgetProvider.onReceive:106 
D/KeyguardClockWidgetProvider( 1758): refreshSingleClock :{Home} Hour = 3, Min = 25
D/KeyguardClockWidgetProvider( 1758): desc Message = It is 3:25 PM
I/MDPP    (  829): Property: None
I/MDPP    (  829): Property: None
D/LockPatternUtils( 1214): isPcwEnable = null
D/EmergencyButton( 1214): enabled = true, :0 , phoneState :0
W/LicenseLogService(  829): log() failed
D/PasswordUnlockScreen( 1214): max failed attempt for device disable :0
D/PasswordUnlockScreen( 1214): isDeviceDisabledForMaxFailedAttempt return :false
W/LicenseLogService(  829): log() failed
D/PasswordUnlockScreen( 1214): max failed attempt for device disable :0
D/PasswordUnlockScreen( 1214): isDeviceDisabledForMaxFailedAttempt return :false
D/CMASMessage( 1214): [update] mShowingCMASText is false
D/CMASMessage( 1214): CMASIcon was GONE : 
D/KeyguardHostView( 1214): Cancel, seq = 39
D/KeyguardHostView( 1214): mKeyguardHelpOverlay : null
D/KeyguardHostView( 1214): AUTO_WIPE = false , IT Policy = false
E/LSO     ( 1214): LSO Service is not yet ready!!!
D/KeyguardHostView( 1214): Cancel, seq = 40
V/KeyguardUpdateMonitor( 1214): *** register callback for com.android.keyguard.KeyguardHostView$2@45bd7058
V/KeyguardUpdateMonitor( 1214): *** unregister callback for null
V/KeyguardHostView( 1214): music state changed: 0
D/KeyguardProperties( 1214): isIgnoreNationalRoaming() = false
V/KeyguardUpdateMonitor( 1214): *** register callback for com.android.keyguard.KeyguardWidgetFrame$1@45a43900
V/KeyguardUpdateMonitor( 1214): *** unregister callback for null
V/KeyguardUpdateMonitor( 1214): *** register callback for com.android.keyguard.CarrierText$1@45a208c0
V/KeyguardUpdateMonitor( 1214): *** unregister callback for null
V/KeyguardUpdateMonitor( 1214): *** register callback for com.android.keyguard.EmergencyButton$1@456aaa98
V/KeyguardUpdateMonitor( 1214): *** unregister callback for null
D/EmergencyButton( 1214): onPhoneStateChanged() : 0 , :READY
I/MDPP    (  829): Property: None
D/LockPatternUtils( 1214): isPcwEnable = null
D/EmergencyButton( 1214): enabled = true, :0 , phoneState :0
D/EmergencyButton( 1214): onSimStateChanged() : 0 , :READY
I/MDPP    (  829): Property: None
D/LockPatternUtils( 1214): isPcwEnable = null
D/EmergencyButton( 1214): enabled = true, :0 , phoneState :0
D/KeyguardWidgetPager( 1214): view is not default widget : android.appwidget.AppWidgetHostView{42c782b8 V.E..... R.....I. 0,0-0,0}
D/KeyguardWidgetPager( 1214): getUserActivityTimeout : 10000
D/KeyguardViewManager( 1214): Rotation sensor for lock screen Off!
V/KeyguardViewManager( 1214): show:setSystemUiVisibility(2200000)
I/KeyguardEffectViewMain( 1214): *** KeyguardEffectView getInstance ***
D/KeyguardHostView( 1214): show()
D/LockPatternUtils( 1214): isPcwEnable = null
I/MDPP    (  829): Property: None
V/KeyguardHostView( 1214): showPrimarySecurityScreen(turningOff=false)
I/MDPP    ( 1214): Property: None
D/KeyguardHostView( 1214): showSecurityScreen(PIN)
I/KeyguardEffectViewMain( 1214): *** KeyguardEffectView getInstance ***
I/MDPP    (  829): Property: None
D/KeyguardEffectViewMain( 1214): isZoomPanningEffectEnabled() isZoomPanningEffect = false, isPowerSavingMode = false
D/VisualEffectCircleUnlockEffect( 1214): KeyguardEffectViewNone : show
V/KeyguardUpdateMonitor( 1214): *** register callback for com.android.keyguard.sec.KeyguardEffectViewMain$2@42a0c948
V/KeyguardUpdateMonitor( 1214): *** unregister callback for null
I/MDPP    (  829): Property: None
I/MDPP    (  829): Property: None
I/MDPP    (  829): Property: None
D/KeyguardViewMediator( 1214): adjustStatusBarLocked: mShowing=true mHidden=false isSecure=true --> flags=0x1090000
I/Sally Service( 1900): removeWindow window
D/STATUSBAR-StatusBarManagerService(  829): manageDisableList what=0x1090000 pkg=com.android.keyguard
D/PowerManagerService(  829): [api] [s] userActivity : event: 3 flags: 0 (uid: 10018 pid: 1214) eventTime = 3510733
V/Scroll/Pause Worker(  829): onReceive: android.intent.action.CLOSE_SYSTEM_DIALOGS
I/Choreographer( 1214): Skipped 42 frames!  The application may be doing too much work on its main thread.
V/KeyguardDisplayManager( 1214): show
W/ContextImpl( 1758): Implicit intents with startService are not safe: Intent { act=keyguardclock.action.startservice } android.content.ContextWrapper.startService:506 android.content.ContextWrapper.startService:506 com.sec.android.app.keyguard.KeyguardClockWidgetProvider.onReceive:106 
D/KeyguardClockWidgetProvider( 1758): onReceive action=android.appwidget.action.APPWIDGET_UPDATE_OPTIONS
I/SurfaceFlinger(  303): id=145 createSurf (1920x1080),1 flag=4, Leyguard
I/SpenGestureManager(  829): setFocusWindow131000
V/WindowOrientationListener(  829): mSContextAutoRotationListener.getProposedRotation, mbResultFaceDectection: false
V/WindowOrientationListener(  829): mSContextAutoRotationListener.getProposedRotation, Rotation: -1
V/WindowOrientationListener(  829): mSContextAutoRotationListener.getProposedRotation, mbResultFaceDectection: false
V/WindowOrientationListener(  829): mSContextAutoRotationListener.getProposedRotation, Rotation: -1
V/WindowManager(  829): rotationForOrientationLw(orient=1, last=3); user=0  sensorRotation=-1 mLidState=-1 mDockMode=0 mHdmiPlugged=false mAccelerometerDefault=false gripRotationLock=false
D/STATUSBAR-StatusBarManagerService(  829): manageDisableList what=0x2600000 pkg=WindowManager.LayoutParams
D/SamsungWindowManager(  829): setRotationLw() : rotation=0
D/CustomFrequencyManagerService(  829): acquireDVFSLockLocked : type : DVFS_MIN_LIMIT  frequency : 1890000  uid : 1000  pid : 829  pkgName : ROTATION_BOOSTER@29
D/InputDispatcher(  829): setInputDispatchMode: enabled=0, frozen=1
I/SurfaceFlinger(  303): id=146 createSurf (1080x1920),2 flag=404, TcreenshotS
E/qdmemalloc(  303): heap_msk=3000000 flags=1
E/qdmemalloc(  303):  
D/SSRMv2:TSP:AirViewOnOff(  829): SettingsAirViewInfo:: 000000000
E/qdmemalloc(  303): heap_msk=40000000 flags=1
E/qdmemalloc(  303):  
D/PointerIcon(  829): setMouseIconStyle1 pointerType: 1001iconType:101 flag:0
D/PointerIcon(  829): setMouseCustomIcon IconType is same.101
D/PointerIcon(  829): setHoveringSpenIconStyle1 pointerType: 10001iconType:1 flag:0
D/PointerIcon(  829): setHoveringSpenCustomIcon IconType is same.1
D/WindowManager(  829): performLayoutAndPlaceSurfacesLocked called before config changed.
I/InputReader(  829): Reconfiguring input devices.  changes=0x00000004
I/InputReader(  829): Device reconfigured: id=9, name='sec_touchscreen', size 1080x1920, orientation 0, mode 1, display id 0
I/InputReader(  829): Reconfiguring input devices.  changes=0x00000004
D/PowerManagerService(  829): setKeyboardVisibility: false
I/ActivityManager(  829): Config changes=480 {0 0.93 310mcc260mnc en_US ldltr sw360dp w360dp h615dp 480dpi nrml long port finger -keyb/v/h -nav/h s.14}
D/WindowManager(  829): performLayoutAndPlaceSurfacesLocked called before config changed.
D/Mms/MmsApp(22667): [start]    onConfigurationChanged(),newConfig={0 0.93 310mcc260mnc en_US ldltr sw360dp w360dp h615dp 480dpi nrml long port finger -keyb/v/h -nav/h s.14}
D/Mms/MmsApp(22667): [end]    onConfigurationChanged(),newConfig={0 0.93 310mcc260mnc en_US ldltr sw360dp w360dp h615dp 480dpi nrml long port finger -keyb/v/h -nav/h s.14}
I/LiApplication(22485): On configuration changed in application.
I/SamsungIME( 1604): [Before] hardKeyboardHidden(2) keyboardType(1)
I/SamsungIME( 1604):          mHwKeyboardShown [isHWKeyboardOpen()] = false --> false
E/SamsungIME( 1604):          isHWKeyboardConnected() = false --> false
I/SamsungIME( 1604): [hasToCallSuper] true
D/SamsungIME( 1604): Dismiss ExpandCandiate
D/KeyguardUpdateMonitor( 1214): sendKeyguardVisibilityChanged(true)
D/CenterBarWindow( 1900): onConfigurationChanged point = Point(540, 960)
D/PhoneApp( 1393): - isCoverClosed : false
D/PhoneApp( 1393): updateProximitySensorMode: lock already released.
E/qdmemalloc(  303): heap_msk=3000000 flags=1
E/qdmemalloc(  303):  
E/qdmemalloc(  303): heap_msk=40000000 flags=1
E/qdmemalloc(  303):  
D/KeyguardUpdateMonitor( 1214): sendKeyguardVisibilityChanged(true)
D/KeyguardUpdateMonitor( 1214): sendKeyguardVisibilityChanged(true)
W/Settings( 1393): Setting airplane_mode_on has moved from android.provider.Settings.System to android.provider.Settings.Global, returning read-only value.
D/ContextImpl( 1393): APN is changed by Pid:829
D/ContextImpl( 1393): APN is changed by Uid:1000
D/KeyguardHostView( 1214): onSaveInstanceState, tstate=1
W/IInputConnectionWrapper( 5418): showStatusIcon on inactive InputConnection
V/KeyguardUpdateMonitor( 1214): *** unregister callback for com.android.keyguard.KeyguardWidgetFrame$1@45a43900
V/KeyguardUpdateMonitor( 1214): *** unregister callback for com.android.keyguard.CarrierText$1@45a208c0
V/KeyguardUpdateMonitor( 1214): *** unregister callback for com.android.keyguard.EmergencyButton$1@456aaa98
D/KeyguardUpdateMonitor( 1214): sendKeyguardVisibilityChanged(true)
E/SmartFaceService(  829): onReceive: android.intent.action.CONFIGURATION_CHANGED
E/SmartFaceService(  829): mFolderCoverOpened: (true, true) -> true
D/SViewCoverView( 1799): BroadcastReceiver onReceive() : action : android.intent.action.CONFIGURATION_CHANGED
D/SViewCoverWidget( 1799): initClock() : TimeZone =libcore.util.ZoneInfo[id="America/Chicago",mRawOffset=-21600000,mEarliestRawOffset=-21600000,mUseDst=true,mDstSavings=3600000,transitions=235]
V/SmartFaceService - 3rd party pause(  829): onReceive [android.intent.action.ACTIVITY_STATE/com.google.android.googlequicksearchbox/recreate]
E/Tethering(  829): Dun type is exist
E/IPPhoneSettings( 1393): getString(PREFERRED_OPTION) = 2
W/Settings(  829): Setting tether_dun_required has moved from android.provider.Settings.System to android.provider.Settings.Global
V/KeyguardUpdateMonitor( 1214): *** unregister callback for com.android.keyguard.KeyguardHostView$2@45bd7058
E/Tethering(  829): Set dun requiered as 1
D/LockPatternUtils( 1214): isPcwEnable = null
I/MDPP    (  829): Property: None
D/KeyguardViewManager( 1214): securityModel.getSecurityMode() : PIN
E/KeyguardHostView( 1214): KeyguardHostView()
E/IPPhoneSettings( 1393): getString(CELL_ONLY) = 1
V/KeyguardHostView( 1214): mIsMultipleLockOn is false
D/KeyguardHostView( 1214): mIsVoiceUnlockOn=false
V/KeyguardHostView( 1214): Initial transport state: 1, pbstate=0
D/KeyguardUpdateMonitor( 1214): sendKeyguardVisibilityChanged(true)
D/KeyguardUpdateMonitor( 1214): sendKeyguardVisibilityChanged(true)
I/SurfaceFlinger(  303): id=139 Removed WelvetActiv (10/15)
I/SurfaceFlinger(  303): id=139 Removed WelvetActiv (-2/15)
I/MDPP    (  829): Property: None
D/KeyguardUpdateMonitor( 1214): sendKeyguardVisibilityChanged(true)
D/LockPatternUtils( 1214): isPcwEnable = null
I/MDPP    (  829): Property: None
D/KeyguardHostView( 1214): mIsFMMEnabled = false, mIsCarrierLockEnabled = false, mIsCarrierLockPlusEnabled = false
D/KeyguardHostView( 1214): Found a appWidgetId that's not being used by keyguard, deleting id 117398
D/KeyguardHostView( 1214): enableCameraWidget : true, cameraWidgetType : 0
W/SurfaceFlinger(  303): couldn't log to binary event log: overflow.
E/EDNowProgressWrapper( 5418): Due to dex load issue, we are falling back to to the old progress bar.
W/ContextImpl( 1758): Implicit intents with startService are not safe: Intent { act=keyguardclock.action.startservice } android.content.ContextWrapper.startService:506 android.content.ContextWrapper.startService:506 com.sec.android.app.keyguard.KeyguardClockWidgetProvider.onReceive:106 
D/StatusBarManagerService(  829): tr p:5418,o:f
D/KeyguardClockWidgetProvider( 1758): onReceive action=android.appwidget.action.APPWIDGET_DELETED
D/KeyguardClockWidgetProvider( 1758): onReceive action=android.appwidget.action.APPWIDGET_UPDATE
D/Activity( 5418): #1 setTransGradationModeColor false
E/VelvetPresenter( 5418): Can't get current voice action.
W/ErrorReporter( 5418): reportError [type: 29, code: 917507]: null
W/ContextImpl( 1758): Implicit intents with startService are not safe: Intent { act=keyguardclock.action.startservice } android.content.ContextWrapper.startService:506 android.content.ContextWrapper.startService:506 com.sec.android.app.keyguard.KeyguardClockWidgetProvider.onReceive:106 
D/StatusBarManagerService(  829): semi p:5418,o:f
D/KeyguardUpdateMonitor( 1214): dispatchSetBackground
D/KeyguardViewManager( 1214): onSetBackground()
D/KeyguardHostView( 1214): Show right-most page 0
I/MDPP    (  829): Property: None
D/LockPatternUtils( 1214): isPcwEnable = null
I/AudioService(  829): getStreamVolume 3 index 150
D/KeyguardClockWidgetProvider( 1758): refreshSingleClock :{Home} Hour = 3, Min = 25
D/KeyguardClockWidgetProvider( 1758): desc Message = It is 3:25 PM
I/MDPP    (  829): Property: None
V/KeyguardHostView( 1214): showPrimarySecurityScreen(turningOff=false)
I/MDPP    ( 1214): Property: None
D/KeyguardHostView( 1214): showSecurityScreen(PIN)
V/KeyguardHostView( 1214): inflating id = 2130903075
I/MDPP    (  829): Property: None
V/KeyguardUpdateMonitor( 1214): *** register callback for com.android.keyguard.KeyguardMessageArea$2@454a9c88
V/KeyguardUpdateMonitor( 1214): *** unregister callback for null
D/CMASMessage( 1214): [update] mShowingCMASText is false
D/CMASMessage( 1214): CMASIcon was GONE : 
D/CMASMessage( 1214): [update] mShowingCMASText is false
D/CMASMessage( 1214): CMASIcon was GONE : 
I/SurfaceFlinger(  303): id=147 createSurf (1x1),1 flag=404, WelvetActiv
D/KeyguardUpdateMonitor( 1214): sendKeyguardVisibilityChanged(true)
D/KeyguardUpdateMonitor( 1214): sendKeyguardVisibilityChanged(true)
I/MDPP    (  829): Property: None
I/MDPP    (  829): Property: None
D/LockPatternUtils( 1214): isPcwEnable = null
E/qdmemalloc(  303): heap_msk=3000000 flags=1
E/qdmemalloc(  303):  
D/EmergencyButton( 1214): enabled = true, :0 , phoneState :0
W/LicenseLogService(  829): log() failed
E/qdmemalloc(  303): heap_msk=40000000 flags=1
E/qdmemalloc(  303):  
D/PasswordUnlockScreen( 1214): max failed attempt for device disable :0
D/PasswordUnlockScreen( 1214): isDeviceDisabledForMaxFailedAttempt return :false
D/KeyguardUpdateMonitor( 1214): sendKeyguardVisibilityChanged(true)
W/LicenseLogService(  829): log() failed
D/PasswordUnlockScreen( 1214): max failed attempt for device disable :0
D/PasswordUnlockScreen( 1214): isDeviceDisabledForMaxFailedAttempt return :false
D/CMASMessage( 1214): [update] mShowingCMASText is false
D/CMASMessage( 1214): CMASIcon was GONE : 
D/KeyguardHostView( 1214): Cancel, seq = 41
D/KeyguardHostView( 1214): mKeyguardHelpOverlay : null
D/KeyguardHostView( 1214): AUTO_WIPE = false , IT Policy = false
E/LSO     ( 1214): LSO Service is not yet ready!!!
D/KeyguardHostView( 1214): Cancel, seq = 42
V/KeyguardUpdateMonitor( 1214): *** register callback for com.android.keyguard.KeyguardHostView$2@45c33278
V/KeyguardUpdateMonitor( 1214): *** unregister callback for null
V/KeyguardHostView( 1214): music state changed: 0
D/KeyguardUpdateMonitor( 1214): sendKeyguardVisibilityChanged(true)
D/KeyguardProperties( 1214): isIgnoreNationalRoaming() = false
V/KeyguardUpdateMonitor( 1214): *** register callback for com.android.keyguard.KeyguardWidgetFrame$1@453f6fc0
V/KeyguardUpdateMonitor( 1214): *** unregister callback for null
V/KeyguardUpdateMonitor( 1214): *** register callback for com.android.keyguard.CarrierText$1@45948878
V/KeyguardUpdateMonitor( 1214): *** unregister callback for null
V/KeyguardUpdateMonitor( 1214): *** register callback for com.android.keyguard.EmergencyButton$1@45949fa0
V/KeyguardUpdateMonitor( 1214): *** unregister callback for null
D/EmergencyButton( 1214): onPhoneStateChanged() : 0 , :READY
I/MDPP    (  829): Property: None
D/LockPatternUtils( 1214): isPcwEnable = null
D/EmergencyButton( 1214): enabled = true, :0 , phoneState :0
D/EmergencyButton( 1214): onSimStateChanged() : 0 , :READY
I/MDPP    (  829): Property: None
I/AudioService(  829): getStreamVolume 3 index 150
D/LockPatternUtils( 1214): isPcwEnable = null
D/EmergencyButton( 1214): enabled = true, :0 , phoneState :0
D/KeyguardWidgetPager( 1214): view is not default widget : android.appwidget.AppWidgetHostView{455bfff8 V.E..... R.....I. 0,0-0,0}
D/KeyguardWidgetPager( 1214): getUserActivityTimeout : 10000
D/KeyguardHostView( 1214): onRestoreInstanceState, transport=1
D/KeyguardUpdateMonitor( 1214): dispatchSetBackground
D/KeyguardViewManager( 1214): onSetBackground()
D/KeyguardHostView( 1214): Show right-most page 0
D/PowerManagerService(  829): [api] [s] userActivity : event: 3 flags: 0 (uid: 10018 pid: 1214) eventTime = 3511169
D/PowerManagerService(  829): [api] [s] userActivity : event: 3 flags: 0 (uid: 10018 pid: 1214) eventTime = 3511171
D/KeyguardClockWidgetProvider( 1758): onReceive action=android.appwidget.action.APPWIDGET_UPDATE_OPTIONS
W/ContextImpl( 1758): Implicit intents with startService are not safe: Intent { act=keyguardclock.action.startservice } android.content.ContextWrapper.startService:506 android.content.ContextWrapper.startService:506 com.sec.android.app.keyguard.KeyguardClockWidgetProvider.onReceive:106 
W/View    ( 1214): requestLayout() improperly called by android.widget.TextView{45585b40 V.ED.... ......ID 432,104-541,204 #7f0b002e app:id/ampm} during layout: running second layout pass
W/View    ( 1214): requestLayout() improperly called by android.widget.TextView{45587418 VFED.... ......ID 0,0-436,68 #7f0b002f app:id/date} during layout: running second layout pass
W/View    ( 1214): requestLayout() improperly called by android.widget.TextView{45c366f8 VFED.... ..S...ID 0,0-0,68 #7f0b0057 app:id/owner_info_text} during layout: running second layout pass
D/KeyguardClockWidgetProvider( 1758): onReceive action=android.appwidget.action.APPWIDGET_UPDATE_OPTIONS
W/ContextImpl( 1758): Implicit intents with startService are not safe: Intent { act=keyguardclock.action.startservice } android.content.ContextWrapper.startService:506 android.content.ContextWrapper.startService:506 com.sec.android.app.keyguard.KeyguardClockWidgetProvider.onReceive:106 
D/PhoneStatusBar( 1214): disable: < EXPAND* icons alerts TICKER* system_info BACK* HOME* RECENT* clock SEARCH* >
D/KeyguardHostView( 1214): Window is focused
D/KeyguardHostView( 1214): isPreloadedWallpaper=true
W/LicenseLogService(  829): log() failed
D/STATUSBAR-AirplaneModeQuickSettingButton( 1214): onReceive : android.intent.action.CLOSE_SYSTEM_DIALOGS
D/PhoneStatusBar( 1214): disable(): knoxCustomManager = android.app.enterprise.knoxcustom.KnoxCustomManager@42a97268
D/KeyguardClockWidgetService( 1758): onReceive action=com.sec.android.widgetapp.KeyguardClock_Start
D/StatusBarManagerService(  829): tr p:1214,o:t
D/PowerManagerService(  829): [api] [s] userActivity : event: 3 flags: 0 (uid: 10018 pid: 1214) eventTime = 3511227
D/PowerManagerService(  829): [api] [s] userActivity : event: 3 flags: 0 (uid: 10018 pid: 1214) eventTime = 3511228
D/PasswordUnlockScreen( 1214): max failed attempt for device disable :0
D/PasswordUnlockScreen( 1214): isDeviceDisabledForMaxFailedAttempt return :false
D/CMASMessage( 1214): [update] mShowingCMASText is false
D/CMASMessage( 1214): CMASIcon was GONE : 
D/PhoneStatusBar( 1214): mSettingsPanelGravity = 55
D/KeyguardUpdateMonitor( 1214): handleKeyguardVisibilityChanged(1)
D/KeyguardHostView( 1214): onSaveInstanceState, tstate=1
D/AbsListView( 5418): Get MotionRecognitionManager
D/KeyguardClockWidgetProvider( 1758): refreshSingleClock :{Home} Hour = 3, Min = 25
D/KeyguardClockWidgetProvider( 1758): desc Message = It is 3:25 PM
D/PhoneStatusBarView( 1214): marqueeStatusBar:18-3, mClearCover:0
D/MotionRecognitionService(  829):  ssp status : true
I/MDPP    (  829): Property: None
V/KeyguardUpdateMonitor( 1214): *** unregister callback for com.android.keyguard.KeyguardWidgetFrame$1@453f6fc0
V/KeyguardUpdateMonitor( 1214): *** unregister callback for com.android.keyguard.CarrierText$1@45948878
V/KeyguardUpdateMonitor( 1214): *** unregister callback for com.android.keyguard.EmergencyButton$1@45949fa0
V/KeyguardUpdateMonitor( 1214): *** unregister callback for com.android.keyguard.KeyguardHostView$2@45c33278
D/LockPatternUtils( 1214): isPcwEnable = null
I/MDPP    (  829): Property: None
D/KeyguardViewManager( 1214): securityModel.getSecurityMode() : PIN
E/KeyguardHostView( 1214): KeyguardHostView()
V/KeyguardHostView( 1214): mIsMultipleLockOn is false
D/KeyguardHostView( 1214): mIsVoiceUnlockOn=false
V/KeyguardHostView( 1214): Initial transport state: 1, pbstate=0
I/KeyguardEffectViewMain( 1214): *** KeyguardEffectView getInstance ***
D/LockPatternUtils( 1214): isPcwEnable = null
I/MDPP    (  829): Property: None
D/KeyguardHelpOverlay( 1214): mChecked : 2
I/MDPP    (  829): Property: None
D/LockPatternUtils( 1214): isPcwEnable = null
I/MDPP    (  829): Property: None
D/KeyguardHostView( 1214): mIsFMMEnabled = false, mIsCarrierLockEnabled = false, mIsCarrierLockPlusEnabled = false
D/KeyguardHostView( 1214): Found a appWidgetId that's not being used by keyguard, deleting id 117399
D/KeyguardHostView( 1214): enableCameraWidget : true, cameraWidgetType : 0
D/KeyguardClockWidgetProvider( 1758): onReceive action=android.appwidget.action.APPWIDGET_DELETED
W/ContextImpl( 1758): Implicit intents with startService are not safe: Intent { act=keyguardclock.action.startservice } android.content.ContextWrapper.startService:506 android.content.ContextWrapper.startService:506 com.sec.android.app.keyguard.KeyguardClockWidgetProvider.onReceive:106 
D/KeyguardClockWidgetProvider( 1758): onReceive action=android.appwidget.action.APPWIDGET_UPDATE
W/ContextImpl( 1758): Implicit intents with startService are not safe: Intent { act=keyguardclock.action.startservice } android.content.ContextWrapper.startService:506 android.content.ContextWrapper.startService:506 com.sec.android.app.keyguard.KeyguardClockWidgetProvider.onReceive:106 
D/KeyguardUpdateMonitor( 1214): dispatchSetBackground
D/KeyguardViewManager( 1214): onSetBackground()
D/KeyguardHostView( 1214): Show right-most page 0
I/MDPP    (  829): Property: None
D/LockPatternUtils( 1214): isPcwEnable = null
D/KeyguardClockWidgetProvider( 1758): refreshSingleClock :{Home} Hour = 3, Min = 25
D/KeyguardClockWidgetProvider( 1758): desc Message = It is 3:25 PM
I/MDPP    (  829): Property: None
I/MDPP    (  829): Property: None
V/KeyguardHostView( 1214): showPrimarySecurityScreen(turningOff=false)
I/MDPP    ( 1214): Property: None
D/KeyguardHostView( 1214): showSecurityScreen(PIN)
V/KeyguardHostView( 1214): inflating id = 2130903075
V/KeyguardUpdateMonitor( 1214): *** register callback for com.android.keyguard.KeyguardMessageArea$2@4559b9b0
V/KeyguardUpdateMonitor( 1214): *** unregister callback for null
D/CMASMessage( 1214): [update] mShowingCMASText is false
D/CMASMessage( 1214): CMASIcon was GONE : 
D/CMASMessage( 1214): [update] mShowingCMASText is false
D/CMASMessage( 1214): CMASIcon was GONE : 
I/MDPP    (  829): Property: None
D/LockPatternUtils( 1214): isPcwEnable = null
D/EmergencyButton( 1214): enabled = true, :0 , phoneState :0
W/LicenseLogService(  829): log() failed
D/PasswordUnlockScreen( 1214): max failed attempt for device disable :0
D/PasswordUnlockScreen( 1214): isDeviceDisabledForMaxFailedAttempt return :false
W/LicenseLogService(  829): log() failed
D/PasswordUnlockScreen( 1214): max failed attempt for device disable :0
D/PasswordUnlockScreen( 1214): isDeviceDisabledForMaxFailedAttempt return :false
D/CMASMessage( 1214): [update] mShowingCMASText is false
D/CMASMessage( 1214): CMASIcon was GONE : 
D/KeyguardHostView( 1214): Cancel, seq = 43
D/dalvikvm( 5418): GC_FOR_ALLOC freed 1905K, 30% free 40918K/58120K, paused 69ms, total 70ms
D/KeyguardHostView( 1214): mKeyguardHelpOverlay : com.android.keyguard.sec.KeyguardHelpOverlay{453dae00 G.E..... ......I. 0,0-0,0 #7f0b002a app:id/help_layout}
D/KeyguardHostView( 1214): AUTO_WIPE = false , IT Policy = false
E/LSO     ( 1214): LSO Service is not yet ready!!!
D/KeyguardHostView( 1214): Cancel, seq = 44
V/KeyguardUpdateMonitor( 1214): *** register callback for com.android.keyguard.KeyguardHostView$2@456e7aa8
V/KeyguardUpdateMonitor( 1214): *** unregister callback for null
V/KeyguardHostView( 1214): music state changed: 0
D/KeyguardProperties( 1214): isIgnoreNationalRoaming() = false
V/KeyguardUpdateMonitor( 1214): *** register callback for com.android.keyguard.KeyguardWidgetFrame$1@456b6b30
V/KeyguardUpdateMonitor( 1214): *** unregister callback for null
V/KeyguardUpdateMonitor( 1214): *** register callback for com.android.keyguard.CarrierText$1@4566bc68
V/KeyguardUpdateMonitor( 1214): *** unregister callback for null
V/KeyguardUpdateMonitor( 1214): *** register callback for com.android.keyguard.EmergencyButton$1@4566d350
V/KeyguardUpdateMonitor( 1214): *** unregister callback for null
D/EmergencyButton( 1214): onPhoneStateChanged() : 0 , :READY
I/MDPP    (  829): Property: None
D/LockPatternUtils( 1214): isPcwEnable = null
D/EmergencyButton( 1214): enabled = true, :0 , phoneState :0
D/EmergencyButton( 1214): onSimStateChanged() : 0 , :READY
I/MDPP    (  829): Property: None
D/LockPatternUtils( 1214): isPcwEnable = null
D/EmergencyButton( 1214): enabled = true, :0 , phoneState :0
D/KeyguardWidgetPager( 1214): view is not default widget : android.appwidget.AppWidgetHostView{456b4f40 V.E..... R.....I. 0,0-0,0}
D/KeyguardWidgetPager( 1214): getUserActivityTimeout : 10000
D/KeyguardHostView( 1214): onRestoreInstanceState, transport=1
D/KeyguardUpdateMonitor( 1214): dispatchSetBackground
D/KeyguardViewManager( 1214): onSetBackground()
D/KeyguardHostView( 1214): Show right-most page 0
D/PowerManagerService(  829): [api] [s] userActivity : event: 3 flags: 0 (uid: 10018 pid: 1214) eventTime = 3511429
I/DownloadExpConfigTask( 5418): Experiment config has not changed.
D/PowerManagerService(  829): [api] [s] userActivity : event: 3 flags: 0 (uid: 10018 pid: 1214) eventTime = 3511430
D/STATUSBAR-QuickSettingPanel( 1214): setSingleLine:true
D/STATUSBAR-QuickSettingPanel( 1214): updateButtonInfo mButtonWidth : 213 mColumnNumber:5 orien: 1
D/STATUSBAR-QuickSettingPanel( 1214): onConfigurationChanged - dynamicallyReduceTextSize
D/STATUSBAR-QuickSettingButton( 1214): dynamicallyReduceTextSize: 213
D/STATUSBAR-QuickSettingButton( 1214): dynamicallyReduceTextSize: 213
D/STATUSBAR-QuickSettingButton( 1214): dynamicallyReduceTextSize: 213
D/STATUSBAR-QuickSettingButton( 1214): dynamicallyReduceTextSize: 213
D/STATUSBAR-QuickSettingButton( 1214): dynamicallyReduceTextSize: 213
D/STATUSBAR-QuickSettingButton( 1214): dynamicallyReduceTextSize: 213
D/STATUSBAR-QuickSettingButton( 1214): dynamicallyReduceTextSize: 213
D/STATUSBAR-QuickSettingButton( 1214): dynamicallyReduceTextSize: 213
D/KeyguardUpdateMonitor( 1214): handleKeyguardVisibilityChanged(1)
D/KeyguardUpdateMonitor( 1214): handleKeyguardVisibilityChanged(1)
D/STATUSBAR-QuickSettingButton( 1214): dynamicallyReduceTextSize: 213
D/STATUSBAR-QuickSettingButton( 1214): dynamicallyReduceTextSize: 213
D/STATUSBAR-QuickSettingButton( 1214): dynamicallyReduceTextSize: 213
D/STATUSBAR-QuickSettingButton( 1214): dynamicallyReduceTextSize: 213
D/STATUSBAR-QuickSettingButton( 1214): dynamicallyReduceTextSize: 213
D/STATUSBAR-QuickSettingButton( 1214): dynamicallyReduceTextSize: 213
D/STATUSBAR-QuickSettingButton( 1214): dynamicallyReduceTextSize: 213
D/STATUSBAR-QuickSettingButton( 1214): dynamicallyReduceTextSize: 213
D/STATUSBAR-QuickSettingButton( 1214): dynamicallyReduceTextSize: 213
D/STATUSBAR-QuickSettingButton( 1214): dynamicallyReduceTextSize: 213
D/STATUSBAR-QuickSettingButton( 1214): dynamicallyReduceTextSize: 213
D/STATUSBAR-QuickSettingButton( 1214): dynamicallyReduceTextSize: 213
D/STATUSBAR-NetworkController( 1214): onReceive() - ACTION_CONFIGURATION_CHANGED
D/KeyguardUpdateMonitor( 1214): handleKeyguardVisibilityChanged(1)
D/KeyguardUpdateMonitor( 1214): sendKeyguardVisibilityChanged(true)
D/KeyguardClockWidgetProvider( 1758): onReceive action=android.appwidget.action.APPWIDGET_UPDATE_OPTIONS
W/View    ( 1214): requestLayout() improperly called by android.widget.TextView{454861f0 V.ED.... ......ID 432,104-541,204 #7f0b002e app:id/ampm} during layout: running second layout pass
W/View    ( 1214): requestLayout() improperly called by android.widget.TextView{45487ac8 VFED.... ......ID 0,0-436,68 #7f0b002f app:id/date} during layout: running second layout pass
W/View    ( 1214): requestLayout() improperly called by android.widget.TextView{454c29a0 VFED.... ..S...ID 0,0-0,68 #7f0b0057 app:id/owner_info_text} during layout: running second layout pass
W/ContextImpl( 1758): Implicit intents with startService are not safe: Intent { act=keyguardclock.action.startservice } android.content.ContextWrapper.startService:506 android.content.ContextWrapper.startService:506 com.sec.android.app.keyguard.KeyguardClockWidgetProvider.onReceive:106 
E/qdmemalloc(  303): heap_msk=3000000 flags=1
E/qdmemalloc(  303):  
E/qdmemalloc(  303): heap_msk=40000000 flags=1
E/qdmemalloc(  303):  
D/KeyguardUpdateMonitor( 1214): sendKeyguardVisibilityChanged(true)
D/KeyguardUpdateMonitor( 1214): sendKeyguardVisibilityChanged(true)
D/STATUSBAR-IconMerger( 1214): checkOverflow(648), More:false, Req:false Child:1
E/qdmemalloc(  303): heap_msk=3000000 flags=1
E/qdmemalloc(  303):  
E/qdmemalloc(  303): heap_msk=40000000 flags=1
E/qdmemalloc(  303):  
D/KeyguardUpdateMonitor( 1214): handleKeyguardVisibilityChanged(1)
D/KeyguardUpdateMonitor( 1214): handleKeyguardVisibilityChanged(1)
D/KeyguardUpdateMonitor( 1214): handleKeyguardVisibilityChanged(1)
D/PhoneStatusBar( 1214): setSemiTransparentMode=false, mTransparentMode=false, mSemiTransparentMode=false, mMultiWindowMode=false
D/KeyguardUpdateMonitor( 1214): handleKeyguardVisibilityChanged(1)
D/KeyguardUpdateMonitor( 1214): handleKeyguardVisibilityChanged(1)
D/KeyguardUpdateMonitor( 1214): handleKeyguardVisibilityChanged(1)
D/KeyguardUpdateMonitor( 1214): handleKeyguardVisibilityChanged(1)
D/KeyguardUpdateMonitor( 1214): sendKeyguardVisibilityChanged(true)
D/PhoneStatusBar( 1214): setTransGradationMode=true, mTransparentMode=true, mSemiTransparentMode=false, mMultiWindowMode=false
D/KeyguardUpdateMonitor( 1214): handleKeyguardVisibilityChanged(1)
D/KeyguardViewMediator( 1214): handleKeyguardDoneDrawing
D/KeyguardUpdateMonitor( 1214): handleKeyguardVisibilityChanged(1)
D/KeyguardUpdateMonitor( 1214): sendKeyguardVisibilityChanged(true)
D/KeyguardUpdateMonitor( 1214): handleKeyguardVisibilityChanged(1)
D/KeyguardUpdateMonitor( 1214): handleKeyguardVisibilityChanged(1)
D/KeyguardUpdateMonitor( 1214): handleKeyguardVisibilityChanged(1)
I/WindowManager(  829): Screen frozen for +735ms due to Window{42ad4f90 u0 StatusBar}
I/SurfaceFlinger(  303): id=148 createSurf (3840x1080),-1 flag=20004, ClackSurfac
I/SurfaceFlinger(  303): id=149 createSurf (1920x2160),-1 flag=20004, ClackSurfac
I/SurfaceFlinger(  303): id=150 createSurf (3840x1080),-1 flag=20004, ClackSurfac
I/SurfaceFlinger(  303): id=151 createSurf (1920x2160),-1 flag=20004, ClackSurfac
D/InputDispatcher(  829): setInputDispatchMode: enabled=0, frozen=0
D/PowerManagerService(  829): [api] setUserActivityTimeoutOverrideFromWindowManagerInternal: timeoutMillis: 10000
D/PowerManagerService(  829): [api] setScreenDimDurationOverrideFromWindowManagerInternal: timeoutMillis: 0
D/PowerManagerService(  829): [api] setButtonTimeoutOverrideFromWindowManagerInternal: timeoutMillis: 10000
I/SurfaceFlinger(  303): id=146 Removed TcreenshotS (14/19)
I/SurfaceFlinger(  303): id=148 Removed ClackSurfac (14/18)
